info: Downloading blst library...
warning: profiles for the non root package will be ignored, specify profiles at the workspace root:
package:   /Users/williamcory/guillotine-0/src/compilers/Cargo.toml
workspace: /Users/williamcory/guillotine-0/Cargo.toml
warning: profiles for the non root package will be ignored, specify profiles at the workspace root:
package:   /Users/williamcory/guillotine-0/src/revm_wrapper/Cargo.toml
workspace: /Users/williamcory/guillotine-0/Cargo.toml
warning: /Users/williamcory/guillotine-0/src/revm_wrapper/Cargo.toml: `panic` setting is ignored for `bench` profile
       Fresh unicode-ident v1.0.18
       Fresh version_check v0.9.5
       Fresh subtle v2.6.1
       Fresh autocfg v1.5.0
       Fresh const-oid v0.9.6
       Fresh shlex v1.3.0
       Fresh base16ct v0.2.0
       Fresh bytes v1.10.1
       Fresh proc-macro2 v1.0.95
       Fresh cc v1.2.29
       Fresh unicode-xid v0.2.6
       Fresh foldhash v0.1.5
       Fresh ruint-macro v1.2.1
       Fresh const-hex v1.14.1
       Fresh quote v1.0.40
       Fresh typenum v1.18.0
       Fresh libc v0.2.174
       Fresh crunchy v0.2.4
       Fresh hashbrown v0.15.4
       Fresh paste v1.0.15
       Fresh tap v1.0.1
       Fresh syn v2.0.104
       Fresh getrandom v0.2.16
       Fresh num-traits v0.2.19
       Fresh cpufeatures v0.2.17
       Fresh num_cpus v1.17.0
       Fresh tiny-keccak v2.0.2
       Fresh hex v0.4.3
       Fresh wyz v0.5.1
       Fresh radium v0.7.0
       Fresh errno v0.3.13
       Fresh zeroize_derive v1.4.2
       Fresh rand_core v0.6.4
       Fresh alloy-rlp-derive v0.3.12
       Fresh derive_more-impl v2.0.1
       Fresh num-integer v0.1.46
       Fresh serde_derive v1.0.219
       Fresh threadpool v1.8.1
       Fresh funty v2.0.0
       Fresh cfg-if v1.0.1
       Fresh os_str_bytes v6.6.1
       Fresh zeroize v1.8.1
       Fresh ff v0.13.1
       Fresh alloy-rlp v0.3.12
       Fresh derive_more v2.0.1
       Fresh num-bigint v0.4.6
       Fresh serde v1.0.219
       Fresh hashbrown v0.12.3
       Fresh clap_lex v0.2.4
       Fresh num-iter v0.1.45
       Fresh rand v0.8.5
       Fresh getrandom v0.3.3
       Fresh bitvec v1.0.1
       Fresh rustix v1.0.7
       Fresh auto_impl v1.3.0
       Fresh generic-array v0.14.7
       Fresh der v0.7.10
       Fresh group v0.13.0
       Fresh ruint v1.15.0
       Fresh blst v0.3.15
       Fresh num-rational v0.4.2
       Fresh indexmap v1.9.3
       Fresh num-complex v0.4.6
       Fresh enumn v0.1.14
       Fresh atty v0.2.14
       Fresh strsim v0.10.0
       Fresh ryu v1.0.20
       Fresh termcolor v1.4.1
       Fresh fastrand v2.3.0
       Fresh once_cell v1.21.3
       Fresh crypto-common v0.1.6
       Fresh block-buffer v0.10.4
       Fresh crypto-bigint v0.5.5
       Fresh sec1 v0.7.3
       Fresh spki v0.7.3
       Fresh c-kzg v1.0.3
       Fresh itoa v1.0.15
       Fresh memchr v2.7.5
       Fresh dyn-clone v1.0.19
       Fresh bitflags v2.9.1
       Fresh textwrap v0.16.2
       Fresh bitflags v1.3.2
       Fresh spin v0.9.8
       Fresh num v0.4.3
       Fresh secp256k1-sys v0.10.1
       Fresh digest v0.10.7
       Fresh lazy_static v1.5.0
       Fresh clap v3.2.25
       Fresh serde_json v1.0.140
       Fresh tempfile v3.20.0
       Fresh toml v0.5.11
       Fresh syn v1.0.109
       Fresh heck v0.4.1
       Fresh byteorder v1.5.0
       Fresh rustc-hex v2.1.0
       Fresh log v0.4.27
       Fresh secp256k1 v0.29.1
       Fresh aurora-engine-modexp v1.2.0
       Fresh hmac v0.12.1
       Fresh elliptic-curve v0.13.8
       Fresh signature v2.2.0
       Fresh sha2 v0.10.9
       Fresh ripemd v0.1.3
       Fresh cbindgen v0.24.5
       Fresh substrate-bn v0.6.0
       Fresh rfc6979 v0.4.0
       Fresh ecdsa v0.16.9
       Fresh k256 v0.13.4
       Fresh alloy-primitives v0.8.25
       Fresh alloy-eip7702 v0.1.1
       Fresh alloy-eip2930 v0.1.0
       Fresh revm-primitives v10.0.0
       Fresh revm-precompile v11.0.3
       Fresh revm-interpreter v10.0.3
       Fresh revm v14.0.3
       Fresh revm_wrapper v0.1.0 (/Users/williamcory/guillotine-0/src/revm_wrapper)
warning: unused imports: `B256`, `InMemoryDB`, and `address`
 --> src/revm_wrapper/src/lib.rs:5:9
  |
5 |         address, Address, Bytecode, Bytes, ExecutionResult as RevmExecutionResult, B256, U256,
  |         ^^^^^^^                                                                    ^^^^
6 |     },
7 |     Evm, InMemoryDB,
  |          ^^^^^^^^^^
  |
  = note: `#[warn(unused_imports)]` on by default

warning: unused import: `std::collections::HashMap`
 --> src/revm_wrapper/src/lib.rs:9:5
  |
9 | use std::collections::HashMap;
  |     ^^^^^^^^^^^^^^^^^^^^^^^^^

warning: variable does not need to be mutable
   --> src/revm_wrapper/src/lib.rs:545:9
    |
545 |     let mut db = &mut vm.db;
    |         ----^^
    |         |
    |         help: remove this `mut`
    |
    = note: `#[warn(unused_mut)]` on by default

warning: variable does not need to be mutable
   --> src/revm_wrapper/src/lib.rs:587:9
    |
587 |     let mut db = &mut vm.db;
    |         ----^^
    |         |
    |         help: remove this `mut`

warning: unused `std::result::Result` that must be used
   --> src/revm_wrapper/src/lib.rs:296:5
    |
296 |     vm.db.insert_account_storage(addr, slot, value);
    |     ^^^^^^^^^^^^^^^^^^^^^^^^^^^^^^^^^^^^^^^^^^^^^^^
    |
    = note: this `Result` may be an `Err` variant, which should be handled
    = note: `#[warn(unused_must_use)]` on by default
help: use `let _ = ...` to ignore the resulting value
    |
296 |     let _ = vm.db.insert_account_storage(addr, slot, value);
    |     +++++++

warning: `revm_wrapper` (lib) generated 5 warnings (run `cargo fix --lib -p revm_wrapper` to apply 4 suggestions)
    Finished `dev` profile [unoptimized + debuginfo] target(s) in 0.07s
warning: profiles for the non root package will be ignored, specify profiles at the workspace root:
package:   /Users/williamcory/guillotine-0/src/compilers/Cargo.toml
workspace: /Users/williamcory/guillotine-0/Cargo.toml
warning: profiles for the non root package will be ignored, specify profiles at the workspace root:
package:   /Users/williamcory/guillotine-0/src/revm_wrapper/Cargo.toml
workspace: /Users/williamcory/guillotine-0/Cargo.toml
warning: /Users/williamcory/guillotine-0/src/revm_wrapper/Cargo.toml: `panic` setting is ignored for `bench` profile
       Fresh unicode-ident v1.0.18
       Fresh autocfg v1.5.0
       Fresh version_check v0.9.5
       Fresh rand_core v0.6.4
       Fresh arrayvec v0.7.6
       Fresh either v1.15.0
       Fresh once_cell v1.21.3
       Fresh allocator-api2 v0.2.21
       Fresh cfg-if v1.0.1
       Fresh proc-macro2 v1.0.95
       Fresh itertools v0.13.0
       Fresh hashbrown v0.15.4
       Fresh quote v1.0.40
       Fresh zerocopy v0.8.26
       Fresh typenum v1.18.0
       Fresh paste v1.0.15
       Fresh syn v2.0.104
       Fresh ppv-lite86 v0.2.21
       Fresh num-traits v0.2.19
       Fresh generic-array v0.14.7
       Fresh ahash v0.8.12
       Fresh rand_chacha v0.3.1
       Fresh crypto-common v0.1.6
       Fresh num-integer v0.1.46
       Fresh enum-ordinalize-derive v4.3.1
       Fresh ark-serialize-derive v0.5.0
       Fresh zeroize_derive v1.4.2
       Fresh ark-ff-asm v0.5.0
       Fresh rand v0.8.5
       Fresh enum-ordinalize v4.3.0
       Fresh digest v0.10.7
       Fresh num-bigint v0.4.6
       Fresh zeroize v1.8.1
       Fresh ark-std v0.5.0
       Fresh ark-ff-macros v0.5.0
       Fresh educe v0.6.0
       Fresh ark-serialize v0.5.0
       Fresh ark-ff v0.5.0
       Fresh ark-poly v0.5.0
       Fresh ark-ec v0.5.0
       Fresh ark-bn254 v0.5.0
       Fresh bn254_wrapper v0.1.0 (/Users/williamcory/guillotine-0/src/bn254_wrapper)
    Finished `release` profile [optimized] target(s) in 0.04s
warning: profiles for the non root package will be ignored, specify profiles at the workspace root:
package:   /Users/williamcory/guillotine-0/src/compilers/Cargo.toml
workspace: /Users/williamcory/guillotine-0/Cargo.toml
warning: profiles for the non root package will be ignored, specify profiles at the workspace root:
package:   /Users/williamcory/guillotine-0/src/revm_wrapper/Cargo.toml
workspace: /Users/williamcory/guillotine-0/Cargo.toml
warning: /Users/williamcory/guillotine-0/src/revm_wrapper/Cargo.toml: `panic` setting is ignored for `bench` profile
       Fresh unicode-ident v1.0.18
       Fresh autocfg v1.5.0
       Fresh version_check v0.9.5
       Fresh rand_core v0.6.4
       Fresh arrayvec v0.7.6
       Fresh either v1.15.0
       Fresh allocator-api2 v0.2.21
       Fresh cfg-if v1.0.1
       Fresh once_cell v1.21.3
       Fresh proc-macro2 v1.0.95
       Fresh itertools v0.13.0
       Fresh hashbrown v0.15.4
       Fresh quote v1.0.40
       Fresh zerocopy v0.8.26
       Fresh typenum v1.18.0
       Fresh paste v1.0.15
       Fresh syn v2.0.104
       Fresh ppv-lite86 v0.2.21
       Fresh generic-array v0.14.7
       Fresh num-traits v0.2.19
       Fresh ahash v0.8.12
       Fresh rand_chacha v0.3.1
       Fresh enum-ordinalize-derive v4.3.1
       Fresh crypto-common v0.1.6
       Fresh num-integer v0.1.46
       Fresh zeroize_derive v1.4.2
       Fresh ark-serialize-derive v0.5.0
       Fresh ark-ff-asm v0.5.0
       Fresh rand v0.8.5
       Fresh enum-ordinalize v4.3.0
       Fresh digest v0.10.7
       Fresh num-bigint v0.4.6
       Fresh zeroize v1.8.1
       Fresh ark-std v0.5.0
       Fresh ark-ff-macros v0.5.0
       Fresh educe v0.6.0
       Fresh ark-serialize v0.5.0
       Fresh ark-ff v0.5.0
       Fresh ark-poly v0.5.0
       Fresh ark-ec v0.5.0
       Fresh ark-bn254 v0.5.0
       Fresh bn254_wrapper v0.1.0 (/Users/williamcory/guillotine-0/src/bn254_wrapper)
    Finished `dev` profile [unoptimized + debuginfo] target(s) in 0.04s
  % Total    % Received % Xferd  Average Speed   Time    Time     Time  Current
                                 Dload  Upload   Total   Spent    Left  Speed
  0     0    0     0    0     0      0      0 --:--:-- --:--:-- --:--:--     0  0     0    0     0    0     0      0      0 --:--:-- --:--:-- --:--:--     0
  0     0    0     0    0     0      0      0 --:--:-- --:--:-- --:--:--     0100  583k  100  583k    0     0  1084k      0 --:--:-- --:--:-- --:--:-- 1429k
test
+- run jump-table-test stderr
[default] (debug): === Manual VM.init reproduction ===
[default] (debug): Step 1: Setting up database
[default] (debug): Step 1: Database setup complete
[default] (debug): Step 2: Setting up EvmMemoryAllocator
[default] (debug): Step 2: EvmMemoryAllocator setup complete
[default] (debug): Step 3: Setting up EvmState
[default] (debug): [EVM] EvmState.init: Initializing EVM state with database interface
[default] (debug): [EVM] EvmState.init: EVM state initialization complete
[default] (debug): Step 3: EvmState setup complete
[default] (debug): Step 4: Setting up Context
[default] (debug): Step 4: Context setup complete
[default] (debug): Step 5: Setting up AccessList
[default] (debug): Step 6: Testing static defaults
[default] (debug): Step 6: Static defaults work
[default] (debug): Manual VM.init reproduction completed successfully!
[default] (debug): [EVM] EvmState.deinit: Cleaning up EVM state, logs_count=0
[default] (debug): [EVM] EvmState.deinit: EVM state cleanup complete
test
+- run constructor-bug-test
   +- zig test constructor-bug-test Debug native 2 errors
test/evm/constructor_bug_test.zig:26:13: error: member function expected 1 argument(s), found 0
    defer vm.deinit();
          ~~^~~~~~~
src/evm/evm.zig:130:5: note: function declared here
pub fn deinit(self: *Evm, allocator: std.mem.Allocator) void {
~~~~^~~~~~~~~~~~~~~~~~~~~~~~~~~~~~~~~~~~~~~~~~~~~~~~~~~~~~~~
test/evm/constructor_bug_test.zig:88:13: error: member function expected 1 argument(s), found 0
    defer vm.deinit();
          ~~^~~~~~~
src/evm/evm.zig:130:5: note: function declared here
pub fn deinit(self: *Evm, allocator: std.mem.Allocator) void {
~~~~^~~~~~~~~~~~~~~~~~~~~~~~~~~~~~~~~~~~~~~~~~~~~~~~~~~~~~~~
error: the following command failed with 2 compilation errors:
/opt/homebrew/Cellar/zig/0.14.1/bin/zig test -fsingle-threaded -ODebug --dep primitives --dep evm -Mroot=/Users/williamcory/guillotine-0/test/evm/constructor_bug_test.zig /Users/williamcory/guillotine-0/.zig-cache/o/0eba1ebe1c29ae3155defb324dc52805/libc_kzg_4844.a -ODebug -I /Users/williamcory/guillotine-0/.zig-cache/o/efaed383166e26499e4003483132aafb -Mprimitives=/Users/williamcory/guillotine-0/src/primitives/root.zig /Users/williamcory/guillotine-0/.zig-cache/o/745003cd7e26c66c3b64f2e464dccbeb/libbn254_wrapper.a /Users/williamcory/guillotine-0/.zig-cache/o/0eba1ebe1c29ae3155defb324dc52805/libc_kzg_4844.a -ODebug -I /Users/williamcory/guillotine-0/.zig-cache/o/efaed383166e26499e4003483132aafb -I /Users/williamcory/guillotine-0/src/bn254_wrapper -I /Users/williamcory/guillotine-0/.zig-cache/o/efaed383166e26499e4003483132aafb --dep primitives --dep crypto --dep build_options -Mevm=/Users/williamcory/guillotine-0/src/evm/root.zig -ODebug --dep primitives -Mcrypto=/Users/williamcory/guillotine-0/src/crypto/root.zig -Mbuild_options=/Users/williamcory/guillotine-0/.zig-cache/c/51dd772c2c10a848db74cbe63611df28/options.zig /Users/williamcory/guillotine-0/.zig-cache/o/ba00a8d65708ffe3b9043139228dc76f/libblst.a -framework Security -framework CoreFoundation -lc --cache-dir /Users/williamcory/guillotine-0/.zig-cache --global-cache-dir /Users/williamcory/.cache/zig --name constructor-bug-test --zig-lib-dir /opt/homebrew/Cellar/zig/0.14.1/lib/zig/ --listen=- 
test
+- run return-opcode-bug-test
   +- zig test return-opcode-bug-test Debug native 1 errors
test/evm/return_opcode_bug_test.zig:53:33: error: member function expected 5 argument(s), found 4
    const deploy_result = try vm.create_contract(
                              ~~^~~~~~~~~~~~~~~~
src/evm/evm/create_contract.zig:31:5: note: function declared here
pub fn create_contract(self: *Vm, allocator: std.mem.Allocator, creator: primitives.Address.Address, value: u256, init_code: []const u8, gas: u64) CreateContractError!CreateResult {
~~~~^~~~~~~~~~~~~~~~~~~~~~~~~~~~~~~~~~~~~~~~~~~~~~~~~~~~~~~~~~~~~~~~~~~~~~~~~~~~~~~~~~~~~~~~~~~~~~~~~~~~~~~~~~~~~~~~~~~~~~~~~~~~~~~~~~~~~~~~~~~~~~~~~~~~~~~~~~~~~~~~~~~~~~~~~~~~~~~
error: the following command failed with 1 compilation errors:
/opt/homebrew/Cellar/zig/0.14.1/bin/zig test -fsingle-threaded -ODebug --dep primitives --dep evm -Mroot=/Users/williamcory/guillotine-0/test/evm/return_opcode_bug_test.zig /Users/williamcory/guillotine-0/.zig-cache/o/0eba1ebe1c29ae3155defb324dc52805/libc_kzg_4844.a -ODebug -I /Users/williamcory/guillotine-0/.zig-cache/o/efaed383166e26499e4003483132aafb -Mprimitives=/Users/williamcory/guillotine-0/src/primitives/root.zig /Users/williamcory/guillotine-0/.zig-cache/o/745003cd7e26c66c3b64f2e464dccbeb/libbn254_wrapper.a /Users/williamcory/guillotine-0/.zig-cache/o/0eba1ebe1c29ae3155defb324dc52805/libc_kzg_4844.a -ODebug -I /Users/williamcory/guillotine-0/.zig-cache/o/efaed383166e26499e4003483132aafb -I /Users/williamcory/guillotine-0/src/bn254_wrapper -I /Users/williamcory/guillotine-0/.zig-cache/o/efaed383166e26499e4003483132aafb --dep primitives --dep crypto --dep build_options -Mevm=/Users/williamcory/guillotine-0/src/evm/root.zig -ODebug --dep primitives -Mcrypto=/Users/williamcory/guillotine-0/src/crypto/root.zig -Mbuild_options=/Users/williamcory/guillotine-0/.zig-cache/c/51dd772c2c10a848db74cbe63611df28/options.zig /Users/williamcory/guillotine-0/.zig-cache/o/ba00a8d65708ffe3b9043139228dc76f/libblst.a -framework Security -framework CoreFoundation -lc --cache-dir /Users/williamcory/guillotine-0/.zig-cache --global-cache-dir /Users/williamcory/.cache/zig --name return-opcode-bug-test --zig-lib-dir /opt/homebrew/Cellar/zig/0.14.1/lib/zig/ --listen=- 
test
+- run e2e-data-test
   +- zig test e2e-data-test Debug native 6 errors
test/evm/e2e_data_structures_test.zig:33:14: error: member function expected 1 argument(s), found 0
    defer evm.deinit();
          ~~~^~~~~~~
src/evm/evm.zig:130:5: note: function declared here
pub fn deinit(self: *Evm, allocator: std.mem.Allocator) void {
~~~~^~~~~~~~~~~~~~~~~~~~~~~~~~~~~~~~~~~~~~~~~~~~~~~~~~~~~~~~
test/evm/e2e_data_structures_test.zig:116:14: error: member function expected 1 argument(s), found 0
    defer evm.deinit();
          ~~~^~~~~~~
src/evm/evm.zig:130:5: note: function declared here
pub fn deinit(self: *Evm, allocator: std.mem.Allocator) void {
~~~~^~~~~~~~~~~~~~~~~~~~~~~~~~~~~~~~~~~~~~~~~~~~~~~~~~~~~~~~
test/evm/e2e_data_structures_test.zig:188:14: error: member function expected 1 argument(s), found 0
    defer evm.deinit();
          ~~~^~~~~~~
src/evm/evm.zig:130:5: note: function declared here
pub fn deinit(self: *Evm, allocator: std.mem.Allocator) void {
~~~~^~~~~~~~~~~~~~~~~~~~~~~~~~~~~~~~~~~~~~~~~~~~~~~~~~~~~~~~
test/evm/e2e_data_structures_test.zig:277:14: error: member function expected 1 argument(s), found 0
    defer evm.deinit();
          ~~~^~~~~~~
src/evm/evm.zig:130:5: note: function declared here
pub fn deinit(self: *Evm, allocator: std.mem.Allocator) void {
~~~~^~~~~~~~~~~~~~~~~~~~~~~~~~~~~~~~~~~~~~~~~~~~~~~~~~~~~~~~
test/evm/e2e_data_structures_test.zig:349:14: error: member function expected 1 argument(s), found 0
    defer evm.deinit();
          ~~~^~~~~~~
src/evm/evm.zig:130:5: note: function declared here
pub fn deinit(self: *Evm, allocator: std.mem.Allocator) void {
~~~~^~~~~~~~~~~~~~~~~~~~~~~~~~~~~~~~~~~~~~~~~~~~~~~~~~~~~~~~
test/evm/e2e_data_structures_test.zig:431:14: error: member function expected 1 argument(s), found 0
    defer evm.deinit();
          ~~~^~~~~~~
src/evm/evm.zig:130:5: note: function declared here
pub fn deinit(self: *Evm, allocator: std.mem.Allocator) void {
~~~~^~~~~~~~~~~~~~~~~~~~~~~~~~~~~~~~~~~~~~~~~~~~~~~~~~~~~~~~
error: the following command failed with 6 compilation errors:
/opt/homebrew/Cellar/zig/0.14.1/bin/zig test -fsingle-threaded -fno-stack-check -ODebug --dep primitives --dep evm -Mroot=/Users/williamcory/guillotine-0/test/evm/e2e_data_structures_test.zig /Users/williamcory/guillotine-0/.zig-cache/o/0eba1ebe1c29ae3155defb324dc52805/libc_kzg_4844.a -ODebug -I /Users/williamcory/guillotine-0/.zig-cache/o/efaed383166e26499e4003483132aafb -Mprimitives=/Users/williamcory/guillotine-0/src/primitives/root.zig /Users/williamcory/guillotine-0/.zig-cache/o/745003cd7e26c66c3b64f2e464dccbeb/libbn254_wrapper.a /Users/williamcory/guillotine-0/.zig-cache/o/0eba1ebe1c29ae3155defb324dc52805/libc_kzg_4844.a -ODebug -I /Users/williamcory/guillotine-0/.zig-cache/o/efaed383166e26499e4003483132aafb -I /Users/williamcory/guillotine-0/src/bn254_wrapper -I /Users/williamcory/guillotine-0/.zig-cache/o/efaed383166e26499e4003483132aafb --dep primitives --dep crypto --dep build_options -Mevm=/Users/williamcory/guillotine-0/src/evm/root.zig -ODebug --dep primitives -Mcrypto=/Users/williamcory/guillotine-0/src/crypto/root.zig -Mbuild_options=/Users/williamcory/guillotine-0/.zig-cache/c/51dd772c2c10a848db74cbe63611df28/options.zig /Users/williamcory/guillotine-0/.zig-cache/o/ba00a8d65708ffe3b9043139228dc76f/libblst.a -framework Security -framework CoreFoundation -lc --cache-dir /Users/williamcory/guillotine-0/.zig-cache --global-cache-dir /Users/williamcory/.cache/zig --name e2e-data-test --zig-lib-dir /opt/homebrew/Cellar/zig/0.14.1/lib/zig/ --listen=- 
test
+- run integration-test
   +- zig test integration-test Debug native 47 errors
test/evm/integration/arithmetic_sequences_test.zig:29:14: error: member function expected 1 argument(s), found 0
    defer evm.deinit();
          ~~~^~~~~~~
src/evm/evm.zig:130:5: note: function declared here
pub fn deinit(self: *Evm, allocator: std.mem.Allocator) void {
~~~~^~~~~~~~~~~~~~~~~~~~~~~~~~~~~~~~~~~~~~~~~~~~~~~~~~~~~~~~
referenced by:
    arithmetic_sequences_test: test/evm/integration/package.zig:3:47
    test_0: test/evm/integration/package.zig:11:9
test/evm/integration/arithmetic_sequences_test.zig:95:14: error: member function expected 1 argument(s), found 0
    defer evm.deinit();
          ~~~^~~~~~~
src/evm/evm.zig:130:5: note: function declared here
pub fn deinit(self: *Evm, allocator: std.mem.Allocator) void {
~~~~^~~~~~~~~~~~~~~~~~~~~~~~~~~~~~~~~~~~~~~~~~~~~~~~~~~~~~~~
test/evm/integration/arithmetic_sequences_test.zig:159:14: error: member function expected 1 argument(s), found 0
    defer evm.deinit();
          ~~~^~~~~~~
src/evm/evm.zig:130:5: note: function declared here
pub fn deinit(self: *Evm, allocator: std.mem.Allocator) void {
~~~~^~~~~~~~~~~~~~~~~~~~~~~~~~~~~~~~~~~~~~~~~~~~~~~~~~~~~~~~
test/evm/integration/arithmetic_sequences_test.zig:236:14: error: member function expected 1 argument(s), found 0
    defer evm.deinit();
          ~~~^~~~~~~
src/evm/evm.zig:130:5: note: function declared here
pub fn deinit(self: *Evm, allocator: std.mem.Allocator) void {
~~~~^~~~~~~~~~~~~~~~~~~~~~~~~~~~~~~~~~~~~~~~~~~~~~~~~~~~~~~~
test/evm/integration/arithmetic_sequences_test.zig:328:14: error: member function expected 1 argument(s), found 0
    defer evm.deinit();
          ~~~^~~~~~~
src/evm/evm.zig:130:5: note: function declared here
pub fn deinit(self: *Evm, allocator: std.mem.Allocator) void {
~~~~^~~~~~~~~~~~~~~~~~~~~~~~~~~~~~~~~~~~~~~~~~~~~~~~~~~~~~~~
test/evm/integration/arithmetic_sequences_test.zig:398:14: error: member function expected 1 argument(s), found 0
    defer evm.deinit();
          ~~~^~~~~~~
src/evm/evm.zig:130:5: note: function declared here
pub fn deinit(self: *Evm, allocator: std.mem.Allocator) void {
~~~~^~~~~~~~~~~~~~~~~~~~~~~~~~~~~~~~~~~~~~~~~~~~~~~~~~~~~~~~
test/evm/integration/arithmetic_sequences_test.zig:485:14: error: member function expected 1 argument(s), found 0
    defer evm.deinit();
          ~~~^~~~~~~
src/evm/evm.zig:130:5: note: function declared here
pub fn deinit(self: *Evm, allocator: std.mem.Allocator) void {
~~~~^~~~~~~~~~~~~~~~~~~~~~~~~~~~~~~~~~~~~~~~~~~~~~~~~~~~~~~~
test/evm/integration/call_environment_test.zig:28:13: error: member function expected 1 argument(s), found 0
    defer vm.deinit();
          ~~^~~~~~~
src/evm/evm.zig:130:5: note: function declared here
pub fn deinit(self: *Evm, allocator: std.mem.Allocator) void {
~~~~^~~~~~~~~~~~~~~~~~~~~~~~~~~~~~~~~~~~~~~~~~~~~~~~~~~~~~~~
test/evm/integration/call_environment_test.zig:148:30: error: expected 0 argument(s), found 1
    var frame_builder = Frame.builder(allocator);
                        ~~~~~^~~~~~~~
src/evm/frame/frame.zig:436:5: note: function declared here
pub fn builder() FrameBuilder {
~~~~^~~~~~~~~~~~~~~~~~~~~~~~~
test/evm/integration/call_environment_test.zig:236:30: error: expected 0 argument(s), found 1
    var frame_builder = Frame.builder(allocator);
                        ~~~~~^~~~~~~~
src/evm/frame/frame.zig:436:5: note: function declared here
pub fn builder() FrameBuilder {
~~~~^~~~~~~~~~~~~~~~~~~~~~~~~
test/evm/integration/call_environment_test.zig:301:13: error: member function expected 1 argument(s), found 0
    defer vm.deinit();
          ~~^~~~~~~
src/evm/evm.zig:130:5: note: function declared here
pub fn deinit(self: *Evm, allocator: std.mem.Allocator) void {
~~~~^~~~~~~~~~~~~~~~~~~~~~~~~~~~~~~~~~~~~~~~~~~~~~~~~~~~~~~~
test/evm/integration/call_environment_test.zig:401:30: error: expected 0 argument(s), found 1
    var frame_builder = Frame.builder(allocator);
                        ~~~~~^~~~~~~~
src/evm/frame/frame.zig:436:5: note: function declared here
pub fn builder() FrameBuilder {
~~~~^~~~~~~~~~~~~~~~~~~~~~~~~
test/evm/integration/call_environment_test.zig:469:30: error: expected 0 argument(s), found 1
    var frame_builder = Frame.builder(allocator);
                        ~~~~~^~~~~~~~
src/evm/frame/frame.zig:436:5: note: function declared here
pub fn builder() FrameBuilder {
~~~~^~~~~~~~~~~~~~~~~~~~~~~~~
test/evm/integration/call_environment_test.zig:544:30: error: expected 0 argument(s), found 1
    var frame_builder = Frame.builder(allocator);
                        ~~~~~^~~~~~~~
src/evm/frame/frame.zig:436:5: note: function declared here
pub fn builder() FrameBuilder {
~~~~^~~~~~~~~~~~~~~~~~~~~~~~~
test/evm/integration/call_environment_test.zig:634:30: error: expected 0 argument(s), found 1
    var frame_builder = Frame.builder(allocator);
                        ~~~~~^~~~~~~~
src/evm/frame/frame.zig:436:5: note: function declared here
pub fn builder() FrameBuilder {
~~~~^~~~~~~~~~~~~~~~~~~~~~~~~
test/evm/integration/complex_interactions_test.zig:52:34: error: expected 0 argument(s), found 1
    var frame_builder = Evm.Frame.builder(allocator);
                        ~~~~~~~~~^~~~~~~~
src/evm/frame/frame.zig:436:5: note: function declared here
pub fn builder() FrameBuilder {
~~~~^~~~~~~~~~~~~~~~~~~~~~~~~
test/evm/integration/complex_interactions_test.zig:144:34: error: expected 0 argument(s), found 1
    var frame_builder = Evm.Frame.builder(allocator);
                        ~~~~~~~~~^~~~~~~~
src/evm/frame/frame.zig:436:5: note: function declared here
pub fn builder() FrameBuilder {
~~~~^~~~~~~~~~~~~~~~~~~~~~~~~
test/evm/integration/complex_interactions_test.zig:231:34: error: expected 0 argument(s), found 1
    var frame_builder = Evm.Frame.builder(allocator);
                        ~~~~~~~~~^~~~~~~~
src/evm/frame/frame.zig:436:5: note: function declared here
pub fn builder() FrameBuilder {
~~~~^~~~~~~~~~~~~~~~~~~~~~~~~
test/evm/integration/complex_interactions_test.zig:300:34: error: expected 0 argument(s), found 1
    var frame_builder = Evm.Frame.builder(allocator);
                        ~~~~~~~~~^~~~~~~~
src/evm/frame/frame.zig:436:5: note: function declared here
pub fn builder() FrameBuilder {
~~~~^~~~~~~~~~~~~~~~~~~~~~~~~
test/evm/integration/complex_interactions_test.zig:379:34: error: expected 0 argument(s), found 1
    var frame_builder = Evm.Frame.builder(allocator);
                        ~~~~~~~~~^~~~~~~~
src/evm/frame/frame.zig:436:5: note: function declared here
pub fn builder() FrameBuilder {
~~~~^~~~~~~~~~~~~~~~~~~~~~~~~
test/evm/integration/complex_interactions_test.zig:474:34: error: expected 0 argument(s), found 1
    var frame_builder = Evm.Frame.builder(allocator);
                        ~~~~~~~~~^~~~~~~~
src/evm/frame/frame.zig:436:5: note: function declared here
pub fn builder() FrameBuilder {
~~~~^~~~~~~~~~~~~~~~~~~~~~~~~
test/evm/integration/complex_interactions_test.zig:559:34: error: expected 0 argument(s), found 1
    var frame_builder = Evm.Frame.builder(allocator);
                        ~~~~~~~~~^~~~~~~~
src/evm/frame/frame.zig:436:5: note: function declared here
pub fn builder() FrameBuilder {
~~~~^~~~~~~~~~~~~~~~~~~~~~~~~
test/evm/integration/complex_interactions_test.zig:634:34: error: expected 0 argument(s), found 1
    var frame_builder = Evm.Frame.builder(allocator);
                        ~~~~~~~~~^~~~~~~~
src/evm/frame/frame.zig:436:5: note: function declared here
pub fn builder() FrameBuilder {
~~~~^~~~~~~~~~~~~~~~~~~~~~~~~
test/evm/integration/control_flow_test.zig:31:13: error: member function expected 1 argument(s), found 0
    defer vm.deinit();
          ~~^~~~~~~
src/evm/evm.zig:130:5: note: function declared here
pub fn deinit(self: *Evm, allocator: std.mem.Allocator) void {
~~~~^~~~~~~~~~~~~~~~~~~~~~~~~~~~~~~~~~~~~~~~~~~~~~~~~~~~~~~~
test/evm/integration/control_flow_test.zig:122:13: error: member function expected 1 argument(s), found 0
    defer vm.deinit();
          ~~^~~~~~~
src/evm/evm.zig:130:5: note: function declared here
pub fn deinit(self: *Evm, allocator: std.mem.Allocator) void {
~~~~^~~~~~~~~~~~~~~~~~~~~~~~~~~~~~~~~~~~~~~~~~~~~~~~~~~~~~~~
test/evm/integration/control_flow_test.zig:204:13: error: member function expected 1 argument(s), found 0
    defer vm.deinit();
          ~~^~~~~~~
src/evm/evm.zig:130:5: note: function declared here
pub fn deinit(self: *Evm, allocator: std.mem.Allocator) void {
~~~~^~~~~~~~~~~~~~~~~~~~~~~~~~~~~~~~~~~~~~~~~~~~~~~~~~~~~~~~
test/evm/integration/control_flow_test.zig:270:13: error: member function expected 1 argument(s), found 0
    defer vm.deinit();
          ~~^~~~~~~
src/evm/evm.zig:130:5: note: function declared here
pub fn deinit(self: *Evm, allocator: std.mem.Allocator) void {
~~~~^~~~~~~~~~~~~~~~~~~~~~~~~~~~~~~~~~~~~~~~~~~~~~~~~~~~~~~~
test/evm/integration/control_flow_test.zig:335:13: error: member function expected 1 argument(s), found 0
    defer vm.deinit();
          ~~^~~~~~~
src/evm/evm.zig:130:5: note: function declared here
pub fn deinit(self: *Evm, allocator: std.mem.Allocator) void {
~~~~^~~~~~~~~~~~~~~~~~~~~~~~~~~~~~~~~~~~~~~~~~~~~~~~~~~~~~~~
test/evm/integration/control_flow_test.zig:399:13: error: member function expected 1 argument(s), found 0
    defer vm.deinit();
          ~~^~~~~~~
src/evm/evm.zig:130:5: note: function declared here
pub fn deinit(self: *Evm, allocator: std.mem.Allocator) void {
~~~~^~~~~~~~~~~~~~~~~~~~~~~~~~~~~~~~~~~~~~~~~~~~~~~~~~~~~~~~
test/evm/integration/control_flow_test.zig:456:13: error: member function expected 1 argument(s), found 0
    defer vm.deinit();
          ~~^~~~~~~
src/evm/evm.zig:130:5: note: function declared here
pub fn deinit(self: *Evm, allocator: std.mem.Allocator) void {
~~~~^~~~~~~~~~~~~~~~~~~~~~~~~~~~~~~~~~~~~~~~~~~~~~~~~~~~~~~~
test/evm/integration/control_flow_test.zig:546:13: error: member function expected 1 argument(s), found 0
    defer vm.deinit();
          ~~^~~~~~~
src/evm/evm.zig:130:5: note: function declared here
pub fn deinit(self: *Evm, allocator: std.mem.Allocator) void {
~~~~^~~~~~~~~~~~~~~~~~~~~~~~~~~~~~~~~~~~~~~~~~~~~~~~~~~~~~~~
test/evm/integration/environment_system_test.zig:33:13: error: member function expected 1 argument(s), found 0
    defer vm.deinit();
          ~~^~~~~~~
src/evm/evm.zig:130:5: note: function declared here
pub fn deinit(self: *Evm, allocator: std.mem.Allocator) void {
~~~~^~~~~~~~~~~~~~~~~~~~~~~~~~~~~~~~~~~~~~~~~~~~~~~~~~~~~~~~
test/evm/integration/environment_system_test.zig:99:13: error: member function expected 1 argument(s), found 0
    defer vm.deinit();
          ~~^~~~~~~
src/evm/evm.zig:130:5: note: function declared here
pub fn deinit(self: *Evm, allocator: std.mem.Allocator) void {
~~~~^~~~~~~~~~~~~~~~~~~~~~~~~~~~~~~~~~~~~~~~~~~~~~~~~~~~~~~~
test/evm/integration/environment_system_test.zig:190:30: error: expected 0 argument(s), found 1
    var frame_builder = Frame.builder(allocator);
                        ~~~~~^~~~~~~~
src/evm/frame/frame.zig:436:5: note: function declared here
pub fn builder() FrameBuilder {
~~~~^~~~~~~~~~~~~~~~~~~~~~~~~
test/evm/integration/environment_system_test.zig:275:30: error: expected 0 argument(s), found 1
    var frame_builder = Frame.builder(allocator);
                        ~~~~~^~~~~~~~
src/evm/frame/frame.zig:436:5: note: function declared here
pub fn builder() FrameBuilder {
~~~~^~~~~~~~~~~~~~~~~~~~~~~~~
test/evm/integration/environment_system_test.zig:349:30: error: expected 0 argument(s), found 1
    var frame_builder = Frame.builder(allocator);
                        ~~~~~^~~~~~~~
src/evm/frame/frame.zig:436:5: note: function declared here
pub fn builder() FrameBuilder {
~~~~^~~~~~~~~~~~~~~~~~~~~~~~~
test/evm/integration/environment_system_test.zig:405:13: error: member function expected 1 argument(s), found 0
    defer vm.deinit();
          ~~^~~~~~~
src/evm/evm.zig:130:5: note: function declared here
pub fn deinit(self: *Evm, allocator: std.mem.Allocator) void {
~~~~^~~~~~~~~~~~~~~~~~~~~~~~~~~~~~~~~~~~~~~~~~~~~~~~~~~~~~~~
test/evm/integration/environment_system_test.zig:521:30: error: expected 0 argument(s), found 1
    var frame_builder = Frame.builder(allocator);
                        ~~~~~^~~~~~~~
src/evm/frame/frame.zig:436:5: note: function declared here
pub fn builder() FrameBuilder {
~~~~^~~~~~~~~~~~~~~~~~~~~~~~~
test/evm/integration/environment_system_test.zig:578:13: error: member function expected 1 argument(s), found 0
    defer vm.deinit();
          ~~^~~~~~~
src/evm/evm.zig:130:5: note: function declared here
pub fn deinit(self: *Evm, allocator: std.mem.Allocator) void {
~~~~^~~~~~~~~~~~~~~~~~~~~~~~~~~~~~~~~~~~~~~~~~~~~~~~~~~~~~~~
test/evm/integration/memory_storage_test.zig:43:30: error: expected 0 argument(s), found 1
    var frame_builder = Frame.builder(allocator);
                        ~~~~~^~~~~~~~
src/evm/frame/frame.zig:436:5: note: function declared here
pub fn builder() FrameBuilder {
~~~~^~~~~~~~~~~~~~~~~~~~~~~~~
test/evm/integration/memory_storage_test.zig:107:30: error: expected 0 argument(s), found 1
    var frame_builder = Frame.builder(allocator);
                        ~~~~~^~~~~~~~
src/evm/frame/frame.zig:436:5: note: function declared here
pub fn builder() FrameBuilder {
~~~~^~~~~~~~~~~~~~~~~~~~~~~~~
test/evm/integration/memory_storage_test.zig:188:30: error: expected 0 argument(s), found 1
    var frame_builder = Frame.builder(allocator);
                        ~~~~~^~~~~~~~
src/evm/frame/frame.zig:436:5: note: function declared here
pub fn builder() FrameBuilder {
~~~~^~~~~~~~~~~~~~~~~~~~~~~~~
test/evm/integration/memory_storage_test.zig:260:30: error: expected 0 argument(s), found 1
    var frame_builder = Frame.builder(allocator);
                        ~~~~~^~~~~~~~
src/evm/frame/frame.zig:436:5: note: function declared here
pub fn builder() FrameBuilder {
~~~~^~~~~~~~~~~~~~~~~~~~~~~~~
test/evm/integration/memory_storage_test.zig:335:30: error: expected 0 argument(s), found 1
    var frame_builder = Frame.builder(allocator);
                        ~~~~~^~~~~~~~
src/evm/frame/frame.zig:436:5: note: function declared here
pub fn builder() FrameBuilder {
~~~~^~~~~~~~~~~~~~~~~~~~~~~~~
test/evm/integration/memory_storage_test.zig:396:30: error: expected 0 argument(s), found 1
    var frame_builder = Frame.builder(allocator);
                        ~~~~~^~~~~~~~
src/evm/frame/frame.zig:436:5: note: function declared here
pub fn builder() FrameBuilder {
~~~~^~~~~~~~~~~~~~~~~~~~~~~~~
test/evm/integration/memory_storage_test.zig:467:30: error: expected 0 argument(s), found 1
    var frame_builder = Frame.builder(allocator);
                        ~~~~~^~~~~~~~
src/evm/frame/frame.zig:436:5: note: function declared here
pub fn builder() FrameBuilder {
~~~~^~~~~~~~~~~~~~~~~~~~~~~~~
test/evm/integration/memory_storage_test.zig:547:30: error: expected 0 argument(s), found 1
    var frame_builder = Frame.builder(allocator);
                        ~~~~~^~~~~~~~
src/evm/frame/frame.zig:436:5: note: function declared here
pub fn builder() FrameBuilder {
~~~~^~~~~~~~~~~~~~~~~~~~~~~~~
error: the following command failed with 47 compilation errors:
/opt/homebrew/Cellar/zig/0.14.1/bin/zig test -fsingle-threaded -fno-stack-check -ODebug --dep primitives --dep evm -Mroot=/Users/williamcory/guillotine-0/test/evm/integration/package.zig /Users/williamcory/guillotine-0/.zig-cache/o/0eba1ebe1c29ae3155defb324dc52805/libc_kzg_4844.a -ODebug -I /Users/williamcory/guillotine-0/.zig-cache/o/efaed383166e26499e4003483132aafb -Mprimitives=/Users/williamcory/guillotine-0/src/primitives/root.zig /Users/williamcory/guillotine-0/.zig-cache/o/745003cd7e26c66c3b64f2e464dccbeb/libbn254_wrapper.a /Users/williamcory/guillotine-0/.zig-cache/o/0eba1ebe1c29ae3155defb324dc52805/libc_kzg_4844.a -ODebug -I /Users/williamcory/guillotine-0/.zig-cache/o/efaed383166e26499e4003483132aafb -I /Users/williamcory/guillotine-0/src/bn254_wrapper -I /Users/williamcory/guillotine-0/.zig-cache/o/efaed383166e26499e4003483132aafb --dep primitives --dep crypto --dep build_options -Mevm=/Users/williamcory/guillotine-0/src/evm/root.zig -ODebug --dep primitives -Mcrypto=/Users/williamcory/guillotine-0/src/crypto/root.zig -Mbuild_options=/Users/williamcory/guillotine-0/.zig-cache/c/51dd772c2c10a848db74cbe63611df28/options.zig /Users/williamcory/guillotine-0/.zig-cache/o/ba00a8d65708ffe3b9043139228dc76f/libblst.a -framework Security -framework CoreFoundation -lc --cache-dir /Users/williamcory/guillotine-0/.zig-cache --global-cache-dir /Users/williamcory/.cache/zig --name integration-test --zig-lib-dir /opt/homebrew/Cellar/zig/0.14.1/lib/zig/ --listen=- 
test
+- run solidity-constructor-test
   +- zig test solidity-constructor-test Debug native 2 errors
test/evm/solidity_constructor_test.zig:18:13: error: member function expected 1 argument(s), found 0
    defer vm.deinit();
          ~~^~~~~~~
src/evm/evm.zig:130:5: note: function declared here
pub fn deinit(self: *Evm, allocator: std.mem.Allocator) void {
~~~~^~~~~~~~~~~~~~~~~~~~~~~~~~~~~~~~~~~~~~~~~~~~~~~~~~~~~~~~
test/evm/solidity_constructor_test.zig:87:13: error: member function expected 1 argument(s), found 0
    defer vm.deinit();
          ~~^~~~~~~
src/evm/evm.zig:130:5: note: function declared here
pub fn deinit(self: *Evm, allocator: std.mem.Allocator) void {
~~~~^~~~~~~~~~~~~~~~~~~~~~~~~~~~~~~~~~~~~~~~~~~~~~~~~~~~~~~~
error: the following command failed with 2 compilation errors:
/opt/homebrew/Cellar/zig/0.14.1/bin/zig test -fsingle-threaded -ODebug --dep primitives --dep evm -Mroot=/Users/williamcory/guillotine-0/test/evm/solidity_constructor_test.zig /Users/williamcory/guillotine-0/.zig-cache/o/0eba1ebe1c29ae3155defb324dc52805/libc_kzg_4844.a -ODebug -I /Users/williamcory/guillotine-0/.zig-cache/o/efaed383166e26499e4003483132aafb -Mprimitives=/Users/williamcory/guillotine-0/src/primitives/root.zig /Users/williamcory/guillotine-0/.zig-cache/o/745003cd7e26c66c3b64f2e464dccbeb/libbn254_wrapper.a /Users/williamcory/guillotine-0/.zig-cache/o/0eba1ebe1c29ae3155defb324dc52805/libc_kzg_4844.a -ODebug -I /Users/williamcory/guillotine-0/.zig-cache/o/efaed383166e26499e4003483132aafb -I /Users/williamcory/guillotine-0/src/bn254_wrapper -I /Users/williamcory/guillotine-0/.zig-cache/o/efaed383166e26499e4003483132aafb --dep primitives --dep crypto --dep build_options -Mevm=/Users/williamcory/guillotine-0/src/evm/root.zig -ODebug --dep primitives -Mcrypto=/Users/williamcory/guillotine-0/src/crypto/root.zig -Mbuild_options=/Users/williamcory/guillotine-0/.zig-cache/c/51dd772c2c10a848db74cbe63611df28/options.zig /Users/williamcory/guillotine-0/.zig-cache/o/ba00a8d65708ffe3b9043139228dc76f/libblst.a -framework Security -framework CoreFoundation -lc --cache-dir /Users/williamcory/guillotine-0/.zig-cache --global-cache-dir /Users/williamcory/.cache/zig --name solidity-constructor-test --zig-lib-dir /opt/homebrew/Cellar/zig/0.14.1/lib/zig/ --listen=- 
test
+- run contract-call-test
   +- zig test contract-call-test Debug native 10 errors
test/evm/contract_call_test.zig:17:13: error: member function expected 1 argument(s), found 0
    defer vm.deinit();
          ~~^~~~~~~
src/evm/evm.zig:130:5: note: function declared here
pub fn deinit(self: *Evm, allocator: std.mem.Allocator) void {
~~~~^~~~~~~~~~~~~~~~~~~~~~~~~~~~~~~~~~~~~~~~~~~~~~~~~~~~~~~~
test/evm/contract_call_test.zig:48:13: error: member function expected 1 argument(s), found 0
    defer vm.deinit();
          ~~^~~~~~~
src/evm/evm.zig:130:5: note: function declared here
pub fn deinit(self: *Evm, allocator: std.mem.Allocator) void {
~~~~^~~~~~~~~~~~~~~~~~~~~~~~~~~~~~~~~~~~~~~~~~~~~~~~~~~~~~~~
test/evm/contract_call_test.zig:76:13: error: member function expected 1 argument(s), found 0
    defer vm.deinit();
          ~~^~~~~~~
src/evm/evm.zig:130:5: note: function declared here
pub fn deinit(self: *Evm, allocator: std.mem.Allocator) void {
~~~~^~~~~~~~~~~~~~~~~~~~~~~~~~~~~~~~~~~~~~~~~~~~~~~~~~~~~~~~
test/evm/contract_call_test.zig:105:13: error: member function expected 1 argument(s), found 0
    defer vm.deinit();
          ~~^~~~~~~
src/evm/evm.zig:130:5: note: function declared here
pub fn deinit(self: *Evm, allocator: std.mem.Allocator) void {
~~~~^~~~~~~~~~~~~~~~~~~~~~~~~~~~~~~~~~~~~~~~~~~~~~~~~~~~~~~~
test/evm/contract_call_test.zig:132:13: error: member function expected 1 argument(s), found 0
    defer vm.deinit();
          ~~^~~~~~~
src/evm/evm.zig:130:5: note: function declared here
pub fn deinit(self: *Evm, allocator: std.mem.Allocator) void {
~~~~^~~~~~~~~~~~~~~~~~~~~~~~~~~~~~~~~~~~~~~~~~~~~~~~~~~~~~~~
test/evm/contract_call_test.zig:194:13: error: member function expected 1 argument(s), found 0
    defer vm.deinit();
          ~~^~~~~~~
src/evm/evm.zig:130:5: note: function declared here
pub fn deinit(self: *Evm, allocator: std.mem.Allocator) void {
~~~~^~~~~~~~~~~~~~~~~~~~~~~~~~~~~~~~~~~~~~~~~~~~~~~~~~~~~~~~
test/evm/contract_call_test.zig:264:13: error: member function expected 1 argument(s), found 0
    defer vm.deinit();
          ~~^~~~~~~
src/evm/evm.zig:130:5: note: function declared here
pub fn deinit(self: *Evm, allocator: std.mem.Allocator) void {
~~~~^~~~~~~~~~~~~~~~~~~~~~~~~~~~~~~~~~~~~~~~~~~~~~~~~~~~~~~~
test/evm/contract_call_test.zig:328:13: error: member function expected 1 argument(s), found 0
    defer vm.deinit();
          ~~^~~~~~~
src/evm/evm.zig:130:5: note: function declared here
pub fn deinit(self: *Evm, allocator: std.mem.Allocator) void {
~~~~^~~~~~~~~~~~~~~~~~~~~~~~~~~~~~~~~~~~~~~~~~~~~~~~~~~~~~~~
test/evm/contract_call_test.zig:386:13: error: member function expected 1 argument(s), found 0
    defer vm.deinit();
          ~~^~~~~~~
src/evm/evm.zig:130:5: note: function declared here
pub fn deinit(self: *Evm, allocator: std.mem.Allocator) void {
~~~~^~~~~~~~~~~~~~~~~~~~~~~~~~~~~~~~~~~~~~~~~~~~~~~~~~~~~~~~
test/evm/contract_call_test.zig:423:13: error: member function expected 1 argument(s), found 0
    defer vm.deinit();
          ~~^~~~~~~
src/evm/evm.zig:130:5: note: function declared here
pub fn deinit(self: *Evm, allocator: std.mem.Allocator) void {
~~~~^~~~~~~~~~~~~~~~~~~~~~~~~~~~~~~~~~~~~~~~~~~~~~~~~~~~~~~~
error: the following command failed with 10 compilation errors:
/opt/homebrew/Cellar/zig/0.14.1/bin/zig test -fsingle-threaded -ODebug --dep primitives --dep evm -Mroot=/Users/williamcory/guillotine-0/test/evm/contract_call_test.zig /Users/williamcory/guillotine-0/.zig-cache/o/0eba1ebe1c29ae3155defb324dc52805/libc_kzg_4844.a -ODebug -I /Users/williamcory/guillotine-0/.zig-cache/o/efaed383166e26499e4003483132aafb -Mprimitives=/Users/williamcory/guillotine-0/src/primitives/root.zig /Users/williamcory/guillotine-0/.zig-cache/o/745003cd7e26c66c3b64f2e464dccbeb/libbn254_wrapper.a /Users/williamcory/guillotine-0/.zig-cache/o/0eba1ebe1c29ae3155defb324dc52805/libc_kzg_4844.a -ODebug -I /Users/williamcory/guillotine-0/.zig-cache/o/efaed383166e26499e4003483132aafb -I /Users/williamcory/guillotine-0/src/bn254_wrapper -I /Users/williamcory/guillotine-0/.zig-cache/o/efaed383166e26499e4003483132aafb --dep primitives --dep crypto --dep build_options -Mevm=/Users/williamcory/guillotine-0/src/evm/root.zig -ODebug --dep primitives -Mcrypto=/Users/williamcory/guillotine-0/src/crypto/root.zig -Mbuild_options=/Users/williamcory/guillotine-0/.zig-cache/c/51dd772c2c10a848db74cbe63611df28/options.zig /Users/williamcory/guillotine-0/.zig-cache/o/ba00a8d65708ffe3b9043139228dc76f/libblst.a -framework Security -framework CoreFoundation -lc --cache-dir /Users/williamcory/guillotine-0/.zig-cache --global-cache-dir /Users/williamcory/.cache/zig --name contract-call-test --zig-lib-dir /opt/homebrew/Cellar/zig/0.14.1/lib/zig/ --listen=- 
test
+- run e2e-simple-test
   +- zig test e2e-simple-test Debug native 6 errors
test/evm/e2e_simple_test.zig:51:23: error: member function expected 1 argument(s), found 0
    defer evm_instance.deinit();
          ~~~~~~~~~~~~^~~~~~~
src/evm/evm.zig:130:5: note: function declared here
pub fn deinit(self: *Evm, allocator: std.mem.Allocator) void {
~~~~^~~~~~~~~~~~~~~~~~~~~~~~~~~~~~~~~~~~~~~~~~~~~~~~~~~~~~~~
test/evm/e2e_simple_test.zig:126:23: error: member function expected 1 argument(s), found 0
    defer evm_instance.deinit();
          ~~~~~~~~~~~~^~~~~~~
src/evm/evm.zig:130:5: note: function declared here
pub fn deinit(self: *Evm, allocator: std.mem.Allocator) void {
~~~~^~~~~~~~~~~~~~~~~~~~~~~~~~~~~~~~~~~~~~~~~~~~~~~~~~~~~~~~
test/evm/e2e_simple_test.zig:213:23: error: member function expected 1 argument(s), found 0
    defer evm_instance.deinit();
          ~~~~~~~~~~~~^~~~~~~
src/evm/evm.zig:130:5: note: function declared here
pub fn deinit(self: *Evm, allocator: std.mem.Allocator) void {
~~~~^~~~~~~~~~~~~~~~~~~~~~~~~~~~~~~~~~~~~~~~~~~~~~~~~~~~~~~~
test/evm/e2e_simple_test.zig:298:23: error: member function expected 1 argument(s), found 0
    defer evm_instance.deinit();
          ~~~~~~~~~~~~^~~~~~~
src/evm/evm.zig:130:5: note: function declared here
pub fn deinit(self: *Evm, allocator: std.mem.Allocator) void {
~~~~^~~~~~~~~~~~~~~~~~~~~~~~~~~~~~~~~~~~~~~~~~~~~~~~~~~~~~~~
test/evm/e2e_simple_test.zig:369:23: error: member function expected 1 argument(s), found 0
    defer evm_instance.deinit();
          ~~~~~~~~~~~~^~~~~~~
src/evm/evm.zig:130:5: note: function declared here
pub fn deinit(self: *Evm, allocator: std.mem.Allocator) void {
~~~~^~~~~~~~~~~~~~~~~~~~~~~~~~~~~~~~~~~~~~~~~~~~~~~~~~~~~~~~
test/evm/e2e_simple_test.zig:454:23: error: member function expected 1 argument(s), found 0
    defer evm_instance.deinit();
          ~~~~~~~~~~~~^~~~~~~
src/evm/evm.zig:130:5: note: function declared here
pub fn deinit(self: *Evm, allocator: std.mem.Allocator) void {
~~~~^~~~~~~~~~~~~~~~~~~~~~~~~~~~~~~~~~~~~~~~~~~~~~~~~~~~~~~~
error: the following command failed with 6 compilation errors:
/opt/homebrew/Cellar/zig/0.14.1/bin/zig test -fsingle-threaded -fno-stack-check -ODebug --dep primitives --dep evm -Mroot=/Users/williamcory/guillotine-0/test/evm/e2e_simple_test.zig /Users/williamcory/guillotine-0/.zig-cache/o/0eba1ebe1c29ae3155defb324dc52805/libc_kzg_4844.a -ODebug -I /Users/williamcory/guillotine-0/.zig-cache/o/efaed383166e26499e4003483132aafb -Mprimitives=/Users/williamcory/guillotine-0/src/primitives/root.zig /Users/williamcory/guillotine-0/.zig-cache/o/745003cd7e26c66c3b64f2e464dccbeb/libbn254_wrapper.a /Users/williamcory/guillotine-0/.zig-cache/o/0eba1ebe1c29ae3155defb324dc52805/libc_kzg_4844.a -ODebug -I /Users/williamcory/guillotine-0/.zig-cache/o/efaed383166e26499e4003483132aafb -I /Users/williamcory/guillotine-0/src/bn254_wrapper -I /Users/williamcory/guillotine-0/.zig-cache/o/efaed383166e26499e4003483132aafb --dep primitives --dep crypto --dep build_options -Mevm=/Users/williamcory/guillotine-0/src/evm/root.zig -ODebug --dep primitives -Mcrypto=/Users/williamcory/guillotine-0/src/crypto/root.zig -Mbuild_options=/Users/williamcory/guillotine-0/.zig-cache/c/51dd772c2c10a848db74cbe63611df28/options.zig /Users/williamcory/guillotine-0/.zig-cache/o/ba00a8d65708ffe3b9043139228dc76f/libblst.a -framework Security -framework CoreFoundation -lc --cache-dir /Users/williamcory/guillotine-0/.zig-cache --global-cache-dir /Users/williamcory/.cache/zig --name e2e-simple-test --zig-lib-dir /opt/homebrew/Cellar/zig/0.14.1/lib/zig/ --listen=- 
test
+- run delegatecall-test
   +- zig test delegatecall-test Debug native 3 errors
test/evm/opcodes/delegatecall_test.zig:31:13: error: member function expected 1 argument(s), found 0
    defer vm.deinit();
          ~~^~~~~~~
src/evm/evm.zig:130:5: note: function declared here
pub fn deinit(self: *Evm, allocator: std.mem.Allocator) void {
~~~~^~~~~~~~~~~~~~~~~~~~~~~~~~~~~~~~~~~~~~~~~~~~~~~~~~~~~~~~
test/evm/opcodes/delegatecall_test.zig:133:13: error: member function expected 1 argument(s), found 0
    defer vm.deinit();
          ~~^~~~~~~
src/evm/evm.zig:130:5: note: function declared here
pub fn deinit(self: *Evm, allocator: std.mem.Allocator) void {
~~~~^~~~~~~~~~~~~~~~~~~~~~~~~~~~~~~~~~~~~~~~~~~~~~~~~~~~~~~~
test/evm/opcodes/delegatecall_test.zig:219:13: error: member function expected 1 argument(s), found 0
    defer vm.deinit();
          ~~^~~~~~~
src/evm/evm.zig:130:5: note: function declared here
pub fn deinit(self: *Evm, allocator: std.mem.Allocator) void {
~~~~^~~~~~~~~~~~~~~~~~~~~~~~~~~~~~~~~~~~~~~~~~~~~~~~~~~~~~~~
error: the following command failed with 3 compilation errors:
/opt/homebrew/Cellar/zig/0.14.1/bin/zig test -ODebug --dep primitives --dep evm -Mroot=/Users/williamcory/guillotine-0/test/evm/opcodes/delegatecall_test.zig /Users/williamcory/guillotine-0/.zig-cache/o/0eba1ebe1c29ae3155defb324dc52805/libc_kzg_4844.a -ODebug -I /Users/williamcory/guillotine-0/.zig-cache/o/efaed383166e26499e4003483132aafb -Mprimitives=/Users/williamcory/guillotine-0/src/primitives/root.zig /Users/williamcory/guillotine-0/.zig-cache/o/745003cd7e26c66c3b64f2e464dccbeb/libbn254_wrapper.a /Users/williamcory/guillotine-0/.zig-cache/o/0eba1ebe1c29ae3155defb324dc52805/libc_kzg_4844.a -ODebug -I /Users/williamcory/guillotine-0/.zig-cache/o/efaed383166e26499e4003483132aafb -I /Users/williamcory/guillotine-0/src/bn254_wrapper -I /Users/williamcory/guillotine-0/.zig-cache/o/efaed383166e26499e4003483132aafb --dep primitives --dep crypto --dep build_options -Mevm=/Users/williamcory/guillotine-0/src/evm/root.zig -ODebug --dep primitives -Mcrypto=/Users/williamcory/guillotine-0/src/crypto/root.zig -Mbuild_options=/Users/williamcory/guillotine-0/.zig-cache/c/51dd772c2c10a848db74cbe63611df28/options.zig /Users/williamcory/guillotine-0/.zig-cache/o/ba00a8d65708ffe3b9043139228dc76f/libblst.a -framework Security -framework CoreFoundation -lc --cache-dir /Users/williamcory/guillotine-0/.zig-cache --global-cache-dir /Users/williamcory/.cache/zig --name delegatecall-test --zig-lib-dir /opt/homebrew/Cellar/zig/0.14.1/lib/zig/ --listen=- 
test
+- run e2e-inheritance-test
   +- zig test e2e-inheritance-test Debug native 4 errors
test/evm/e2e_inheritance_test.zig:47:23: error: member function expected 1 argument(s), found 0
    defer evm_instance.deinit();
          ~~~~~~~~~~~~^~~~~~~
src/evm/evm.zig:130:5: note: function declared here
pub fn deinit(self: *Evm, allocator: std.mem.Allocator) void {
~~~~^~~~~~~~~~~~~~~~~~~~~~~~~~~~~~~~~~~~~~~~~~~~~~~~~~~~~~~~
test/evm/e2e_inheritance_test.zig:127:23: error: member function expected 1 argument(s), found 0
    defer evm_instance.deinit();
          ~~~~~~~~~~~~^~~~~~~
src/evm/evm.zig:130:5: note: function declared here
pub fn deinit(self: *Evm, allocator: std.mem.Allocator) void {
~~~~^~~~~~~~~~~~~~~~~~~~~~~~~~~~~~~~~~~~~~~~~~~~~~~~~~~~~~~~
test/evm/e2e_inheritance_test.zig:224:23: error: member function expected 1 argument(s), found 0
    defer evm_instance.deinit();
          ~~~~~~~~~~~~^~~~~~~
src/evm/evm.zig:130:5: note: function declared here
pub fn deinit(self: *Evm, allocator: std.mem.Allocator) void {
~~~~^~~~~~~~~~~~~~~~~~~~~~~~~~~~~~~~~~~~~~~~~~~~~~~~~~~~~~~~
test/evm/e2e_inheritance_test.zig:299:23: error: member function expected 1 argument(s), found 0
    defer evm_instance.deinit();
          ~~~~~~~~~~~~^~~~~~~
src/evm/evm.zig:130:5: note: function declared here
pub fn deinit(self: *Evm, allocator: std.mem.Allocator) void {
~~~~^~~~~~~~~~~~~~~~~~~~~~~~~~~~~~~~~~~~~~~~~~~~~~~~~~~~~~~~
error: the following command failed with 4 compilation errors:
/opt/homebrew/Cellar/zig/0.14.1/bin/zig test -fsingle-threaded -fno-stack-check -ODebug --dep primitives --dep evm -Mroot=/Users/williamcory/guillotine-0/test/evm/e2e_inheritance_test.zig /Users/williamcory/guillotine-0/.zig-cache/o/0eba1ebe1c29ae3155defb324dc52805/libc_kzg_4844.a -ODebug -I /Users/williamcory/guillotine-0/.zig-cache/o/efaed383166e26499e4003483132aafb -Mprimitives=/Users/williamcory/guillotine-0/src/primitives/root.zig /Users/williamcory/guillotine-0/.zig-cache/o/745003cd7e26c66c3b64f2e464dccbeb/libbn254_wrapper.a /Users/williamcory/guillotine-0/.zig-cache/o/0eba1ebe1c29ae3155defb324dc52805/libc_kzg_4844.a -ODebug -I /Users/williamcory/guillotine-0/.zig-cache/o/efaed383166e26499e4003483132aafb -I /Users/williamcory/guillotine-0/src/bn254_wrapper -I /Users/williamcory/guillotine-0/.zig-cache/o/efaed383166e26499e4003483132aafb --dep primitives --dep crypto --dep build_options -Mevm=/Users/williamcory/guillotine-0/src/evm/root.zig -ODebug --dep primitives -Mcrypto=/Users/williamcory/guillotine-0/src/crypto/root.zig -Mbuild_options=/Users/williamcory/guillotine-0/.zig-cache/c/51dd772c2c10a848db74cbe63611df28/options.zig /Users/williamcory/guillotine-0/.zig-cache/o/ba00a8d65708ffe3b9043139228dc76f/libblst.a -framework Security -framework CoreFoundation -lc --cache-dir /Users/williamcory/guillotine-0/.zig-cache --global-cache-dir /Users/williamcory/.cache/zig --name e2e-inheritance-test --zig-lib-dir /opt/homebrew/Cellar/zig/0.14.1/lib/zig/ --listen=- 
test
+- run vm-opcode-test
   +- zig test vm-opcode-test Debug native 1 errors
test/evm/vm_opcode_test.zig:58:8: error: member function expected 1 argument(s), found 0
    evm.deinit();
    ~~~^~~~~~~
src/evm/evm.zig:130:5: note: function declared here
pub fn deinit(self: *Evm, allocator: std.mem.Allocator) void {
~~~~^~~~~~~~~~~~~~~~~~~~~~~~~~~~~~~~~~~~~~~~~~~~~~~~~~~~~~~~
referenced by:
    test.VM: Out of gas: test/evm/vm_opcode_test.zig:2111:27
error: the following command failed with 1 compilation errors:
/opt/homebrew/Cellar/zig/0.14.1/bin/zig test -fsingle-threaded -fno-stack-check -ODebug --dep primitives --dep evm -Mroot=/Users/williamcory/guillotine-0/test/evm/vm_opcode_test.zig /Users/williamcory/guillotine-0/.zig-cache/o/0eba1ebe1c29ae3155defb324dc52805/libc_kzg_4844.a -ODebug -I /Users/williamcory/guillotine-0/.zig-cache/o/efaed383166e26499e4003483132aafb -Mprimitives=/Users/williamcory/guillotine-0/src/primitives/root.zig /Users/williamcory/guillotine-0/.zig-cache/o/745003cd7e26c66c3b64f2e464dccbeb/libbn254_wrapper.a /Users/williamcory/guillotine-0/.zig-cache/o/0eba1ebe1c29ae3155defb324dc52805/libc_kzg_4844.a -ODebug -I /Users/williamcory/guillotine-0/.zig-cache/o/efaed383166e26499e4003483132aafb -I /Users/williamcory/guillotine-0/src/bn254_wrapper -I /Users/williamcory/guillotine-0/.zig-cache/o/efaed383166e26499e4003483132aafb --dep primitives --dep crypto --dep build_options -Mevm=/Users/williamcory/guillotine-0/src/evm/root.zig -ODebug --dep primitives -Mcrypto=/Users/williamcory/guillotine-0/src/crypto/root.zig -Mbuild_options=/Users/williamcory/guillotine-0/.zig-cache/c/51dd772c2c10a848db74cbe63611df28/options.zig /Users/williamcory/guillotine-0/.zig-cache/o/ba00a8d65708ffe3b9043139228dc76f/libblst.a -framework Security -framework CoreFoundation -lc --cache-dir /Users/williamcory/guillotine-0/.zig-cache --global-cache-dir /Users/williamcory/.cache/zig --name vm-opcode-test --zig-lib-dir /opt/homebrew/Cellar/zig/0.14.1/lib/zig/ --listen=- 
test
+- run static-protection-test
   +- zig test static-protection-test Debug native 2 errors
src/evm/evm/create_contract_protected.zig:13:16: error: member function expected 5 argument(s), found 4
    return self.create_contract(creator, value, init_code, gas);
           ~~~~^~~~~~~~~~~~~~~~
src/evm/evm/create_contract.zig:31:5: note: function declared here
pub fn create_contract(self: *Vm, allocator: std.mem.Allocator, creator: primitives.Address.Address, value: u256, init_code: []const u8, gas: u64) CreateContractError!CreateResult {
~~~~^~~~~~~~~~~~~~~~~~~~~~~~~~~~~~~~~~~~~~~~~~~~~~~~~~~~~~~~~~~~~~~~~~~~~~~~~~~~~~~~~~~~~~~~~~~~~~~~~~~~~~~~~~~~~~~~~~~~~~~~~~~~~~~~~~~~~~~~~~~~~~~~~~~~~~~~~~~~~~~~~~~~~~~~~~~~~~~
test/evm/static_call_protection_test.zig:21:8: error: member function expected 1 argument(s), found 0
    evm.deinit();
    ~~~^~~~~~~
src/evm/evm.zig:130:5: note: function declared here
pub fn deinit(self: *Evm, allocator: std.mem.Allocator) void {
~~~~^~~~~~~~~~~~~~~~~~~~~~~~~~~~~~~~~~~~~~~~~~~~~~~~~~~~~~~~
referenced by:
    test.Static call protection - comprehensive scenario: test/evm/static_call_protection_test.zig:243:27
error: the following command failed with 2 compilation errors:
/opt/homebrew/Cellar/zig/0.14.1/bin/zig test -fsingle-threaded -fno-stack-check -ODebug --dep primitives --dep evm -Mroot=/Users/williamcory/guillotine-0/test/evm/static_call_protection_test.zig /Users/williamcory/guillotine-0/.zig-cache/o/0eba1ebe1c29ae3155defb324dc52805/libc_kzg_4844.a -ODebug -I /Users/williamcory/guillotine-0/.zig-cache/o/efaed383166e26499e4003483132aafb -Mprimitives=/Users/williamcory/guillotine-0/src/primitives/root.zig /Users/williamcory/guillotine-0/.zig-cache/o/745003cd7e26c66c3b64f2e464dccbeb/libbn254_wrapper.a /Users/williamcory/guillotine-0/.zig-cache/o/0eba1ebe1c29ae3155defb324dc52805/libc_kzg_4844.a -ODebug -I /Users/williamcory/guillotine-0/.zig-cache/o/efaed383166e26499e4003483132aafb -I /Users/williamcory/guillotine-0/src/bn254_wrapper -I /Users/williamcory/guillotine-0/.zig-cache/o/efaed383166e26499e4003483132aafb --dep primitives --dep crypto --dep build_options -Mevm=/Users/williamcory/guillotine-0/src/evm/root.zig -ODebug --dep primitives -Mcrypto=/Users/williamcory/guillotine-0/src/crypto/root.zig -Mbuild_options=/Users/williamcory/guillotine-0/.zig-cache/c/51dd772c2c10a848db74cbe63611df28/options.zig /Users/williamcory/guillotine-0/.zig-cache/o/ba00a8d65708ffe3b9043139228dc76f/libblst.a -framework Security -framework CoreFoundation -lc --cache-dir /Users/williamcory/guillotine-0/.zig-cache --global-cache-dir /Users/williamcory/.cache/zig --name static-protection-test --zig-lib-dir /opt/homebrew/Cellar/zig/0.14.1/lib/zig/ --listen=- 
test
+- run e2e-error-test
   +- zig test e2e-error-test Debug native 7 errors
test/evm/e2e_error_handling_test.zig:33:14: error: member function expected 1 argument(s), found 0
    defer evm.deinit();
          ~~~^~~~~~~
src/evm/evm.zig:130:5: note: function declared here
pub fn deinit(self: *Evm, allocator: std.mem.Allocator) void {
~~~~^~~~~~~~~~~~~~~~~~~~~~~~~~~~~~~~~~~~~~~~~~~~~~~~~~~~~~~~
test/evm/e2e_error_handling_test.zig:130:14: error: member function expected 1 argument(s), found 0
    defer evm.deinit();
          ~~~^~~~~~~
src/evm/evm.zig:130:5: note: function declared here
pub fn deinit(self: *Evm, allocator: std.mem.Allocator) void {
~~~~^~~~~~~~~~~~~~~~~~~~~~~~~~~~~~~~~~~~~~~~~~~~~~~~~~~~~~~~
test/evm/e2e_error_handling_test.zig:267:14: error: member function expected 1 argument(s), found 0
    defer evm.deinit();
          ~~~^~~~~~~
src/evm/evm.zig:130:5: note: function declared here
pub fn deinit(self: *Evm, allocator: std.mem.Allocator) void {
~~~~^~~~~~~~~~~~~~~~~~~~~~~~~~~~~~~~~~~~~~~~~~~~~~~~~~~~~~~~
test/evm/e2e_error_handling_test.zig:362:14: error: member function expected 1 argument(s), found 0
    defer evm.deinit();
          ~~~^~~~~~~
src/evm/evm.zig:130:5: note: function declared here
pub fn deinit(self: *Evm, allocator: std.mem.Allocator) void {
~~~~^~~~~~~~~~~~~~~~~~~~~~~~~~~~~~~~~~~~~~~~~~~~~~~~~~~~~~~~
test/evm/e2e_error_handling_test.zig:437:14: error: member function expected 1 argument(s), found 0
    defer evm.deinit();
          ~~~^~~~~~~
src/evm/evm.zig:130:5: note: function declared here
pub fn deinit(self: *Evm, allocator: std.mem.Allocator) void {
~~~~^~~~~~~~~~~~~~~~~~~~~~~~~~~~~~~~~~~~~~~~~~~~~~~~~~~~~~~~
test/evm/e2e_error_handling_test.zig:539:14: error: member function expected 1 argument(s), found 0
    defer evm.deinit();
          ~~~^~~~~~~
src/evm/evm.zig:130:5: note: function declared here
pub fn deinit(self: *Evm, allocator: std.mem.Allocator) void {
~~~~^~~~~~~~~~~~~~~~~~~~~~~~~~~~~~~~~~~~~~~~~~~~~~~~~~~~~~~~
test/evm/e2e_error_handling_test.zig:612:14: error: member function expected 1 argument(s), found 0
    defer evm.deinit();
          ~~~^~~~~~~
src/evm/evm.zig:130:5: note: function declared here
pub fn deinit(self: *Evm, allocator: std.mem.Allocator) void {
~~~~^~~~~~~~~~~~~~~~~~~~~~~~~~~~~~~~~~~~~~~~~~~~~~~~~~~~~~~~
error: the following command failed with 7 compilation errors:
/opt/homebrew/Cellar/zig/0.14.1/bin/zig test -fsingle-threaded -fno-stack-check -ODebug --dep primitives --dep evm -Mroot=/Users/williamcory/guillotine-0/test/evm/e2e_error_handling_test.zig /Users/williamcory/guillotine-0/.zig-cache/o/0eba1ebe1c29ae3155defb324dc52805/libc_kzg_4844.a -ODebug -I /Users/williamcory/guillotine-0/.zig-cache/o/efaed383166e26499e4003483132aafb -Mprimitives=/Users/williamcory/guillotine-0/src/primitives/root.zig /Users/williamcory/guillotine-0/.zig-cache/o/745003cd7e26c66c3b64f2e464dccbeb/libbn254_wrapper.a /Users/williamcory/guillotine-0/.zig-cache/o/0eba1ebe1c29ae3155defb324dc52805/libc_kzg_4844.a -ODebug -I /Users/williamcory/guillotine-0/.zig-cache/o/efaed383166e26499e4003483132aafb -I /Users/williamcory/guillotine-0/src/bn254_wrapper -I /Users/williamcory/guillotine-0/.zig-cache/o/efaed383166e26499e4003483132aafb --dep primitives --dep crypto --dep build_options -Mevm=/Users/williamcory/guillotine-0/src/evm/root.zig -ODebug --dep primitives -Mcrypto=/Users/williamcory/guillotine-0/src/crypto/root.zig -Mbuild_options=/Users/williamcory/guillotine-0/.zig-cache/c/51dd772c2c10a848db74cbe63611df28/options.zig /Users/williamcory/guillotine-0/.zig-cache/o/ba00a8d65708ffe3b9043139228dc76f/libblst.a -framework Security -framework CoreFoundation -lc --cache-dir /Users/williamcory/guillotine-0/.zig-cache --global-cache-dir /Users/williamcory/.cache/zig --name e2e-error-test --zig-lib-dir /opt/homebrew/Cellar/zig/0.14.1/lib/zig/ --listen=- 
test
+- run test
   +- zig test Debug native 1 errors
src/evm/evm/create_contract_protected.zig:13:16: error: member function expected 5 argument(s), found 4
    return self.create_contract(creator, value, init_code, gas);
           ~~~~^~~~~~~~~~~~~~~~
src/evm/evm/create_contract.zig:31:5: note: function declared here
pub fn create_contract(self: *Vm, allocator: std.mem.Allocator, creator: primitives.Address.Address, value: u256, init_code: []const u8, gas: u64) CreateContractError!CreateResult {
~~~~^~~~~~~~~~~~~~~~~~~~~~~~~~~~~~~~~~~~~~~~~~~~~~~~~~~~~~~~~~~~~~~~~~~~~~~~~~~~~~~~~~~~~~~~~~~~~~~~~~~~~~~~~~~~~~~~~~~~~~~~~~~~~~~~~~~~~~~~~~~~~~~~~~~~~~~~~~~~~~~~~~~~~~~~~~~~~~~
referenced by:
    refAllDecls__anon_45769: /opt/homebrew/Cellar/zig/0.14.1/lib/zig/std/testing.zig:1147:14
    test.Evm module: src/root.zig:261:28
error: the following command failed with 1 compilation errors:
/opt/homebrew/Cellar/zig/0.14.1/bin/zig test /Users/williamcory/guillotine-0/.zig-cache/o/745003cd7e26c66c3b64f2e464dccbeb/libbn254_wrapper.a -ODebug -I /Users/williamcory/guillotine-0/src/bn254_wrapper -I /Users/williamcory/guillotine-0/.zig-cache/o/efaed383166e26499e4003483132aafb -I /Users/williamcory/guillotine-0/src/bn254_wrapper --dep primitives --dep crypto --dep evm --dep provider --dep compilers --dep trie --dep bench --dep revm -Mroot=/Users/williamcory/guillotine-0/src/root.zig /Users/williamcory/guillotine-0/.zig-cache/o/0eba1ebe1c29ae3155defb324dc52805/libc_kzg_4844.a -ODebug -I /Users/williamcory/guillotine-0/.zig-cache/o/efaed383166e26499e4003483132aafb -Mprimitives=/Users/williamcory/guillotine-0/src/primitives/root.zig -ODebug --dep primitives -Mcrypto=/Users/williamcory/guillotine-0/src/crypto/root.zig /Users/williamcory/guillotine-0/.zig-cache/o/745003cd7e26c66c3b64f2e464dccbeb/libbn254_wrapper.a /Users/williamcory/guillotine-0/.zig-cache/o/0eba1ebe1c29ae3155defb324dc52805/libc_kzg_4844.a -ODebug -I /Users/williamcory/guillotine-0/.zig-cache/o/efaed383166e26499e4003483132aafb -I /Users/williamcory/guillotine-0/src/bn254_wrapper -I /Users/williamcory/guillotine-0/.zig-cache/o/efaed383166e26499e4003483132aafb --dep primitives --dep crypto --dep build_options -Mevm=/Users/williamcory/guillotine-0/src/evm/root.zig -ODebug --dep primitives -Mprovider=/Users/williamcory/guillotine-0/src/provider/root.zig -ODebug --dep primitives --dep evm -Mcompilers=/Users/williamcory/guillotine-0/src/compilers/package.zig -ODebug --dep primitives --dep utils -Mtrie=/Users/williamcory/guillotine-0/src/trie/root.zig -OReleaseFast --dep primitives --dep evm=evm0 --dep zbench -Mbench=/Users/williamcory/guillotine-0/bench/root.zig /Users/williamcory/guillotine-0/.zig-cache/o/6842c0b8f4d37f81e6464262e5566cfc/librevm_wrapper.a -ODebug -I /Users/williamcory/guillotine-0/.zig-cache/o/efaed383166e26499e4003483132aafb -I /Users/williamcory/guillotine-0/src/revm_wrapper --dep primitives -Mrevm=/Users/williamcory/guillotine-0/src/revm_wrapper/revm.zig -Mbuild_options=/Users/williamcory/guillotine-0/.zig-cache/c/51dd772c2c10a848db74cbe63611df28/options.zig -ODebug -Mutils=/Users/williamcory/guillotine-0/src/utils.zig /Users/williamcory/guillotine-0/.zig-cache/o/3e2eaa1123c3625baeb5a0f7fa328d87/libbn254_wrapper_bench.a /Users/williamcory/guillotine-0/.zig-cache/o/0eba1ebe1c29ae3155defb324dc52805/libc_kzg_4844.a -OReleaseFast -I /Users/williamcory/guillotine-0/.zig-cache/o/efaed383166e26499e4003483132aafb -I /Users/williamcory/guillotine-0/src/bn254_wrapper -I /Users/williamcory/guillotine-0/.zig-cache/o/efaed383166e26499e4003483132aafb --dep primitives --dep crypto --dep build_options=build_options0 -Mevm0=/Users/williamcory/guillotine-0/src/evm/root.zig -Mzbench=/Users/williamcory/.cache/zig/p/zbench-0.11.0-YTdc75klAQDX2m3fa_EHmQA_wJDgBIGiWXXX091e3qUQ/zbench.zig -Mbuild_options0=/Users/williamcory/guillotine-0/.zig-cache/c/51dd772c2c10a848db74cbe63611df28/options.zig /Users/williamcory/guillotine-0/.zig-cache/o/ba00a8d65708ffe3b9043139228dc76f/libblst.a -framework Security -framework CoreFoundation -framework SystemConfiguration -lc++ -lc --cache-dir /Users/williamcory/guillotine-0/.zig-cache --global-cache-dir /Users/williamcory/.cache/zig --name test --zig-lib-dir /opt/homebrew/Cellar/zig/0.14.1/lib/zig/ --listen=- 
test
+- run opcodes-test
   +- zig test opcodes-test Debug native 450 errors
test/evm/opcodes/arithmetic_comprehensive_test.zig:42:30: error: expected 0 argument(s), found 1
    var frame_builder = Frame.builder(allocator);
                        ~~~~~^~~~~~~~
src/evm/frame/frame.zig:436:5: note: function declared here
pub fn builder() FrameBuilder {
~~~~^~~~~~~~~~~~~~~~~~~~~~~~~
test/evm/opcodes/arithmetic_comprehensive_test.zig:91:30: error: expected 0 argument(s), found 1
    var frame_builder = Frame.builder(allocator);
                        ~~~~~^~~~~~~~
src/evm/frame/frame.zig:436:5: note: function declared here
pub fn builder() FrameBuilder {
~~~~^~~~~~~~~~~~~~~~~~~~~~~~~
test/evm/opcodes/arithmetic_comprehensive_test.zig:139:30: error: expected 0 argument(s), found 1
    var frame_builder = Frame.builder(allocator);
                        ~~~~~^~~~~~~~
src/evm/frame/frame.zig:436:5: note: function declared here
pub fn builder() FrameBuilder {
~~~~^~~~~~~~~~~~~~~~~~~~~~~~~
test/evm/opcodes/arithmetic_comprehensive_test.zig:187:30: error: expected 0 argument(s), found 1
    var frame_builder = Frame.builder(allocator);
                        ~~~~~^~~~~~~~
src/evm/frame/frame.zig:436:5: note: function declared here
pub fn builder() FrameBuilder {
~~~~^~~~~~~~~~~~~~~~~~~~~~~~~
test/evm/opcodes/arithmetic_comprehensive_test.zig:241:30: error: expected 0 argument(s), found 1
    var frame_builder = Frame.builder(allocator);
                        ~~~~~^~~~~~~~
src/evm/frame/frame.zig:436:5: note: function declared here
pub fn builder() FrameBuilder {
~~~~^~~~~~~~~~~~~~~~~~~~~~~~~
test/evm/opcodes/arithmetic_comprehensive_test.zig:288:30: error: expected 0 argument(s), found 1
    var frame_builder = Frame.builder(allocator);
                        ~~~~~^~~~~~~~
src/evm/frame/frame.zig:436:5: note: function declared here
pub fn builder() FrameBuilder {
~~~~^~~~~~~~~~~~~~~~~~~~~~~~~
test/evm/opcodes/arithmetic_comprehensive_test.zig:335:30: error: expected 0 argument(s), found 1
    var frame_builder = Frame.builder(allocator);
                        ~~~~~^~~~~~~~
src/evm/frame/frame.zig:436:5: note: function declared here
pub fn builder() FrameBuilder {
~~~~^~~~~~~~~~~~~~~~~~~~~~~~~
test/evm/opcodes/arithmetic_comprehensive_test.zig:388:30: error: expected 0 argument(s), found 1
    var frame_builder = Frame.builder(allocator);
                        ~~~~~^~~~~~~~
src/evm/frame/frame.zig:436:5: note: function declared here
pub fn builder() FrameBuilder {
~~~~^~~~~~~~~~~~~~~~~~~~~~~~~
test/evm/opcodes/arithmetic_comprehensive_test.zig:435:30: error: expected 0 argument(s), found 1
    var frame_builder = Frame.builder(allocator);
                        ~~~~~^~~~~~~~
src/evm/frame/frame.zig:436:5: note: function declared here
pub fn builder() FrameBuilder {
~~~~^~~~~~~~~~~~~~~~~~~~~~~~~
test/evm/opcodes/arithmetic_comprehensive_test.zig:486:30: error: expected 0 argument(s), found 1
    var frame_builder = Frame.builder(allocator);
                        ~~~~~^~~~~~~~
src/evm/frame/frame.zig:436:5: note: function declared here
pub fn builder() FrameBuilder {
~~~~^~~~~~~~~~~~~~~~~~~~~~~~~
test/evm/opcodes/arithmetic_comprehensive_test.zig:533:30: error: expected 0 argument(s), found 1
    var frame_builder = Frame.builder(allocator);
                        ~~~~~^~~~~~~~
src/evm/frame/frame.zig:436:5: note: function declared here
pub fn builder() FrameBuilder {
~~~~^~~~~~~~~~~~~~~~~~~~~~~~~
test/evm/opcodes/arithmetic_comprehensive_test.zig:580:30: error: expected 0 argument(s), found 1
    var frame_builder = Frame.builder(allocator);
                        ~~~~~^~~~~~~~
src/evm/frame/frame.zig:436:5: note: function declared here
pub fn builder() FrameBuilder {
~~~~^~~~~~~~~~~~~~~~~~~~~~~~~
test/evm/opcodes/arithmetic_comprehensive_test.zig:631:30: error: expected 0 argument(s), found 1
    var frame_builder = Frame.builder(allocator);
                        ~~~~~^~~~~~~~
src/evm/frame/frame.zig:436:5: note: function declared here
pub fn builder() FrameBuilder {
~~~~^~~~~~~~~~~~~~~~~~~~~~~~~
test/evm/opcodes/arithmetic_comprehensive_test.zig:678:30: error: expected 0 argument(s), found 1
    var frame_builder = Frame.builder(allocator);
                        ~~~~~^~~~~~~~
src/evm/frame/frame.zig:436:5: note: function declared here
pub fn builder() FrameBuilder {
~~~~^~~~~~~~~~~~~~~~~~~~~~~~~
test/evm/opcodes/arithmetic_comprehensive_test.zig:728:30: error: expected 0 argument(s), found 1
    var frame_builder = Frame.builder(allocator);
                        ~~~~~^~~~~~~~
src/evm/frame/frame.zig:436:5: note: function declared here
pub fn builder() FrameBuilder {
~~~~^~~~~~~~~~~~~~~~~~~~~~~~~
test/evm/opcodes/arithmetic_comprehensive_test.zig:775:30: error: expected 0 argument(s), found 1
    var frame_builder = Frame.builder(allocator);
                        ~~~~~^~~~~~~~
src/evm/frame/frame.zig:436:5: note: function declared here
pub fn builder() FrameBuilder {
~~~~^~~~~~~~~~~~~~~~~~~~~~~~~
test/evm/opcodes/arithmetic_comprehensive_test.zig:828:30: error: expected 0 argument(s), found 1
    var frame_builder = Frame.builder(allocator);
                        ~~~~~^~~~~~~~
src/evm/frame/frame.zig:436:5: note: function declared here
pub fn builder() FrameBuilder {
~~~~^~~~~~~~~~~~~~~~~~~~~~~~~
test/evm/opcodes/arithmetic_comprehensive_test.zig:875:30: error: expected 0 argument(s), found 1
    var frame_builder = Frame.builder(allocator);
                        ~~~~~^~~~~~~~
src/evm/frame/frame.zig:436:5: note: function declared here
pub fn builder() FrameBuilder {
~~~~^~~~~~~~~~~~~~~~~~~~~~~~~
test/evm/opcodes/arithmetic_comprehensive_test.zig:926:30: error: expected 0 argument(s), found 1
    var frame_builder = Frame.builder(allocator);
                        ~~~~~^~~~~~~~
src/evm/frame/frame.zig:436:5: note: function declared here
pub fn builder() FrameBuilder {
~~~~^~~~~~~~~~~~~~~~~~~~~~~~~
test/evm/opcodes/arithmetic_comprehensive_test.zig:973:30: error: expected 0 argument(s), found 1
    var frame_builder = Frame.builder(allocator);
                        ~~~~~^~~~~~~~
src/evm/frame/frame.zig:436:5: note: function declared here
pub fn builder() FrameBuilder {
~~~~^~~~~~~~~~~~~~~~~~~~~~~~~
test/evm/opcodes/arithmetic_comprehensive_test.zig:1026:30: error: expected 0 argument(s), found 1
    var frame_builder = Frame.builder(allocator);
                        ~~~~~^~~~~~~~
src/evm/frame/frame.zig:436:5: note: function declared here
pub fn builder() FrameBuilder {
~~~~^~~~~~~~~~~~~~~~~~~~~~~~~
test/evm/opcodes/arithmetic_comprehensive_test.zig:1074:30: error: expected 0 argument(s), found 1
    var frame_builder = Frame.builder(allocator);
                        ~~~~~^~~~~~~~
src/evm/frame/frame.zig:436:5: note: function declared here
pub fn builder() FrameBuilder {
~~~~^~~~~~~~~~~~~~~~~~~~~~~~~
test/evm/opcodes/arithmetic_comprehensive_test.zig:1122:30: error: expected 0 argument(s), found 1
    var frame_builder = Frame.builder(allocator);
                        ~~~~~^~~~~~~~
src/evm/frame/frame.zig:436:5: note: function declared here
pub fn builder() FrameBuilder {
~~~~^~~~~~~~~~~~~~~~~~~~~~~~~
test/evm/opcodes/arithmetic_comprehensive_test.zig:1178:30: error: expected 0 argument(s), found 1
    var frame_builder = Frame.builder(allocator);
                        ~~~~~^~~~~~~~
src/evm/frame/frame.zig:436:5: note: function declared here
pub fn builder() FrameBuilder {
~~~~^~~~~~~~~~~~~~~~~~~~~~~~~
test/evm/opcodes/arithmetic_comprehensive_test.zig:1226:30: error: expected 0 argument(s), found 1
    var frame_builder = Frame.builder(allocator);
                        ~~~~~^~~~~~~~
src/evm/frame/frame.zig:436:5: note: function declared here
pub fn builder() FrameBuilder {
~~~~^~~~~~~~~~~~~~~~~~~~~~~~~
test/evm/opcodes/arithmetic_comprehensive_test.zig:1280:30: error: expected 0 argument(s), found 1
    var frame_builder = Frame.builder(allocator);
                        ~~~~~^~~~~~~~
src/evm/frame/frame.zig:436:5: note: function declared here
pub fn builder() FrameBuilder {
~~~~^~~~~~~~~~~~~~~~~~~~~~~~~
test/evm/opcodes/arithmetic_comprehensive_test.zig:1327:30: error: expected 0 argument(s), found 1
    var frame_builder = Frame.builder(allocator);
                        ~~~~~^~~~~~~~
src/evm/frame/frame.zig:436:5: note: function declared here
pub fn builder() FrameBuilder {
~~~~^~~~~~~~~~~~~~~~~~~~~~~~~
test/evm/opcodes/arithmetic_comprehensive_test.zig:1374:30: error: expected 0 argument(s), found 1
    var frame_builder = Frame.builder(allocator);
                        ~~~~~^~~~~~~~
src/evm/frame/frame.zig:436:5: note: function declared here
pub fn builder() FrameBuilder {
~~~~^~~~~~~~~~~~~~~~~~~~~~~~~
test/evm/opcodes/arithmetic_comprehensive_test.zig:1421:30: error: expected 0 argument(s), found 1
    var frame_builder = Frame.builder(allocator);
                        ~~~~~^~~~~~~~
src/evm/frame/frame.zig:436:5: note: function declared here
pub fn builder() FrameBuilder {
~~~~^~~~~~~~~~~~~~~~~~~~~~~~~
test/evm/opcodes/arithmetic_comprehensive_test.zig:1476:30: error: expected 0 argument(s), found 1
    var frame_builder = Frame.builder(allocator);
                        ~~~~~^~~~~~~~
src/evm/frame/frame.zig:436:5: note: function declared here
pub fn builder() FrameBuilder {
~~~~^~~~~~~~~~~~~~~~~~~~~~~~~
test/evm/opcodes/arithmetic_comprehensive_test.zig:1523:30: error: expected 0 argument(s), found 1
    var frame_builder = Frame.builder(allocator);
                        ~~~~~^~~~~~~~
src/evm/frame/frame.zig:436:5: note: function declared here
pub fn builder() FrameBuilder {
~~~~^~~~~~~~~~~~~~~~~~~~~~~~~
test/evm/opcodes/arithmetic_comprehensive_test.zig:1572:30: error: expected 0 argument(s), found 1
    var frame_builder = Frame.builder(allocator);
                        ~~~~~^~~~~~~~
src/evm/frame/frame.zig:436:5: note: function declared here
pub fn builder() FrameBuilder {
~~~~^~~~~~~~~~~~~~~~~~~~~~~~~
test/evm/opcodes/arithmetic_comprehensive_test.zig:1620:30: error: expected 0 argument(s), found 1
    var frame_builder = Frame.builder(allocator);
                        ~~~~~^~~~~~~~
src/evm/frame/frame.zig:436:5: note: function declared here
pub fn builder() FrameBuilder {
~~~~^~~~~~~~~~~~~~~~~~~~~~~~~
test/evm/opcodes/arithmetic_comprehensive_test.zig:1711:34: error: expected 0 argument(s), found 1
        var frame_builder = Frame.builder(allocator);
                            ~~~~~^~~~~~~~
src/evm/frame/frame.zig:436:5: note: function declared here
pub fn builder() FrameBuilder {
~~~~^~~~~~~~~~~~~~~~~~~~~~~~~
test/evm/opcodes/arithmetic_comprehensive_test.zig:1767:34: error: expected 0 argument(s), found 1
        var frame_builder = Frame.builder(allocator);
                            ~~~~~^~~~~~~~
src/evm/frame/frame.zig:436:5: note: function declared here
pub fn builder() FrameBuilder {
~~~~^~~~~~~~~~~~~~~~~~~~~~~~~
test/evm/opcodes/arithmetic_test.zig:37:24: error: expected 0 argument(s), found 1
    var builder = Frame.builder(allocator);
                  ~~~~~^~~~~~~~
src/evm/frame/frame.zig:436:5: note: function declared here
pub fn builder() FrameBuilder {
~~~~^~~~~~~~~~~~~~~~~~~~~~~~~
referenced by:
    test_0: test/evm/opcodes/opcodes_test.zig:6:17
test/evm/opcodes/arithmetic_test.zig:109:24: error: expected 0 argument(s), found 1
    var builder = Frame.builder(allocator);
                  ~~~~~^~~~~~~~
src/evm/frame/frame.zig:436:5: note: function declared here
pub fn builder() FrameBuilder {
~~~~^~~~~~~~~~~~~~~~~~~~~~~~~
test/evm/opcodes/arithmetic_test.zig:172:24: error: expected 0 argument(s), found 1
    var builder = Frame.builder(allocator);
                  ~~~~~^~~~~~~~
src/evm/frame/frame.zig:436:5: note: function declared here
pub fn builder() FrameBuilder {
~~~~^~~~~~~~~~~~~~~~~~~~~~~~~
test/evm/opcodes/arithmetic_test.zig:237:24: error: expected 0 argument(s), found 1
    var builder = Frame.builder(allocator);
                  ~~~~~^~~~~~~~
src/evm/frame/frame.zig:436:5: note: function declared here
pub fn builder() FrameBuilder {
~~~~^~~~~~~~~~~~~~~~~~~~~~~~~
test/evm/opcodes/arithmetic_test.zig:299:24: error: expected 0 argument(s), found 1
    var builder = Frame.builder(allocator);
                  ~~~~~^~~~~~~~
src/evm/frame/frame.zig:436:5: note: function declared here
pub fn builder() FrameBuilder {
~~~~^~~~~~~~~~~~~~~~~~~~~~~~~
test/evm/opcodes/arithmetic_test.zig:361:24: error: expected 0 argument(s), found 1
    var builder = Frame.builder(allocator);
                  ~~~~~^~~~~~~~
src/evm/frame/frame.zig:436:5: note: function declared here
pub fn builder() FrameBuilder {
~~~~^~~~~~~~~~~~~~~~~~~~~~~~~
test/evm/opcodes/arithmetic_test.zig:427:24: error: expected 0 argument(s), found 1
    var builder = Frame.builder(allocator);
                  ~~~~~^~~~~~~~
src/evm/frame/frame.zig:436:5: note: function declared here
pub fn builder() FrameBuilder {
~~~~^~~~~~~~~~~~~~~~~~~~~~~~~
test/evm/opcodes/arithmetic_test.zig:494:24: error: expected 0 argument(s), found 1
    var builder = Frame.builder(allocator);
                  ~~~~~^~~~~~~~
src/evm/frame/frame.zig:436:5: note: function declared here
pub fn builder() FrameBuilder {
~~~~^~~~~~~~~~~~~~~~~~~~~~~~~
test/evm/opcodes/arithmetic_test.zig:567:24: error: expected 0 argument(s), found 1
    var builder = Frame.builder(allocator);
                  ~~~~~^~~~~~~~
src/evm/frame/frame.zig:436:5: note: function declared here
pub fn builder() FrameBuilder {
~~~~^~~~~~~~~~~~~~~~~~~~~~~~~
test/evm/opcodes/bitwise_comprehensive_test.zig:42:30: error: expected 0 argument(s), found 1
    var frame_builder = Frame.builder(allocator);
                        ~~~~~^~~~~~~~
src/evm/frame/frame.zig:436:5: note: function declared here
pub fn builder() FrameBuilder {
~~~~^~~~~~~~~~~~~~~~~~~~~~~~~
test/evm/opcodes/bitwise_comprehensive_test.zig:90:30: error: expected 0 argument(s), found 1
    var frame_builder = Frame.builder(allocator);
                        ~~~~~^~~~~~~~
src/evm/frame/frame.zig:436:5: note: function declared here
pub fn builder() FrameBuilder {
~~~~^~~~~~~~~~~~~~~~~~~~~~~~~
test/evm/opcodes/bitwise_comprehensive_test.zig:137:30: error: expected 0 argument(s), found 1
    var frame_builder = Frame.builder(allocator);
                        ~~~~~^~~~~~~~
src/evm/frame/frame.zig:436:5: note: function declared here
pub fn builder() FrameBuilder {
~~~~^~~~~~~~~~~~~~~~~~~~~~~~~
test/evm/opcodes/bitwise_comprehensive_test.zig:185:30: error: expected 0 argument(s), found 1
    var frame_builder = Frame.builder(allocator);
                        ~~~~~^~~~~~~~
src/evm/frame/frame.zig:436:5: note: function declared here
pub fn builder() FrameBuilder {
~~~~^~~~~~~~~~~~~~~~~~~~~~~~~
test/evm/opcodes/bitwise_comprehensive_test.zig:236:30: error: expected 0 argument(s), found 1
    var frame_builder = Frame.builder(allocator);
                        ~~~~~^~~~~~~~
src/evm/frame/frame.zig:436:5: note: function declared here
pub fn builder() FrameBuilder {
~~~~^~~~~~~~~~~~~~~~~~~~~~~~~
test/evm/opcodes/bitwise_comprehensive_test.zig:283:30: error: expected 0 argument(s), found 1
    var frame_builder = Frame.builder(allocator);
                        ~~~~~^~~~~~~~
src/evm/frame/frame.zig:436:5: note: function declared here
pub fn builder() FrameBuilder {
~~~~^~~~~~~~~~~~~~~~~~~~~~~~~
test/evm/opcodes/bitwise_comprehensive_test.zig:330:30: error: expected 0 argument(s), found 1
    var frame_builder = Frame.builder(allocator);
                        ~~~~~^~~~~~~~
src/evm/frame/frame.zig:436:5: note: function declared here
pub fn builder() FrameBuilder {
~~~~^~~~~~~~~~~~~~~~~~~~~~~~~
test/evm/opcodes/bitwise_comprehensive_test.zig:381:30: error: expected 0 argument(s), found 1
    var frame_builder = Frame.builder(allocator);
                        ~~~~~^~~~~~~~
src/evm/frame/frame.zig:436:5: note: function declared here
pub fn builder() FrameBuilder {
~~~~^~~~~~~~~~~~~~~~~~~~~~~~~
test/evm/opcodes/bitwise_comprehensive_test.zig:428:30: error: expected 0 argument(s), found 1
    var frame_builder = Frame.builder(allocator);
                        ~~~~~^~~~~~~~
src/evm/frame/frame.zig:436:5: note: function declared here
pub fn builder() FrameBuilder {
~~~~^~~~~~~~~~~~~~~~~~~~~~~~~
test/evm/opcodes/bitwise_comprehensive_test.zig:475:30: error: expected 0 argument(s), found 1
    var frame_builder = Frame.builder(allocator);
                        ~~~~~^~~~~~~~
src/evm/frame/frame.zig:436:5: note: function declared here
pub fn builder() FrameBuilder {
~~~~^~~~~~~~~~~~~~~~~~~~~~~~~
test/evm/opcodes/bitwise_comprehensive_test.zig:526:30: error: expected 0 argument(s), found 1
    var frame_builder = Frame.builder(allocator);
                        ~~~~~^~~~~~~~
src/evm/frame/frame.zig:436:5: note: function declared here
pub fn builder() FrameBuilder {
~~~~^~~~~~~~~~~~~~~~~~~~~~~~~
test/evm/opcodes/bitwise_comprehensive_test.zig:572:30: error: expected 0 argument(s), found 1
    var frame_builder = Frame.builder(allocator);
                        ~~~~~^~~~~~~~
src/evm/frame/frame.zig:436:5: note: function declared here
pub fn builder() FrameBuilder {
~~~~^~~~~~~~~~~~~~~~~~~~~~~~~
test/evm/opcodes/bitwise_comprehensive_test.zig:618:30: error: expected 0 argument(s), found 1
    var frame_builder = Frame.builder(allocator);
                        ~~~~~^~~~~~~~
src/evm/frame/frame.zig:436:5: note: function declared here
pub fn builder() FrameBuilder {
~~~~^~~~~~~~~~~~~~~~~~~~~~~~~
test/evm/opcodes/bitwise_comprehensive_test.zig:675:30: error: expected 0 argument(s), found 1
    var frame_builder = Frame.builder(allocator);
                        ~~~~~^~~~~~~~
src/evm/frame/frame.zig:436:5: note: function declared here
pub fn builder() FrameBuilder {
~~~~^~~~~~~~~~~~~~~~~~~~~~~~~
test/evm/opcodes/bitwise_comprehensive_test.zig:722:30: error: expected 0 argument(s), found 1
    var frame_builder = Frame.builder(allocator);
                        ~~~~~^~~~~~~~
src/evm/frame/frame.zig:436:5: note: function declared here
pub fn builder() FrameBuilder {
~~~~^~~~~~~~~~~~~~~~~~~~~~~~~
test/evm/opcodes/bitwise_comprehensive_test.zig:769:30: error: expected 0 argument(s), found 1
    var frame_builder = Frame.builder(allocator);
                        ~~~~~^~~~~~~~
src/evm/frame/frame.zig:436:5: note: function declared here
pub fn builder() FrameBuilder {
~~~~^~~~~~~~~~~~~~~~~~~~~~~~~
test/evm/opcodes/bitwise_comprehensive_test.zig:816:30: error: expected 0 argument(s), found 1
    var frame_builder = Frame.builder(allocator);
                        ~~~~~^~~~~~~~
src/evm/frame/frame.zig:436:5: note: function declared here
pub fn builder() FrameBuilder {
~~~~^~~~~~~~~~~~~~~~~~~~~~~~~
test/evm/opcodes/bitwise_comprehensive_test.zig:928:34: error: expected 0 argument(s), found 1
        var frame_builder = Frame.builder(allocator);
                            ~~~~~^~~~~~~~
src/evm/frame/frame.zig:436:5: note: function declared here
pub fn builder() FrameBuilder {
~~~~^~~~~~~~~~~~~~~~~~~~~~~~~
test/evm/opcodes/bitwise_comprehensive_test.zig:984:34: error: expected 0 argument(s), found 1
        var frame_builder = Frame.builder(allocator);
                            ~~~~~^~~~~~~~
src/evm/frame/frame.zig:436:5: note: function declared here
pub fn builder() FrameBuilder {
~~~~^~~~~~~~~~~~~~~~~~~~~~~~~
test/evm/opcodes/bitwise_comprehensive_test.zig:1068:30: error: expected 0 argument(s), found 1
    var frame_builder = Frame.builder(allocator);
                        ~~~~~^~~~~~~~
src/evm/frame/frame.zig:436:5: note: function declared here
pub fn builder() FrameBuilder {
~~~~^~~~~~~~~~~~~~~~~~~~~~~~~
test/evm/opcodes/bitwise_comprehensive_test.zig:1118:30: error: expected 0 argument(s), found 1
    var frame_builder = Frame.builder(allocator);
                        ~~~~~^~~~~~~~
src/evm/frame/frame.zig:436:5: note: function declared here
pub fn builder() FrameBuilder {
~~~~^~~~~~~~~~~~~~~~~~~~~~~~~
test/evm/opcodes/bitwise_test.zig:37:30: error: expected 0 argument(s), found 1
    var frame_builder = Frame.builder(allocator);
                        ~~~~~^~~~~~~~
src/evm/frame/frame.zig:436:5: note: function declared here
pub fn builder() FrameBuilder {
~~~~^~~~~~~~~~~~~~~~~~~~~~~~~
test/evm/opcodes/bitwise_test.zig:108:30: error: expected 0 argument(s), found 1
    var frame_builder = Frame.builder(allocator);
                        ~~~~~^~~~~~~~
src/evm/frame/frame.zig:436:5: note: function declared here
pub fn builder() FrameBuilder {
~~~~^~~~~~~~~~~~~~~~~~~~~~~~~
test/evm/opcodes/bitwise_test.zig:170:30: error: expected 0 argument(s), found 1
    var frame_builder = Frame.builder(allocator);
                        ~~~~~^~~~~~~~
src/evm/frame/frame.zig:436:5: note: function declared here
pub fn builder() FrameBuilder {
~~~~^~~~~~~~~~~~~~~~~~~~~~~~~
test/evm/opcodes/bitwise_test.zig:231:30: error: expected 0 argument(s), found 1
    var frame_builder = Frame.builder(allocator);
                        ~~~~~^~~~~~~~
src/evm/frame/frame.zig:436:5: note: function declared here
pub fn builder() FrameBuilder {
~~~~^~~~~~~~~~~~~~~~~~~~~~~~~
test/evm/opcodes/bitwise_test.zig:290:30: error: expected 0 argument(s), found 1
    var frame_builder = Frame.builder(allocator);
                        ~~~~~^~~~~~~~
src/evm/frame/frame.zig:436:5: note: function declared here
pub fn builder() FrameBuilder {
~~~~^~~~~~~~~~~~~~~~~~~~~~~~~
test/evm/opcodes/bitwise_test.zig:360:30: error: expected 0 argument(s), found 1
    var frame_builder = Frame.builder(allocator);
                        ~~~~~^~~~~~~~
src/evm/frame/frame.zig:436:5: note: function declared here
pub fn builder() FrameBuilder {
~~~~^~~~~~~~~~~~~~~~~~~~~~~~~
test/evm/opcodes/bitwise_test.zig:430:30: error: expected 0 argument(s), found 1
    var frame_builder = Frame.builder(allocator);
                        ~~~~~^~~~~~~~
src/evm/frame/frame.zig:436:5: note: function declared here
pub fn builder() FrameBuilder {
~~~~^~~~~~~~~~~~~~~~~~~~~~~~~
test/evm/opcodes/bitwise_test.zig:491:30: error: expected 0 argument(s), found 1
    var frame_builder = Frame.builder(allocator);
                        ~~~~~^~~~~~~~
src/evm/frame/frame.zig:436:5: note: function declared here
pub fn builder() FrameBuilder {
~~~~^~~~~~~~~~~~~~~~~~~~~~~~~
test/evm/opcodes/bitwise_test.zig:563:30: error: expected 0 argument(s), found 1
    var frame_builder = Frame.builder(allocator);
                        ~~~~~^~~~~~~~
src/evm/frame/frame.zig:436:5: note: function declared here
pub fn builder() FrameBuilder {
~~~~^~~~~~~~~~~~~~~~~~~~~~~~~
test/evm/opcodes/bitwise_test.zig:613:30: error: expected 0 argument(s), found 1
    var frame_builder = Frame.builder(allocator);
                        ~~~~~^~~~~~~~
src/evm/frame/frame.zig:436:5: note: function declared here
pub fn builder() FrameBuilder {
~~~~^~~~~~~~~~~~~~~~~~~~~~~~~
test/evm/opcodes/block_info_comprehensive_test.zig:65:34: error: expected 0 argument(s), found 1
        var frame_builder = Frame.builder(allocator);
                            ~~~~~^~~~~~~~
src/evm/frame/frame.zig:436:5: note: function declared here
pub fn builder() FrameBuilder {
~~~~^~~~~~~~~~~~~~~~~~~~~~~~~
test/evm/opcodes/block_info_comprehensive_test.zig:137:34: error: expected 0 argument(s), found 1
        var frame_builder = Frame.builder(allocator);
                            ~~~~~^~~~~~~~
src/evm/frame/frame.zig:436:5: note: function declared here
pub fn builder() FrameBuilder {
~~~~^~~~~~~~~~~~~~~~~~~~~~~~~
test/evm/opcodes/block_info_comprehensive_test.zig:166:14: error: member function expected 1 argument(s), found 0
    defer evm.deinit();
          ~~~^~~~~~~
src/evm/evm.zig:130:5: note: function declared here
pub fn deinit(self: *Evm, allocator: std.mem.Allocator) void {
~~~~^~~~~~~~~~~~~~~~~~~~~~~~~~~~~~~~~~~~~~~~~~~~~~~~~~~~~~~~
test/evm/opcodes/block_info_comprehensive_test.zig:264:34: error: expected 0 argument(s), found 1
        var frame_builder = Frame.builder(allocator);
                            ~~~~~^~~~~~~~
src/evm/frame/frame.zig:436:5: note: function declared here
pub fn builder() FrameBuilder {
~~~~^~~~~~~~~~~~~~~~~~~~~~~~~
test/evm/opcodes/block_info_comprehensive_test.zig:330:30: error: expected 0 argument(s), found 1
    var frame_builder = Frame.builder(allocator);
                        ~~~~~^~~~~~~~
src/evm/frame/frame.zig:436:5: note: function declared here
pub fn builder() FrameBuilder {
~~~~^~~~~~~~~~~~~~~~~~~~~~~~~
test/evm/opcodes/block_info_comprehensive_test.zig:423:34: error: expected 0 argument(s), found 1
        var frame_builder = Frame.builder(allocator);
                            ~~~~~^~~~~~~~
src/evm/frame/frame.zig:436:5: note: function declared here
pub fn builder() FrameBuilder {
~~~~^~~~~~~~~~~~~~~~~~~~~~~~~
test/evm/opcodes/block_info_comprehensive_test.zig:489:30: error: expected 0 argument(s), found 1
    var frame_builder = Frame.builder(allocator);
                        ~~~~~^~~~~~~~
src/evm/frame/frame.zig:436:5: note: function declared here
pub fn builder() FrameBuilder {
~~~~^~~~~~~~~~~~~~~~~~~~~~~~~
test/evm/opcodes/block_info_comprehensive_test.zig:560:30: error: expected 0 argument(s), found 1
    var frame_builder = Frame.builder(allocator);
                        ~~~~~^~~~~~~~
src/evm/frame/frame.zig:436:5: note: function declared here
pub fn builder() FrameBuilder {
~~~~^~~~~~~~~~~~~~~~~~~~~~~~~
test/evm/opcodes/block_info_comprehensive_test.zig:618:30: error: expected 0 argument(s), found 1
    var frame_builder = Frame.builder(allocator);
                        ~~~~~^~~~~~~~
src/evm/frame/frame.zig:436:5: note: function declared here
pub fn builder() FrameBuilder {
~~~~^~~~~~~~~~~~~~~~~~~~~~~~~
test/evm/opcodes/block_info_comprehensive_test.zig:688:30: error: expected 0 argument(s), found 1
    var frame_builder = Frame.builder(allocator);
                        ~~~~~^~~~~~~~
src/evm/frame/frame.zig:436:5: note: function declared here
pub fn builder() FrameBuilder {
~~~~^~~~~~~~~~~~~~~~~~~~~~~~~
test/evm/opcodes/block_info_comprehensive_test.zig:748:30: error: expected 0 argument(s), found 1
    var frame_builder = Frame.builder(allocator);
                        ~~~~~^~~~~~~~
src/evm/frame/frame.zig:436:5: note: function declared here
pub fn builder() FrameBuilder {
~~~~^~~~~~~~~~~~~~~~~~~~~~~~~
test/evm/opcodes/block_info_comprehensive_test.zig:810:30: error: expected 0 argument(s), found 1
    var frame_builder = Frame.builder(allocator);
                        ~~~~~^~~~~~~~
src/evm/frame/frame.zig:436:5: note: function declared here
pub fn builder() FrameBuilder {
~~~~^~~~~~~~~~~~~~~~~~~~~~~~~
test/evm/opcodes/block_test.zig:54:30: error: expected 0 argument(s), found 1
    var frame_builder = Frame.builder(allocator);
                        ~~~~~^~~~~~~~
src/evm/frame/frame.zig:436:5: note: function declared here
pub fn builder() FrameBuilder {
~~~~^~~~~~~~~~~~~~~~~~~~~~~~~
test/evm/opcodes/block_test.zig:133:30: error: expected 0 argument(s), found 1
    var frame_builder = Frame.builder(allocator);
                        ~~~~~^~~~~~~~
src/evm/frame/frame.zig:436:5: note: function declared here
pub fn builder() FrameBuilder {
~~~~^~~~~~~~~~~~~~~~~~~~~~~~~
test/evm/opcodes/block_test.zig:197:30: error: expected 0 argument(s), found 1
    var frame_builder = Frame.builder(allocator);
                        ~~~~~^~~~~~~~
src/evm/frame/frame.zig:436:5: note: function declared here
pub fn builder() FrameBuilder {
~~~~^~~~~~~~~~~~~~~~~~~~~~~~~
test/evm/opcodes/block_test.zig:260:30: error: expected 0 argument(s), found 1
    var frame_builder = Frame.builder(allocator);
                        ~~~~~^~~~~~~~
src/evm/frame/frame.zig:436:5: note: function declared here
pub fn builder() FrameBuilder {
~~~~^~~~~~~~~~~~~~~~~~~~~~~~~
test/evm/opcodes/block_test.zig:323:30: error: expected 0 argument(s), found 1
    var frame_builder = Frame.builder(allocator);
                        ~~~~~^~~~~~~~
src/evm/frame/frame.zig:436:5: note: function declared here
pub fn builder() FrameBuilder {
~~~~^~~~~~~~~~~~~~~~~~~~~~~~~
test/evm/opcodes/block_test.zig:386:30: error: expected 0 argument(s), found 1
    var frame_builder = Frame.builder(allocator);
                        ~~~~~^~~~~~~~
src/evm/frame/frame.zig:436:5: note: function declared here
pub fn builder() FrameBuilder {
~~~~^~~~~~~~~~~~~~~~~~~~~~~~~
test/evm/opcodes/block_test.zig:449:30: error: expected 0 argument(s), found 1
    var frame_builder = Frame.builder(allocator);
                        ~~~~~^~~~~~~~
src/evm/frame/frame.zig:436:5: note: function declared here
pub fn builder() FrameBuilder {
~~~~^~~~~~~~~~~~~~~~~~~~~~~~~
test/evm/opcodes/block_test.zig:517:30: error: expected 0 argument(s), found 1
    var frame_builder = Frame.builder(allocator);
                        ~~~~~^~~~~~~~
src/evm/frame/frame.zig:436:5: note: function declared here
pub fn builder() FrameBuilder {
~~~~^~~~~~~~~~~~~~~~~~~~~~~~~
test/evm/opcodes/block_test.zig:602:30: error: expected 0 argument(s), found 1
    var frame_builder = Frame.builder(allocator);
                        ~~~~~^~~~~~~~
src/evm/frame/frame.zig:436:5: note: function declared here
pub fn builder() FrameBuilder {
~~~~^~~~~~~~~~~~~~~~~~~~~~~~~
test/evm/opcodes/block_test.zig:647:30: error: expected 0 argument(s), found 1
    var frame_builder = Frame.builder(allocator);
                        ~~~~~^~~~~~~~
src/evm/frame/frame.zig:436:5: note: function declared here
pub fn builder() FrameBuilder {
~~~~^~~~~~~~~~~~~~~~~~~~~~~~~
test/evm/opcodes/block_test.zig:691:30: error: expected 0 argument(s), found 1
    var frame_builder = Frame.builder(allocator);
                        ~~~~~^~~~~~~~
src/evm/frame/frame.zig:436:5: note: function declared here
pub fn builder() FrameBuilder {
~~~~^~~~~~~~~~~~~~~~~~~~~~~~~
test/evm/opcodes/comparison_test.zig:37:30: error: expected 0 argument(s), found 1
    var frame_builder = Frame.builder(allocator);
                        ~~~~~^~~~~~~~
src/evm/frame/frame.zig:436:5: note: function declared here
pub fn builder() FrameBuilder {
~~~~^~~~~~~~~~~~~~~~~~~~~~~~~
test/evm/opcodes/comparison_test.zig:124:30: error: expected 0 argument(s), found 1
    var frame_builder = Frame.builder(allocator);
                        ~~~~~^~~~~~~~
src/evm/frame/frame.zig:436:5: note: function declared here
pub fn builder() FrameBuilder {
~~~~^~~~~~~~~~~~~~~~~~~~~~~~~
test/evm/opcodes/comparison_test.zig:202:30: error: expected 0 argument(s), found 1
    var frame_builder = Frame.builder(allocator);
                        ~~~~~^~~~~~~~
src/evm/frame/frame.zig:436:5: note: function declared here
pub fn builder() FrameBuilder {
~~~~^~~~~~~~~~~~~~~~~~~~~~~~~
test/evm/opcodes/comparison_test.zig:292:30: error: expected 0 argument(s), found 1
    var frame_builder = Frame.builder(allocator);
                        ~~~~~^~~~~~~~
src/evm/frame/frame.zig:436:5: note: function declared here
pub fn builder() FrameBuilder {
~~~~^~~~~~~~~~~~~~~~~~~~~~~~~
test/evm/opcodes/comparison_test.zig:372:30: error: expected 0 argument(s), found 1
    var frame_builder = Frame.builder(allocator);
                        ~~~~~^~~~~~~~
src/evm/frame/frame.zig:436:5: note: function declared here
pub fn builder() FrameBuilder {
~~~~^~~~~~~~~~~~~~~~~~~~~~~~~
test/evm/opcodes/comparison_test.zig:451:30: error: expected 0 argument(s), found 1
    var frame_builder = Frame.builder(allocator);
                        ~~~~~^~~~~~~~
src/evm/frame/frame.zig:436:5: note: function declared here
pub fn builder() FrameBuilder {
~~~~^~~~~~~~~~~~~~~~~~~~~~~~~
test/evm/opcodes/comparison_test.zig:524:30: error: expected 0 argument(s), found 1
    var frame_builder = Frame.builder(allocator);
                        ~~~~~^~~~~~~~
src/evm/frame/frame.zig:436:5: note: function declared here
pub fn builder() FrameBuilder {
~~~~^~~~~~~~~~~~~~~~~~~~~~~~~
test/evm/opcodes/comparison_test.zig:573:30: error: expected 0 argument(s), found 1
    var frame_builder = Frame.builder(allocator);
                        ~~~~~^~~~~~~~
src/evm/frame/frame.zig:436:5: note: function declared here
pub fn builder() FrameBuilder {
~~~~^~~~~~~~~~~~~~~~~~~~~~~~~
test/evm/opcodes/comparison_test.zig:637:30: error: expected 0 argument(s), found 1
    var frame_builder = Frame.builder(allocator);
                        ~~~~~^~~~~~~~
src/evm/frame/frame.zig:436:5: note: function declared here
pub fn builder() FrameBuilder {
~~~~^~~~~~~~~~~~~~~~~~~~~~~~~
test/evm/opcodes/control_flow_comprehensive_test.zig:59:30: error: expected 0 argument(s), found 1
    var frame_builder = Frame.builder(allocator);
                        ~~~~~^~~~~~~~
src/evm/frame/frame.zig:436:5: note: function declared here
pub fn builder() FrameBuilder {
~~~~^~~~~~~~~~~~~~~~~~~~~~~~~
test/evm/opcodes/control_flow_comprehensive_test.zig:166:39: error: expected 0 argument(s), found 1
        var test_frame_builder = Frame.builder(allocator);
                                 ~~~~~^~~~~~~~
src/evm/frame/frame.zig:436:5: note: function declared here
pub fn builder() FrameBuilder {
~~~~^~~~~~~~~~~~~~~~~~~~~~~~~
test/evm/opcodes/control_flow_comprehensive_test.zig:222:39: error: expected 0 argument(s), found 1
        var test_frame_builder = Frame.builder(allocator);
                                 ~~~~~^~~~~~~~
src/evm/frame/frame.zig:436:5: note: function declared here
pub fn builder() FrameBuilder {
~~~~^~~~~~~~~~~~~~~~~~~~~~~~~
test/evm/opcodes/control_flow_comprehensive_test.zig:268:30: error: expected 0 argument(s), found 1
    var frame_builder = Frame.builder(allocator);
                        ~~~~~^~~~~~~~
src/evm/frame/frame.zig:436:5: note: function declared here
pub fn builder() FrameBuilder {
~~~~^~~~~~~~~~~~~~~~~~~~~~~~~
test/evm/opcodes/control_flow_comprehensive_test.zig:327:30: error: expected 0 argument(s), found 1
    var frame_builder = Frame.builder(allocator);
                        ~~~~~^~~~~~~~
src/evm/frame/frame.zig:436:5: note: function declared here
pub fn builder() FrameBuilder {
~~~~^~~~~~~~~~~~~~~~~~~~~~~~~
test/evm/opcodes/control_flow_comprehensive_test.zig:393:30: error: expected 0 argument(s), found 1
    var frame_builder = Frame.builder(allocator);
                        ~~~~~^~~~~~~~
src/evm/frame/frame.zig:436:5: note: function declared here
pub fn builder() FrameBuilder {
~~~~^~~~~~~~~~~~~~~~~~~~~~~~~
test/evm/opcodes/control_flow_comprehensive_test.zig:451:39: error: expected 0 argument(s), found 1
        var test_frame_builder = Frame.builder(allocator);
                                 ~~~~~^~~~~~~~
src/evm/frame/frame.zig:436:5: note: function declared here
pub fn builder() FrameBuilder {
~~~~^~~~~~~~~~~~~~~~~~~~~~~~~
test/evm/opcodes/control_flow_comprehensive_test.zig:515:30: error: expected 0 argument(s), found 1
    var frame_builder = Frame.builder(allocator);
                        ~~~~~^~~~~~~~
src/evm/frame/frame.zig:436:5: note: function declared here
pub fn builder() FrameBuilder {
~~~~^~~~~~~~~~~~~~~~~~~~~~~~~
test/evm/opcodes/control_flow_comprehensive_test.zig:559:30: error: expected 0 argument(s), found 1
    var frame_builder = Frame.builder(allocator);
                        ~~~~~^~~~~~~~
src/evm/frame/frame.zig:436:5: note: function declared here
pub fn builder() FrameBuilder {
~~~~^~~~~~~~~~~~~~~~~~~~~~~~~
test/evm/opcodes/control_flow_comprehensive_test.zig:623:30: error: expected 0 argument(s), found 1
    var frame_builder = Frame.builder(allocator);
                        ~~~~~^~~~~~~~
src/evm/frame/frame.zig:436:5: note: function declared here
pub fn builder() FrameBuilder {
~~~~^~~~~~~~~~~~~~~~~~~~~~~~~
test/evm/opcodes/control_flow_comprehensive_test.zig:684:30: error: expected 0 argument(s), found 1
    var frame_builder = Frame.builder(allocator);
                        ~~~~~^~~~~~~~
src/evm/frame/frame.zig:436:5: note: function declared here
pub fn builder() FrameBuilder {
~~~~^~~~~~~~~~~~~~~~~~~~~~~~~
test/evm/opcodes/control_flow_comprehensive_test.zig:747:39: error: expected 0 argument(s), found 1
        var test_frame_builder = Frame.builder(allocator);
                                 ~~~~~^~~~~~~~
src/evm/frame/frame.zig:436:5: note: function declared here
pub fn builder() FrameBuilder {
~~~~^~~~~~~~~~~~~~~~~~~~~~~~~
test/evm/opcodes/control_flow_comprehensive_test.zig:791:30: error: expected 0 argument(s), found 1
    var frame_builder = Frame.builder(allocator);
                        ~~~~~^~~~~~~~
src/evm/frame/frame.zig:436:5: note: function declared here
pub fn builder() FrameBuilder {
~~~~^~~~~~~~~~~~~~~~~~~~~~~~~
test/evm/opcodes/control_flow_comprehensive_test.zig:850:39: error: expected 0 argument(s), found 1
        var test_frame_builder = Frame.builder(allocator);
                                 ~~~~~^~~~~~~~
src/evm/frame/frame.zig:436:5: note: function declared here
pub fn builder() FrameBuilder {
~~~~^~~~~~~~~~~~~~~~~~~~~~~~~
test/evm/opcodes/control_flow_comprehensive_test.zig:907:30: error: expected 0 argument(s), found 1
    var frame_builder = Frame.builder(allocator);
                        ~~~~~^~~~~~~~
src/evm/frame/frame.zig:436:5: note: function declared here
pub fn builder() FrameBuilder {
~~~~^~~~~~~~~~~~~~~~~~~~~~~~~
test/evm/opcodes/control_flow_comprehensive_test.zig:964:30: error: expected 0 argument(s), found 1
    var frame_builder = Frame.builder(allocator);
                        ~~~~~^~~~~~~~
src/evm/frame/frame.zig:436:5: note: function declared here
pub fn builder() FrameBuilder {
~~~~^~~~~~~~~~~~~~~~~~~~~~~~~
test/evm/opcodes/control_flow_comprehensive_test.zig:996:14: error: member function expected 1 argument(s), found 0
    defer evm.deinit();
          ~~~^~~~~~~
src/evm/evm.zig:130:5: note: function declared here
pub fn deinit(self: *Evm, allocator: std.mem.Allocator) void {
~~~~^~~~~~~~~~~~~~~~~~~~~~~~~~~~~~~~~~~~~~~~~~~~~~~~~~~~~~~~
test/evm/opcodes/control_flow_comprehensive_test.zig:1067:14: error: member function expected 1 argument(s), found 0
    defer evm.deinit();
          ~~~^~~~~~~
src/evm/evm.zig:130:5: note: function declared here
pub fn deinit(self: *Evm, allocator: std.mem.Allocator) void {
~~~~^~~~~~~~~~~~~~~~~~~~~~~~~~~~~~~~~~~~~~~~~~~~~~~~~~~~~~~~
test/evm/opcodes/control_flow_comprehensive_test.zig:1127:14: error: member function expected 1 argument(s), found 0
    defer evm.deinit();
          ~~~^~~~~~~
src/evm/evm.zig:130:5: note: function declared here
pub fn deinit(self: *Evm, allocator: std.mem.Allocator) void {
~~~~^~~~~~~~~~~~~~~~~~~~~~~~~~~~~~~~~~~~~~~~~~~~~~~~~~~~~~~~
test/evm/opcodes/control_flow_comprehensive_test.zig:1219:39: error: expected 0 argument(s), found 1
        var test_frame_builder = Frame.builder(allocator);
                                 ~~~~~^~~~~~~~
src/evm/frame/frame.zig:436:5: note: function declared here
pub fn builder() FrameBuilder {
~~~~^~~~~~~~~~~~~~~~~~~~~~~~~
test/evm/opcodes/control_flow_comprehensive_test.zig:1303:30: error: expected 0 argument(s), found 1
    var frame_builder = Frame.builder(allocator);
                        ~~~~~^~~~~~~~
src/evm/frame/frame.zig:436:5: note: function declared here
pub fn builder() FrameBuilder {
~~~~^~~~~~~~~~~~~~~~~~~~~~~~~
test/evm/opcodes/control_flow_comprehensive_test.zig:1422:30: error: expected 0 argument(s), found 1
    var frame_builder = Frame.builder(allocator);
                        ~~~~~^~~~~~~~
src/evm/frame/frame.zig:436:5: note: function declared here
pub fn builder() FrameBuilder {
~~~~^~~~~~~~~~~~~~~~~~~~~~~~~
test/evm/opcodes/control_flow_comprehensive_test.zig:1506:30: error: expected 0 argument(s), found 1
    var frame_builder = Frame.builder(allocator);
                        ~~~~~^~~~~~~~
src/evm/frame/frame.zig:436:5: note: function declared here
pub fn builder() FrameBuilder {
~~~~^~~~~~~~~~~~~~~~~~~~~~~~~
test/evm/opcodes/control_flow_comprehensive_test.zig:1595:39: error: expected 0 argument(s), found 1
        var test_frame_builder = Frame.builder(allocator);
                                 ~~~~~^~~~~~~~
src/evm/frame/frame.zig:436:5: note: function declared here
pub fn builder() FrameBuilder {
~~~~^~~~~~~~~~~~~~~~~~~~~~~~~
test/evm/opcodes/control_flow_comprehensive_test.zig:1643:30: error: expected 0 argument(s), found 1
    var frame_builder = Frame.builder(allocator);
                        ~~~~~^~~~~~~~
src/evm/frame/frame.zig:436:5: note: function declared here
pub fn builder() FrameBuilder {
~~~~^~~~~~~~~~~~~~~~~~~~~~~~~
test/evm/opcodes/control_system_comprehensive_test.zig:47:30: error: expected 0 argument(s), found 1
    var frame_builder = Frame.builder(allocator);
                        ~~~~~^~~~~~~~
src/evm/frame/frame.zig:436:5: note: function declared here
pub fn builder() FrameBuilder {
~~~~^~~~~~~~~~~~~~~~~~~~~~~~~
test/evm/opcodes/control_system_comprehensive_test.zig:110:30: error: expected 0 argument(s), found 1
    var frame_builder = Frame.builder(allocator);
                        ~~~~~^~~~~~~~
src/evm/frame/frame.zig:436:5: note: function declared here
pub fn builder() FrameBuilder {
~~~~^~~~~~~~~~~~~~~~~~~~~~~~~
test/evm/opcodes/control_system_comprehensive_test.zig:171:30: error: expected 0 argument(s), found 1
    var frame_builder = Frame.builder(allocator);
                        ~~~~~^~~~~~~~
src/evm/frame/frame.zig:436:5: note: function declared here
pub fn builder() FrameBuilder {
~~~~^~~~~~~~~~~~~~~~~~~~~~~~~
test/evm/opcodes/control_system_comprehensive_test.zig:234:30: error: expected 0 argument(s), found 1
    var frame_builder = Frame.builder(allocator);
                        ~~~~~^~~~~~~~
src/evm/frame/frame.zig:436:5: note: function declared here
pub fn builder() FrameBuilder {
~~~~^~~~~~~~~~~~~~~~~~~~~~~~~
test/evm/opcodes/control_system_comprehensive_test.zig:293:30: error: expected 0 argument(s), found 1
    var frame_builder = Frame.builder(allocator);
                        ~~~~~^~~~~~~~
src/evm/frame/frame.zig:436:5: note: function declared here
pub fn builder() FrameBuilder {
~~~~^~~~~~~~~~~~~~~~~~~~~~~~~
test/evm/opcodes/control_system_comprehensive_test.zig:373:30: error: expected 0 argument(s), found 1
    var frame_builder = Frame.builder(allocator);
                        ~~~~~^~~~~~~~
src/evm/frame/frame.zig:436:5: note: function declared here
pub fn builder() FrameBuilder {
~~~~^~~~~~~~~~~~~~~~~~~~~~~~~
test/evm/opcodes/control_system_comprehensive_test.zig:423:30: error: expected 0 argument(s), found 1
    var frame_builder = Frame.builder(allocator);
                        ~~~~~^~~~~~~~
src/evm/frame/frame.zig:436:5: note: function declared here
pub fn builder() FrameBuilder {
~~~~^~~~~~~~~~~~~~~~~~~~~~~~~
test/evm/opcodes/control_system_comprehensive_test.zig:473:30: error: expected 0 argument(s), found 1
    var frame_builder = Frame.builder(allocator);
                        ~~~~~^~~~~~~~
src/evm/frame/frame.zig:436:5: note: function declared here
pub fn builder() FrameBuilder {
~~~~^~~~~~~~~~~~~~~~~~~~~~~~~
test/evm/opcodes/control_system_comprehensive_test.zig:533:30: error: expected 0 argument(s), found 1
    var frame_builder = Frame.builder(allocator);
                        ~~~~~^~~~~~~~
src/evm/frame/frame.zig:436:5: note: function declared here
pub fn builder() FrameBuilder {
~~~~^~~~~~~~~~~~~~~~~~~~~~~~~
test/evm/opcodes/control_system_comprehensive_test.zig:589:34: error: expected 0 argument(s), found 1
        var frame_builder = Frame.builder(allocator);
                            ~~~~~^~~~~~~~
src/evm/frame/frame.zig:436:5: note: function declared here
pub fn builder() FrameBuilder {
~~~~^~~~~~~~~~~~~~~~~~~~~~~~~
test/evm/opcodes/control_system_comprehensive_test.zig:647:34: error: expected 0 argument(s), found 1
        var frame_builder = Frame.builder(allocator);
                            ~~~~~^~~~~~~~
src/evm/frame/frame.zig:436:5: note: function declared here
pub fn builder() FrameBuilder {
~~~~^~~~~~~~~~~~~~~~~~~~~~~~~
test/evm/opcodes/control_system_comprehensive_test.zig:696:30: error: expected 0 argument(s), found 1
    var frame_builder = Frame.builder(allocator);
                        ~~~~~^~~~~~~~
src/evm/frame/frame.zig:436:5: note: function declared here
pub fn builder() FrameBuilder {
~~~~^~~~~~~~~~~~~~~~~~~~~~~~~
test/evm/opcodes/control_test.zig:37:30: error: expected 0 argument(s), found 1
    var frame_builder = Frame.builder(allocator);
                        ~~~~~^~~~~~~~
src/evm/frame/frame.zig:436:5: note: function declared here
pub fn builder() FrameBuilder {
~~~~^~~~~~~~~~~~~~~~~~~~~~~~~
test/evm/opcodes/control_test.zig:86:30: error: expected 0 argument(s), found 1
    var frame_builder = Frame.builder(allocator);
                        ~~~~~^~~~~~~~
src/evm/frame/frame.zig:436:5: note: function declared here
pub fn builder() FrameBuilder {
~~~~^~~~~~~~~~~~~~~~~~~~~~~~~
test/evm/opcodes/control_test.zig:152:30: error: expected 0 argument(s), found 1
    var frame_builder = Frame.builder(allocator);
                        ~~~~~^~~~~~~~
src/evm/frame/frame.zig:436:5: note: function declared here
pub fn builder() FrameBuilder {
~~~~^~~~~~~~~~~~~~~~~~~~~~~~~
test/evm/opcodes/control_test.zig:221:30: error: expected 0 argument(s), found 1
    var frame_builder = Frame.builder(allocator);
                        ~~~~~^~~~~~~~
src/evm/frame/frame.zig:436:5: note: function declared here
pub fn builder() FrameBuilder {
~~~~^~~~~~~~~~~~~~~~~~~~~~~~~
test/evm/opcodes/control_test.zig:278:30: error: expected 0 argument(s), found 1
    var frame_builder = Frame.builder(allocator);
                        ~~~~~^~~~~~~~
src/evm/frame/frame.zig:436:5: note: function declared here
pub fn builder() FrameBuilder {
~~~~^~~~~~~~~~~~~~~~~~~~~~~~~
test/evm/opcodes/control_test.zig:333:30: error: expected 0 argument(s), found 1
    var frame_builder = Frame.builder(allocator);
                        ~~~~~^~~~~~~~
src/evm/frame/frame.zig:436:5: note: function declared here
pub fn builder() FrameBuilder {
~~~~^~~~~~~~~~~~~~~~~~~~~~~~~
test/evm/opcodes/control_test.zig:405:30: error: expected 0 argument(s), found 1
    var frame_builder = Frame.builder(allocator);
                        ~~~~~^~~~~~~~
src/evm/frame/frame.zig:436:5: note: function declared here
pub fn builder() FrameBuilder {
~~~~^~~~~~~~~~~~~~~~~~~~~~~~~
test/evm/opcodes/control_test.zig:472:30: error: expected 0 argument(s), found 1
    var frame_builder = Frame.builder(allocator);
                        ~~~~~^~~~~~~~
src/evm/frame/frame.zig:436:5: note: function declared here
pub fn builder() FrameBuilder {
~~~~^~~~~~~~~~~~~~~~~~~~~~~~~
test/evm/opcodes/control_test.zig:520:30: error: expected 0 argument(s), found 1
    var frame_builder = Frame.builder(allocator);
                        ~~~~~^~~~~~~~
src/evm/frame/frame.zig:436:5: note: function declared here
pub fn builder() FrameBuilder {
~~~~^~~~~~~~~~~~~~~~~~~~~~~~~
test/evm/opcodes/control_test.zig:594:30: error: expected 0 argument(s), found 1
    var frame_builder = Frame.builder(allocator);
                        ~~~~~^~~~~~~~
src/evm/frame/frame.zig:436:5: note: function declared here
pub fn builder() FrameBuilder {
~~~~^~~~~~~~~~~~~~~~~~~~~~~~~
test/evm/opcodes/create_call_comprehensive_test.zig:50:30: error: expected 0 argument(s), found 1
    var frame_builder = Frame.builder(allocator);
                        ~~~~~^~~~~~~~
src/evm/frame/frame.zig:436:5: note: function declared here
pub fn builder() FrameBuilder {
~~~~^~~~~~~~~~~~~~~~~~~~~~~~~
test/evm/opcodes/create_call_comprehensive_test.zig:117:30: error: expected 0 argument(s), found 1
    var frame_builder = Frame.builder(allocator);
                        ~~~~~^~~~~~~~
src/evm/frame/frame.zig:436:5: note: function declared here
pub fn builder() FrameBuilder {
~~~~^~~~~~~~~~~~~~~~~~~~~~~~~
test/evm/opcodes/create_call_comprehensive_test.zig:169:30: error: expected 0 argument(s), found 1
    var frame_builder = Frame.builder(allocator);
                        ~~~~~^~~~~~~~
src/evm/frame/frame.zig:436:5: note: function declared here
pub fn builder() FrameBuilder {
~~~~^~~~~~~~~~~~~~~~~~~~~~~~~
test/evm/opcodes/create_call_comprehensive_test.zig:221:30: error: expected 0 argument(s), found 1
    var frame_builder = Frame.builder(allocator);
                        ~~~~~^~~~~~~~
src/evm/frame/frame.zig:436:5: note: function declared here
pub fn builder() FrameBuilder {
~~~~^~~~~~~~~~~~~~~~~~~~~~~~~
test/evm/opcodes/create_call_comprehensive_test.zig:287:30: error: expected 0 argument(s), found 1
    var frame_builder = Frame.builder(allocator);
                        ~~~~~^~~~~~~~
src/evm/frame/frame.zig:436:5: note: function declared here
pub fn builder() FrameBuilder {
~~~~^~~~~~~~~~~~~~~~~~~~~~~~~
test/evm/opcodes/create_call_comprehensive_test.zig:353:30: error: expected 0 argument(s), found 1
    var frame_builder = Frame.builder(allocator);
                        ~~~~~^~~~~~~~
src/evm/frame/frame.zig:436:5: note: function declared here
pub fn builder() FrameBuilder {
~~~~^~~~~~~~~~~~~~~~~~~~~~~~~
test/evm/opcodes/create_call_comprehensive_test.zig:411:30: error: expected 0 argument(s), found 1
    var frame_builder = Frame.builder(allocator);
                        ~~~~~^~~~~~~~
src/evm/frame/frame.zig:436:5: note: function declared here
pub fn builder() FrameBuilder {
~~~~^~~~~~~~~~~~~~~~~~~~~~~~~
test/evm/opcodes/create_call_comprehensive_test.zig:467:30: error: expected 0 argument(s), found 1
    var frame_builder = Frame.builder(allocator);
                        ~~~~~^~~~~~~~
src/evm/frame/frame.zig:436:5: note: function declared here
pub fn builder() FrameBuilder {
~~~~^~~~~~~~~~~~~~~~~~~~~~~~~
test/evm/opcodes/create_call_comprehensive_test.zig:531:30: error: expected 0 argument(s), found 1
    var frame_builder = Frame.builder(allocator);
                        ~~~~~^~~~~~~~
src/evm/frame/frame.zig:436:5: note: function declared here
pub fn builder() FrameBuilder {
~~~~^~~~~~~~~~~~~~~~~~~~~~~~~
test/evm/opcodes/create_call_comprehensive_test.zig:592:30: error: expected 0 argument(s), found 1
    var frame_builder = Frame.builder(allocator);
                        ~~~~~^~~~~~~~
src/evm/frame/frame.zig:436:5: note: function declared here
pub fn builder() FrameBuilder {
~~~~^~~~~~~~~~~~~~~~~~~~~~~~~
test/evm/opcodes/create_call_comprehensive_test.zig:657:30: error: expected 0 argument(s), found 1
    var frame_builder = Frame.builder(allocator);
                        ~~~~~^~~~~~~~
src/evm/frame/frame.zig:436:5: note: function declared here
pub fn builder() FrameBuilder {
~~~~^~~~~~~~~~~~~~~~~~~~~~~~~
test/evm/opcodes/create_call_comprehensive_test.zig:717:30: error: expected 0 argument(s), found 1
    var frame_builder = Frame.builder(allocator);
                        ~~~~~^~~~~~~~
src/evm/frame/frame.zig:436:5: note: function declared here
pub fn builder() FrameBuilder {
~~~~^~~~~~~~~~~~~~~~~~~~~~~~~
test/evm/opcodes/create_call_comprehensive_test.zig:782:34: error: expected 0 argument(s), found 1
        var frame_builder = Frame.builder(allocator);
                            ~~~~~^~~~~~~~
src/evm/frame/frame.zig:436:5: note: function declared here
pub fn builder() FrameBuilder {
~~~~^~~~~~~~~~~~~~~~~~~~~~~~~
test/evm/opcodes/create_call_comprehensive_test.zig:854:30: error: expected 0 argument(s), found 1
    var frame_builder = Frame.builder(allocator);
                        ~~~~~^~~~~~~~
src/evm/frame/frame.zig:436:5: note: function declared here
pub fn builder() FrameBuilder {
~~~~^~~~~~~~~~~~~~~~~~~~~~~~~
test/evm/opcodes/crypto_test.zig:37:30: error: expected 0 argument(s), found 1
    var frame_builder = Frame.builder(allocator);
                        ~~~~~^~~~~~~~
src/evm/frame/frame.zig:436:5: note: function declared here
pub fn builder() FrameBuilder {
~~~~^~~~~~~~~~~~~~~~~~~~~~~~~
test/evm/opcodes/crypto_test.zig:129:30: error: expected 0 argument(s), found 1
    var frame_builder = Frame.builder(allocator);
                        ~~~~~^~~~~~~~
src/evm/frame/frame.zig:436:5: note: function declared here
pub fn builder() FrameBuilder {
~~~~^~~~~~~~~~~~~~~~~~~~~~~~~
test/evm/opcodes/crypto_test.zig:192:30: error: expected 0 argument(s), found 1
    var frame_builder = Frame.builder(allocator);
                        ~~~~~^~~~~~~~
src/evm/frame/frame.zig:436:5: note: function declared here
pub fn builder() FrameBuilder {
~~~~^~~~~~~~~~~~~~~~~~~~~~~~~
test/evm/opcodes/crypto_test.zig:248:30: error: expected 0 argument(s), found 1
    var frame_builder = Frame.builder(allocator);
                        ~~~~~^~~~~~~~
src/evm/frame/frame.zig:436:5: note: function declared here
pub fn builder() FrameBuilder {
~~~~^~~~~~~~~~~~~~~~~~~~~~~~~
test/evm/opcodes/dup1_dup16_comprehensive_test.zig:47:30: error: expected 0 argument(s), found 1
    var frame_builder = Frame.builder(allocator);
                        ~~~~~^~~~~~~~
src/evm/frame/frame.zig:436:5: note: function declared here
pub fn builder() FrameBuilder {
~~~~^~~~~~~~~~~~~~~~~~~~~~~~~
test/evm/opcodes/dup1_dup16_comprehensive_test.zig:113:30: error: expected 0 argument(s), found 1
    var frame_builder = Frame.builder(allocator);
                        ~~~~~^~~~~~~~
src/evm/frame/frame.zig:436:5: note: function declared here
pub fn builder() FrameBuilder {
~~~~^~~~~~~~~~~~~~~~~~~~~~~~~
test/evm/opcodes/dup1_dup16_comprehensive_test.zig:168:30: error: expected 0 argument(s), found 1
    var frame_builder = Frame.builder(allocator);
                        ~~~~~^~~~~~~~
src/evm/frame/frame.zig:436:5: note: function declared here
pub fn builder() FrameBuilder {
~~~~^~~~~~~~~~~~~~~~~~~~~~~~~
test/evm/opcodes/dup1_dup16_comprehensive_test.zig:236:30: error: expected 0 argument(s), found 1
    var frame_builder = Frame.builder(allocator);
                        ~~~~~^~~~~~~~
src/evm/frame/frame.zig:436:5: note: function declared here
pub fn builder() FrameBuilder {
~~~~^~~~~~~~~~~~~~~~~~~~~~~~~
test/evm/opcodes/dup1_dup16_comprehensive_test.zig:307:30: error: expected 0 argument(s), found 1
    var frame_builder = Frame.builder(allocator);
                        ~~~~~^~~~~~~~
src/evm/frame/frame.zig:436:5: note: function declared here
pub fn builder() FrameBuilder {
~~~~^~~~~~~~~~~~~~~~~~~~~~~~~
test/evm/opcodes/dup1_dup16_comprehensive_test.zig:383:30: error: expected 0 argument(s), found 1
    var frame_builder = Frame.builder(allocator);
                        ~~~~~^~~~~~~~
src/evm/frame/frame.zig:436:5: note: function declared here
pub fn builder() FrameBuilder {
~~~~^~~~~~~~~~~~~~~~~~~~~~~~~
test/evm/opcodes/dup1_dup16_comprehensive_test.zig:443:30: error: expected 0 argument(s), found 1
    var frame_builder = Frame.builder(allocator);
                        ~~~~~^~~~~~~~
src/evm/frame/frame.zig:436:5: note: function declared here
pub fn builder() FrameBuilder {
~~~~^~~~~~~~~~~~~~~~~~~~~~~~~
test/evm/opcodes/dup1_dup16_comprehensive_test.zig:508:30: error: expected 0 argument(s), found 1
    var frame_builder = Frame.builder(allocator);
                        ~~~~~^~~~~~~~
src/evm/frame/frame.zig:436:5: note: function declared here
pub fn builder() FrameBuilder {
~~~~^~~~~~~~~~~~~~~~~~~~~~~~~
test/evm/opcodes/dup1_dup16_comprehensive_test.zig:580:30: error: expected 0 argument(s), found 1
    var frame_builder = Frame.builder(allocator);
                        ~~~~~^~~~~~~~
src/evm/frame/frame.zig:436:5: note: function declared here
pub fn builder() FrameBuilder {
~~~~^~~~~~~~~~~~~~~~~~~~~~~~~
test/evm/opcodes/dup1_dup16_comprehensive_test.zig:636:30: error: expected 0 argument(s), found 1
    var frame_builder = Frame.builder(allocator);
                        ~~~~~^~~~~~~~
src/evm/frame/frame.zig:436:5: note: function declared here
pub fn builder() FrameBuilder {
~~~~^~~~~~~~~~~~~~~~~~~~~~~~~
test/evm/opcodes/dup1_dup16_comprehensive_test.zig:707:30: error: expected 0 argument(s), found 1
    var frame_builder = Frame.builder(allocator);
                        ~~~~~^~~~~~~~
src/evm/frame/frame.zig:436:5: note: function declared here
pub fn builder() FrameBuilder {
~~~~^~~~~~~~~~~~~~~~~~~~~~~~~
test/evm/opcodes/dup1_dup16_comprehensive_test.zig:780:30: error: expected 0 argument(s), found 1
    var frame_builder = Frame.builder(allocator);
                        ~~~~~^~~~~~~~
src/evm/frame/frame.zig:436:5: note: function declared here
pub fn builder() FrameBuilder {
~~~~^~~~~~~~~~~~~~~~~~~~~~~~~
test/evm/opcodes/environment_comprehensive_test.zig:42:30: error: expected 0 argument(s), found 1
    var frame_builder = Frame.builder(allocator);
                        ~~~~~^~~~~~~~
src/evm/frame/frame.zig:436:5: note: function declared here
pub fn builder() FrameBuilder {
~~~~^~~~~~~~~~~~~~~~~~~~~~~~~
test/evm/opcodes/environment_comprehensive_test.zig:88:30: error: expected 0 argument(s), found 1
    var frame_builder = Frame.builder(allocator);
                        ~~~~~^~~~~~~~
src/evm/frame/frame.zig:436:5: note: function declared here
pub fn builder() FrameBuilder {
~~~~^~~~~~~~~~~~~~~~~~~~~~~~~
test/evm/opcodes/environment_comprehensive_test.zig:157:30: error: expected 0 argument(s), found 1
    var frame_builder = Frame.builder(allocator);
                        ~~~~~^~~~~~~~
src/evm/frame/frame.zig:436:5: note: function declared here
pub fn builder() FrameBuilder {
~~~~^~~~~~~~~~~~~~~~~~~~~~~~~
test/evm/opcodes/environment_comprehensive_test.zig:208:30: error: expected 0 argument(s), found 1
    var frame_builder = Frame.builder(allocator);
                        ~~~~~^~~~~~~~
src/evm/frame/frame.zig:436:5: note: function declared here
pub fn builder() FrameBuilder {
~~~~^~~~~~~~~~~~~~~~~~~~~~~~~
test/evm/opcodes/environment_comprehensive_test.zig:263:34: error: expected 0 argument(s), found 1
        var frame_builder = Frame.builder(allocator);
                            ~~~~~^~~~~~~~
src/evm/frame/frame.zig:436:5: note: function declared here
pub fn builder() FrameBuilder {
~~~~^~~~~~~~~~~~~~~~~~~~~~~~~
test/evm/opcodes/environment_comprehensive_test.zig:317:30: error: expected 0 argument(s), found 1
    var frame_builder = Frame.builder(allocator);
                        ~~~~~^~~~~~~~
src/evm/frame/frame.zig:436:5: note: function declared here
pub fn builder() FrameBuilder {
~~~~^~~~~~~~~~~~~~~~~~~~~~~~~
test/evm/opcodes/environment_comprehensive_test.zig:402:34: error: expected 0 argument(s), found 1
        var frame_builder = Frame.builder(allocator);
                            ~~~~~^~~~~~~~
src/evm/frame/frame.zig:436:5: note: function declared here
pub fn builder() FrameBuilder {
~~~~^~~~~~~~~~~~~~~~~~~~~~~~~
test/evm/opcodes/environment_comprehensive_test.zig:455:30: error: expected 0 argument(s), found 1
    var frame_builder = Frame.builder(allocator);
                        ~~~~~^~~~~~~~
src/evm/frame/frame.zig:436:5: note: function declared here
pub fn builder() FrameBuilder {
~~~~^~~~~~~~~~~~~~~~~~~~~~~~~
test/evm/opcodes/environment_comprehensive_test.zig:548:34: error: expected 0 argument(s), found 1
        var frame_builder = Frame.builder(allocator);
                            ~~~~~^~~~~~~~
src/evm/frame/frame.zig:436:5: note: function declared here
pub fn builder() FrameBuilder {
~~~~^~~~~~~~~~~~~~~~~~~~~~~~~
test/evm/opcodes/environment_comprehensive_test.zig:602:30: error: expected 0 argument(s), found 1
    var frame_builder = Frame.builder(allocator);
                        ~~~~~^~~~~~~~
src/evm/frame/frame.zig:436:5: note: function declared here
pub fn builder() FrameBuilder {
~~~~^~~~~~~~~~~~~~~~~~~~~~~~~
test/evm/opcodes/environment_comprehensive_test.zig:688:34: error: expected 0 argument(s), found 1
        var frame_builder = Frame.builder(allocator);
                            ~~~~~^~~~~~~~
src/evm/frame/frame.zig:436:5: note: function declared here
pub fn builder() FrameBuilder {
~~~~^~~~~~~~~~~~~~~~~~~~~~~~~
test/evm/opcodes/environment_comprehensive_test.zig:738:30: error: expected 0 argument(s), found 1
    var frame_builder = Frame.builder(allocator);
                        ~~~~~^~~~~~~~
src/evm/frame/frame.zig:436:5: note: function declared here
pub fn builder() FrameBuilder {
~~~~^~~~~~~~~~~~~~~~~~~~~~~~~
test/evm/opcodes/environment_comprehensive_test.zig:805:30: error: expected 0 argument(s), found 1
    var frame_builder = Frame.builder(allocator);
                        ~~~~~^~~~~~~~
src/evm/frame/frame.zig:436:5: note: function declared here
pub fn builder() FrameBuilder {
~~~~^~~~~~~~~~~~~~~~~~~~~~~~~
test/evm/opcodes/environment_comprehensive_test.zig:859:30: error: expected 0 argument(s), found 1
    var frame_builder = Frame.builder(allocator);
                        ~~~~~^~~~~~~~
src/evm/frame/frame.zig:436:5: note: function declared here
pub fn builder() FrameBuilder {
~~~~^~~~~~~~~~~~~~~~~~~~~~~~~
test/evm/opcodes/environment_comprehensive_test.zig:906:30: error: expected 0 argument(s), found 1
    var frame_builder = Frame.builder(allocator);
                        ~~~~~^~~~~~~~
src/evm/frame/frame.zig:436:5: note: function declared here
pub fn builder() FrameBuilder {
~~~~^~~~~~~~~~~~~~~~~~~~~~~~~
test/evm/opcodes/environment_test.zig:37:30: error: expected 0 argument(s), found 1
    var frame_builder = Frame.builder(allocator);
                        ~~~~~^~~~~~~~
src/evm/frame/frame.zig:436:5: note: function declared here
pub fn builder() FrameBuilder {
~~~~^~~~~~~~~~~~~~~~~~~~~~~~~
test/evm/opcodes/environment_test.zig:70:14: error: member function expected 1 argument(s), found 0
    defer evm.deinit();
          ~~~^~~~~~~
src/evm/evm.zig:130:5: note: function declared here
pub fn deinit(self: *Evm, allocator: std.mem.Allocator) void {
~~~~^~~~~~~~~~~~~~~~~~~~~~~~~~~~~~~~~~~~~~~~~~~~~~~~~~~~~~~~
test/evm/opcodes/environment_test.zig:165:30: error: expected 0 argument(s), found 1
    var frame_builder = Frame.builder(allocator);
                        ~~~~~^~~~~~~~
src/evm/frame/frame.zig:436:5: note: function declared here
pub fn builder() FrameBuilder {
~~~~^~~~~~~~~~~~~~~~~~~~~~~~~
test/evm/opcodes/environment_test.zig:217:30: error: expected 0 argument(s), found 1
    var frame_builder = Frame.builder(allocator);
                        ~~~~~^~~~~~~~
src/evm/frame/frame.zig:436:5: note: function declared here
pub fn builder() FrameBuilder {
~~~~^~~~~~~~~~~~~~~~~~~~~~~~~
test/evm/opcodes/environment_test.zig:280:30: error: expected 0 argument(s), found 1
    var frame_builder = Frame.builder(allocator);
                        ~~~~~^~~~~~~~
src/evm/frame/frame.zig:436:5: note: function declared here
pub fn builder() FrameBuilder {
~~~~^~~~~~~~~~~~~~~~~~~~~~~~~
test/evm/opcodes/environment_test.zig:308:14: error: member function expected 1 argument(s), found 0
    defer evm.deinit();
          ~~~^~~~~~~
src/evm/evm.zig:130:5: note: function declared here
pub fn deinit(self: *Evm, allocator: std.mem.Allocator) void {
~~~~^~~~~~~~~~~~~~~~~~~~~~~~~~~~~~~~~~~~~~~~~~~~~~~~~~~~~~~~
test/evm/opcodes/environment_test.zig:370:14: error: member function expected 1 argument(s), found 0
    defer evm.deinit();
          ~~~^~~~~~~
src/evm/evm.zig:130:5: note: function declared here
pub fn deinit(self: *Evm, allocator: std.mem.Allocator) void {
~~~~^~~~~~~~~~~~~~~~~~~~~~~~~~~~~~~~~~~~~~~~~~~~~~~~~~~~~~~~
test/evm/opcodes/environment_test.zig:469:14: error: member function expected 1 argument(s), found 0
    defer evm.deinit();
          ~~~^~~~~~~
src/evm/evm.zig:130:5: note: function declared here
pub fn deinit(self: *Evm, allocator: std.mem.Allocator) void {
~~~~^~~~~~~~~~~~~~~~~~~~~~~~~~~~~~~~~~~~~~~~~~~~~~~~~~~~~~~~
test/evm/opcodes/environment_test.zig:531:14: error: member function expected 1 argument(s), found 0
    defer evm.deinit();
          ~~~^~~~~~~
src/evm/evm.zig:130:5: note: function declared here
pub fn deinit(self: *Evm, allocator: std.mem.Allocator) void {
~~~~^~~~~~~~~~~~~~~~~~~~~~~~~~~~~~~~~~~~~~~~~~~~~~~~~~~~~~~~
test/evm/opcodes/environment_test.zig:617:30: error: expected 0 argument(s), found 1
    var frame_builder = Frame.builder(allocator);
                        ~~~~~^~~~~~~~
src/evm/frame/frame.zig:436:5: note: function declared here
pub fn builder() FrameBuilder {
~~~~^~~~~~~~~~~~~~~~~~~~~~~~~
test/evm/opcodes/environment_test.zig:645:14: error: member function expected 1 argument(s), found 0
    defer evm.deinit();
          ~~~^~~~~~~
src/evm/evm.zig:130:5: note: function declared here
pub fn deinit(self: *Evm, allocator: std.mem.Allocator) void {
~~~~^~~~~~~~~~~~~~~~~~~~~~~~~~~~~~~~~~~~~~~~~~~~~~~~~~~~~~~~
test/evm/opcodes/environment_test.zig:719:30: error: expected 0 argument(s), found 1
    var frame_builder = Frame.builder(allocator);
                        ~~~~~^~~~~~~~
src/evm/frame/frame.zig:436:5: note: function declared here
pub fn builder() FrameBuilder {
~~~~^~~~~~~~~~~~~~~~~~~~~~~~~
test/evm/opcodes/invalid_opcodes_test.zig:43:30: error: expected 0 argument(s), found 1
    var frame_builder = Frame.builder(allocator);
                        ~~~~~^~~~~~~~
src/evm/frame/frame.zig:436:5: note: function declared here
pub fn builder() FrameBuilder {
~~~~^~~~~~~~~~~~~~~~~~~~~~~~~
test/evm/opcodes/invalid_opcodes_test.zig:107:30: error: expected 0 argument(s), found 1
    var frame_builder = Frame.builder(allocator);
                        ~~~~~^~~~~~~~
src/evm/frame/frame.zig:436:5: note: function declared here
pub fn builder() FrameBuilder {
~~~~^~~~~~~~~~~~~~~~~~~~~~~~~
test/evm/opcodes/log0_log4_comprehensive_test.zig:46:30: error: expected 0 argument(s), found 1
    var frame_builder = Frame.builder(allocator);
                        ~~~~~^~~~~~~~
src/evm/frame/frame.zig:436:5: note: function declared here
pub fn builder() FrameBuilder {
~~~~^~~~~~~~~~~~~~~~~~~~~~~~~
test/evm/opcodes/log0_log4_comprehensive_test.zig:144:30: error: expected 0 argument(s), found 1
    var frame_builder = Frame.builder(allocator);
                        ~~~~~^~~~~~~~
src/evm/frame/frame.zig:436:5: note: function declared here
pub fn builder() FrameBuilder {
~~~~^~~~~~~~~~~~~~~~~~~~~~~~~
test/evm/opcodes/log0_log4_comprehensive_test.zig:230:30: error: expected 0 argument(s), found 1
    var frame_builder = Frame.builder(allocator);
                        ~~~~~^~~~~~~~
src/evm/frame/frame.zig:436:5: note: function declared here
pub fn builder() FrameBuilder {
~~~~^~~~~~~~~~~~~~~~~~~~~~~~~
test/evm/opcodes/log0_log4_comprehensive_test.zig:338:30: error: expected 0 argument(s), found 1
    var frame_builder = Frame.builder(allocator);
                        ~~~~~^~~~~~~~
src/evm/frame/frame.zig:436:5: note: function declared here
pub fn builder() FrameBuilder {
~~~~^~~~~~~~~~~~~~~~~~~~~~~~~
test/evm/opcodes/log0_log4_comprehensive_test.zig:427:30: error: expected 0 argument(s), found 1
    var frame_builder = Frame.builder(allocator);
                        ~~~~~^~~~~~~~
src/evm/frame/frame.zig:436:5: note: function declared here
pub fn builder() FrameBuilder {
~~~~^~~~~~~~~~~~~~~~~~~~~~~~~
test/evm/opcodes/log0_log4_comprehensive_test.zig:497:30: error: expected 0 argument(s), found 1
    var frame_builder = Frame.builder(allocator);
                        ~~~~~^~~~~~~~
src/evm/frame/frame.zig:436:5: note: function declared here
pub fn builder() FrameBuilder {
~~~~^~~~~~~~~~~~~~~~~~~~~~~~~
test/evm/opcodes/log0_log4_comprehensive_test.zig:559:30: error: expected 0 argument(s), found 1
    var frame_builder = Frame.builder(allocator);
                        ~~~~~^~~~~~~~
src/evm/frame/frame.zig:436:5: note: function declared here
pub fn builder() FrameBuilder {
~~~~^~~~~~~~~~~~~~~~~~~~~~~~~
test/evm/opcodes/log0_log4_comprehensive_test.zig:615:30: error: expected 0 argument(s), found 1
    var frame_builder = Frame.builder(allocator);
                        ~~~~~^~~~~~~~
src/evm/frame/frame.zig:436:5: note: function declared here
pub fn builder() FrameBuilder {
~~~~^~~~~~~~~~~~~~~~~~~~~~~~~
test/evm/opcodes/log0_log4_comprehensive_test.zig:751:30: error: expected 0 argument(s), found 1
    var frame_builder = Frame.builder(allocator);
                        ~~~~~^~~~~~~~
src/evm/frame/frame.zig:436:5: note: function declared here
pub fn builder() FrameBuilder {
~~~~^~~~~~~~~~~~~~~~~~~~~~~~~
test/evm/opcodes/log0_log4_comprehensive_test.zig:841:30: error: expected 0 argument(s), found 1
    var frame_builder = Frame.builder(allocator);
                        ~~~~~^~~~~~~~
src/evm/frame/frame.zig:436:5: note: function declared here
pub fn builder() FrameBuilder {
~~~~^~~~~~~~~~~~~~~~~~~~~~~~~
test/evm/opcodes/log_test.zig:38:30: error: expected 0 argument(s), found 1
    var frame_builder = Frame.builder(allocator);
                        ~~~~~^~~~~~~~
src/evm/frame/frame.zig:436:5: note: function declared here
pub fn builder() FrameBuilder {
~~~~^~~~~~~~~~~~~~~~~~~~~~~~~
test/evm/opcodes/log_test.zig:97:30: error: expected 0 argument(s), found 1
    var frame_builder = Frame.builder(allocator);
                        ~~~~~^~~~~~~~
src/evm/frame/frame.zig:436:5: note: function declared here
pub fn builder() FrameBuilder {
~~~~^~~~~~~~~~~~~~~~~~~~~~~~~
test/evm/opcodes/log_test.zig:149:30: error: expected 0 argument(s), found 1
    var frame_builder = Frame.builder(allocator);
                        ~~~~~^~~~~~~~
src/evm/frame/frame.zig:436:5: note: function declared here
pub fn builder() FrameBuilder {
~~~~^~~~~~~~~~~~~~~~~~~~~~~~~
test/evm/opcodes/log_test.zig:210:30: error: expected 0 argument(s), found 1
    var frame_builder = Frame.builder(allocator);
                        ~~~~~^~~~~~~~
src/evm/frame/frame.zig:436:5: note: function declared here
pub fn builder() FrameBuilder {
~~~~^~~~~~~~~~~~~~~~~~~~~~~~~
test/evm/opcodes/log_test.zig:273:30: error: expected 0 argument(s), found 1
    var frame_builder = Frame.builder(allocator);
                        ~~~~~^~~~~~~~
src/evm/frame/frame.zig:436:5: note: function declared here
pub fn builder() FrameBuilder {
~~~~^~~~~~~~~~~~~~~~~~~~~~~~~
test/evm/opcodes/log_test.zig:331:30: error: expected 0 argument(s), found 1
    var frame_builder = Frame.builder(allocator);
                        ~~~~~^~~~~~~~
src/evm/frame/frame.zig:436:5: note: function declared here
pub fn builder() FrameBuilder {
~~~~^~~~~~~~~~~~~~~~~~~~~~~~~
test/evm/opcodes/log_test.zig:399:30: error: expected 0 argument(s), found 1
    var frame_builder = Frame.builder(allocator);
                        ~~~~~^~~~~~~~
src/evm/frame/frame.zig:436:5: note: function declared here
pub fn builder() FrameBuilder {
~~~~^~~~~~~~~~~~~~~~~~~~~~~~~
test/evm/opcodes/log_test.zig:448:30: error: expected 0 argument(s), found 1
    var frame_builder = Frame.builder(allocator);
                        ~~~~~^~~~~~~~
src/evm/frame/frame.zig:436:5: note: function declared here
pub fn builder() FrameBuilder {
~~~~^~~~~~~~~~~~~~~~~~~~~~~~~
test/evm/opcodes/log_test.zig:499:30: error: expected 0 argument(s), found 1
    var frame_builder = Frame.builder(allocator);
                        ~~~~~^~~~~~~~
src/evm/frame/frame.zig:436:5: note: function declared here
pub fn builder() FrameBuilder {
~~~~^~~~~~~~~~~~~~~~~~~~~~~~~
test/evm/opcodes/log_test.zig:552:30: error: expected 0 argument(s), found 1
    var frame_builder = Frame.builder(allocator);
                        ~~~~~^~~~~~~~
src/evm/frame/frame.zig:436:5: note: function declared here
pub fn builder() FrameBuilder {
~~~~^~~~~~~~~~~~~~~~~~~~~~~~~
test/evm/opcodes/log_test.zig:611:30: error: expected 0 argument(s), found 1
    var frame_builder = Frame.builder(allocator);
                        ~~~~~^~~~~~~~
src/evm/frame/frame.zig:436:5: note: function declared here
pub fn builder() FrameBuilder {
~~~~^~~~~~~~~~~~~~~~~~~~~~~~~
test/evm/opcodes/log_test.zig:663:30: error: expected 0 argument(s), found 1
    var frame_builder = Frame.builder(allocator);
                        ~~~~~^~~~~~~~
src/evm/frame/frame.zig:436:5: note: function declared here
pub fn builder() FrameBuilder {
~~~~^~~~~~~~~~~~~~~~~~~~~~~~~
test/evm/opcodes/log_test.zig:708:30: error: expected 0 argument(s), found 1
    var frame_builder = Frame.builder(allocator);
                        ~~~~~^~~~~~~~
src/evm/frame/frame.zig:436:5: note: function declared here
pub fn builder() FrameBuilder {
~~~~^~~~~~~~~~~~~~~~~~~~~~~~~
test/evm/opcodes/log_test.zig:759:30: error: expected 0 argument(s), found 1
    var frame_builder = Frame.builder(allocator);
                        ~~~~~^~~~~~~~
src/evm/frame/frame.zig:436:5: note: function declared here
pub fn builder() FrameBuilder {
~~~~^~~~~~~~~~~~~~~~~~~~~~~~~
test/evm/opcodes/memory_comprehensive_test.zig:47:30: error: expected 0 argument(s), found 1
    var frame_builder = Frame.builder(allocator);
                        ~~~~~^~~~~~~~
src/evm/frame/frame.zig:436:5: note: function declared here
pub fn builder() FrameBuilder {
~~~~^~~~~~~~~~~~~~~~~~~~~~~~~
test/evm/opcodes/memory_comprehensive_test.zig:106:30: error: expected 0 argument(s), found 1
    var frame_builder = Frame.builder(allocator);
                        ~~~~~^~~~~~~~
src/evm/frame/frame.zig:436:5: note: function declared here
pub fn builder() FrameBuilder {
~~~~^~~~~~~~~~~~~~~~~~~~~~~~~
test/evm/opcodes/memory_comprehensive_test.zig:177:30: error: expected 0 argument(s), found 1
    var frame_builder = Frame.builder(allocator);
                        ~~~~~^~~~~~~~
src/evm/frame/frame.zig:436:5: note: function declared here
pub fn builder() FrameBuilder {
~~~~^~~~~~~~~~~~~~~~~~~~~~~~~
test/evm/opcodes/memory_comprehensive_test.zig:241:30: error: expected 0 argument(s), found 1
    var frame_builder = Frame.builder(allocator);
                        ~~~~~^~~~~~~~
src/evm/frame/frame.zig:436:5: note: function declared here
pub fn builder() FrameBuilder {
~~~~^~~~~~~~~~~~~~~~~~~~~~~~~
test/evm/opcodes/memory_comprehensive_test.zig:288:30: error: expected 0 argument(s), found 1
    var frame_builder = Frame.builder(allocator);
                        ~~~~~^~~~~~~~
src/evm/frame/frame.zig:436:5: note: function declared here
pub fn builder() FrameBuilder {
~~~~^~~~~~~~~~~~~~~~~~~~~~~~~
test/evm/opcodes/memory_comprehensive_test.zig:355:30: error: expected 0 argument(s), found 1
    var frame_builder = Frame.builder(allocator);
                        ~~~~~^~~~~~~~
src/evm/frame/frame.zig:436:5: note: function declared here
pub fn builder() FrameBuilder {
~~~~^~~~~~~~~~~~~~~~~~~~~~~~~
test/evm/opcodes/memory_comprehensive_test.zig:432:30: error: expected 0 argument(s), found 1
    var frame_builder = Frame.builder(allocator);
                        ~~~~~^~~~~~~~
src/evm/frame/frame.zig:436:5: note: function declared here
pub fn builder() FrameBuilder {
~~~~^~~~~~~~~~~~~~~~~~~~~~~~~
test/evm/opcodes/memory_comprehensive_test.zig:508:30: error: expected 0 argument(s), found 1
    var frame_builder = Frame.builder(allocator);
                        ~~~~~^~~~~~~~
src/evm/frame/frame.zig:436:5: note: function declared here
pub fn builder() FrameBuilder {
~~~~^~~~~~~~~~~~~~~~~~~~~~~~~
test/evm/opcodes/memory_comprehensive_test.zig:560:30: error: expected 0 argument(s), found 1
    var frame_builder = Frame.builder(allocator);
                        ~~~~~^~~~~~~~
src/evm/frame/frame.zig:436:5: note: function declared here
pub fn builder() FrameBuilder {
~~~~^~~~~~~~~~~~~~~~~~~~~~~~~
test/evm/opcodes/memory_comprehensive_test.zig:633:30: error: expected 0 argument(s), found 1
    var frame_builder = Frame.builder(allocator);
                        ~~~~~^~~~~~~~
src/evm/frame/frame.zig:436:5: note: function declared here
pub fn builder() FrameBuilder {
~~~~^~~~~~~~~~~~~~~~~~~~~~~~~
test/evm/opcodes/memory_comprehensive_test.zig:734:30: error: expected 0 argument(s), found 1
    var frame_builder = Frame.builder(allocator);
                        ~~~~~^~~~~~~~
src/evm/frame/frame.zig:436:5: note: function declared here
pub fn builder() FrameBuilder {
~~~~^~~~~~~~~~~~~~~~~~~~~~~~~
test/evm/opcodes/memory_comprehensive_test.zig:816:30: error: expected 0 argument(s), found 1
    var frame_builder = Frame.builder(allocator);
                        ~~~~~^~~~~~~~
src/evm/frame/frame.zig:436:5: note: function declared here
pub fn builder() FrameBuilder {
~~~~^~~~~~~~~~~~~~~~~~~~~~~~~
test/evm/opcodes/memory_comprehensive_test.zig:868:30: error: expected 0 argument(s), found 1
    var frame_builder = Frame.builder(allocator);
                        ~~~~~^~~~~~~~
src/evm/frame/frame.zig:436:5: note: function declared here
pub fn builder() FrameBuilder {
~~~~^~~~~~~~~~~~~~~~~~~~~~~~~
test/evm/opcodes/memory_test.zig:38:30: error: expected 0 argument(s), found 1
    var frame_builder = Frame.builder(allocator);
                        ~~~~~^~~~~~~~
src/evm/frame/frame.zig:436:5: note: function declared here
pub fn builder() FrameBuilder {
~~~~^~~~~~~~~~~~~~~~~~~~~~~~~
test/evm/opcodes/memory_test.zig:96:30: error: expected 0 argument(s), found 1
    var frame_builder = Frame.builder(allocator);
                        ~~~~~^~~~~~~~
src/evm/frame/frame.zig:436:5: note: function declared here
pub fn builder() FrameBuilder {
~~~~^~~~~~~~~~~~~~~~~~~~~~~~~
test/evm/opcodes/memory_test.zig:153:30: error: expected 0 argument(s), found 1
    var frame_builder = Frame.builder(allocator);
                        ~~~~~^~~~~~~~
src/evm/frame/frame.zig:436:5: note: function declared here
pub fn builder() FrameBuilder {
~~~~^~~~~~~~~~~~~~~~~~~~~~~~~
test/evm/opcodes/memory_test.zig:201:30: error: expected 0 argument(s), found 1
    var frame_builder = Frame.builder(allocator);
                        ~~~~~^~~~~~~~
src/evm/frame/frame.zig:436:5: note: function declared here
pub fn builder() FrameBuilder {
~~~~^~~~~~~~~~~~~~~~~~~~~~~~~
test/evm/opcodes/memory_test.zig:253:30: error: expected 0 argument(s), found 1
    var frame_builder = Frame.builder(allocator);
                        ~~~~~^~~~~~~~
src/evm/frame/frame.zig:436:5: note: function declared here
pub fn builder() FrameBuilder {
~~~~^~~~~~~~~~~~~~~~~~~~~~~~~
test/evm/opcodes/memory_test.zig:307:30: error: expected 0 argument(s), found 1
    var frame_builder = Frame.builder(allocator);
                        ~~~~~^~~~~~~~
src/evm/frame/frame.zig:436:5: note: function declared here
pub fn builder() FrameBuilder {
~~~~^~~~~~~~~~~~~~~~~~~~~~~~~
test/evm/opcodes/memory_test.zig:361:30: error: expected 0 argument(s), found 1
    var frame_builder = Frame.builder(allocator);
                        ~~~~~^~~~~~~~
src/evm/frame/frame.zig:436:5: note: function declared here
pub fn builder() FrameBuilder {
~~~~^~~~~~~~~~~~~~~~~~~~~~~~~
test/evm/opcodes/memory_test.zig:411:30: error: expected 0 argument(s), found 1
    var frame_builder = Frame.builder(allocator);
                        ~~~~~^~~~~~~~
src/evm/frame/frame.zig:436:5: note: function declared here
pub fn builder() FrameBuilder {
~~~~^~~~~~~~~~~~~~~~~~~~~~~~~
test/evm/opcodes/memory_test.zig:468:30: error: expected 0 argument(s), found 1
    var frame_builder = Frame.builder(allocator);
                        ~~~~~^~~~~~~~
src/evm/frame/frame.zig:436:5: note: function declared here
pub fn builder() FrameBuilder {
~~~~^~~~~~~~~~~~~~~~~~~~~~~~~
test/evm/opcodes/memory_test.zig:534:30: error: expected 0 argument(s), found 1
    var frame_builder = Frame.builder(allocator);
                        ~~~~~^~~~~~~~
src/evm/frame/frame.zig:436:5: note: function declared here
pub fn builder() FrameBuilder {
~~~~^~~~~~~~~~~~~~~~~~~~~~~~~
test/evm/opcodes/memory_test.zig:593:30: error: expected 0 argument(s), found 1
    var frame_builder = Frame.builder(allocator);
                        ~~~~~^~~~~~~~
src/evm/frame/frame.zig:436:5: note: function declared here
pub fn builder() FrameBuilder {
~~~~^~~~~~~~~~~~~~~~~~~~~~~~~
test/evm/opcodes/memory_test.zig:652:30: error: expected 0 argument(s), found 1
    var frame_builder = Frame.builder(allocator);
                        ~~~~~^~~~~~~~
src/evm/frame/frame.zig:436:5: note: function declared here
pub fn builder() FrameBuilder {
~~~~^~~~~~~~~~~~~~~~~~~~~~~~~
test/evm/opcodes/memory_test.zig:703:30: error: expected 0 argument(s), found 1
    var frame_builder = Frame.builder(allocator);
                        ~~~~~^~~~~~~~
src/evm/frame/frame.zig:436:5: note: function declared here
pub fn builder() FrameBuilder {
~~~~^~~~~~~~~~~~~~~~~~~~~~~~~
test/evm/opcodes/memory_test.zig:753:30: error: expected 0 argument(s), found 1
    var frame_builder = Frame.builder(allocator);
                        ~~~~~^~~~~~~~
src/evm/frame/frame.zig:436:5: note: function declared here
pub fn builder() FrameBuilder {
~~~~^~~~~~~~~~~~~~~~~~~~~~~~~
test/evm/opcodes/memory_test.zig:804:30: error: expected 0 argument(s), found 1
    var frame_builder = Frame.builder(allocator);
                        ~~~~~^~~~~~~~
src/evm/frame/frame.zig:436:5: note: function declared here
pub fn builder() FrameBuilder {
~~~~^~~~~~~~~~~~~~~~~~~~~~~~~
test/evm/opcodes/memory_test.zig:860:30: error: expected 0 argument(s), found 1
    var frame_builder = Frame.builder(allocator);
                        ~~~~~^~~~~~~~
src/evm/frame/frame.zig:436:5: note: function declared here
pub fn builder() FrameBuilder {
~~~~^~~~~~~~~~~~~~~~~~~~~~~~~
test/evm/opcodes/memory_test.zig:904:30: error: expected 0 argument(s), found 1
    var frame_builder = Frame.builder(allocator);
                        ~~~~~^~~~~~~~
src/evm/frame/frame.zig:436:5: note: function declared here
pub fn builder() FrameBuilder {
~~~~^~~~~~~~~~~~~~~~~~~~~~~~~
test/evm/opcodes/memory_test.zig:949:30: error: expected 0 argument(s), found 1
    var frame_builder = Frame.builder(allocator);
                        ~~~~~^~~~~~~~
src/evm/frame/frame.zig:436:5: note: function declared here
pub fn builder() FrameBuilder {
~~~~^~~~~~~~~~~~~~~~~~~~~~~~~
test/evm/opcodes/memory_test.zig:997:30: error: expected 0 argument(s), found 1
    var frame_builder = Frame.builder(allocator);
                        ~~~~~^~~~~~~~
src/evm/frame/frame.zig:436:5: note: function declared here
pub fn builder() FrameBuilder {
~~~~^~~~~~~~~~~~~~~~~~~~~~~~~
test/evm/opcodes/memory_test.zig:1042:30: error: expected 0 argument(s), found 1
    var frame_builder = Frame.builder(allocator);
                        ~~~~~^~~~~~~~
src/evm/frame/frame.zig:436:5: note: function declared here
pub fn builder() FrameBuilder {
~~~~^~~~~~~~~~~~~~~~~~~~~~~~~
test/evm/opcodes/msize_gas_jumpdest_comprehensive_test.zig:41:30: error: expected 0 argument(s), found 1
    var frame_builder = Frame.builder(allocator);
                        ~~~~~^~~~~~~~
src/evm/frame/frame.zig:436:5: note: function declared here
pub fn builder() FrameBuilder {
~~~~^~~~~~~~~~~~~~~~~~~~~~~~~
test/evm/opcodes/msize_gas_jumpdest_comprehensive_test.zig:132:34: error: expected 0 argument(s), found 1
        var frame_builder = Frame.builder(allocator);
                            ~~~~~^~~~~~~~
src/evm/frame/frame.zig:436:5: note: function declared here
pub fn builder() FrameBuilder {
~~~~^~~~~~~~~~~~~~~~~~~~~~~~~
test/evm/opcodes/msize_gas_jumpdest_comprehensive_test.zig:205:30: error: expected 0 argument(s), found 1
    var frame_builder = Frame.builder(allocator);
                        ~~~~~^~~~~~~~
src/evm/frame/frame.zig:436:5: note: function declared here
pub fn builder() FrameBuilder {
~~~~^~~~~~~~~~~~~~~~~~~~~~~~~
test/evm/opcodes/msize_gas_jumpdest_comprehensive_test.zig:274:30: error: expected 0 argument(s), found 1
    var frame_builder = Frame.builder(allocator);
                        ~~~~~^~~~~~~~
src/evm/frame/frame.zig:436:5: note: function declared here
pub fn builder() FrameBuilder {
~~~~^~~~~~~~~~~~~~~~~~~~~~~~~
test/evm/opcodes/msize_gas_jumpdest_comprehensive_test.zig:337:30: error: expected 0 argument(s), found 1
    var frame_builder = Frame.builder(allocator);
                        ~~~~~^~~~~~~~
src/evm/frame/frame.zig:436:5: note: function declared here
pub fn builder() FrameBuilder {
~~~~^~~~~~~~~~~~~~~~~~~~~~~~~
test/evm/opcodes/msize_gas_jumpdest_comprehensive_test.zig:395:30: error: expected 0 argument(s), found 1
    var frame_builder = Frame.builder(allocator);
                        ~~~~~^~~~~~~~
src/evm/frame/frame.zig:436:5: note: function declared here
pub fn builder() FrameBuilder {
~~~~^~~~~~~~~~~~~~~~~~~~~~~~~
test/evm/opcodes/msize_gas_jumpdest_comprehensive_test.zig:459:32: error: no field or member function named 'valid_jumpdest' in 'frame.contract'
    try testing.expect(contract.valid_jumpdest(allocator, 5));
                       ~~~~~~~~^~~~~~~~~~~~~~~
src/evm/frame/contract.zig:1:1: note: struct declared here
//! Production-quality Contract module for EVM execution context.
^~~~~~~~~~~~~~~~~~~~~~~~~~~~~~~~~~~~~~~~~~~~~~~~~~~~~~~~~~~~~~~~~
src/evm/frame/contract.zig:467:5: note: 'valid_jumpdest' is not a member function
pub fn valid_jumpdest(allocator: std.mem.Allocator, self: *Contract, dest: u256) bool {
~~~~^~~~~~~~~~~~~~~~~~~~~~~~~~~~~~~~~~~~~~~~~~~~~~~~~~~~~~~~~~~~~~~~~~~~~~~~~~~~~~~~~
test/evm/opcodes/msize_gas_jumpdest_comprehensive_test.zig:513:30: error: expected 0 argument(s), found 1
    var frame_builder = Frame.builder(allocator);
                        ~~~~~^~~~~~~~
src/evm/frame/frame.zig:436:5: note: function declared here
pub fn builder() FrameBuilder {
~~~~^~~~~~~~~~~~~~~~~~~~~~~~~
test/evm/opcodes/push14_push32_comprehensive_test.zig:47:30: error: expected 0 argument(s), found 1
    var frame_builder = Frame.builder(allocator);
                        ~~~~~^~~~~~~~
src/evm/frame/frame.zig:436:5: note: function declared here
pub fn builder() FrameBuilder {
~~~~^~~~~~~~~~~~~~~~~~~~~~~~~
test/evm/opcodes/push14_push32_comprehensive_test.zig:104:30: error: expected 0 argument(s), found 1
    var frame_builder = Frame.builder(allocator);
                        ~~~~~^~~~~~~~
src/evm/frame/frame.zig:436:5: note: function declared here
pub fn builder() FrameBuilder {
~~~~^~~~~~~~~~~~~~~~~~~~~~~~~
test/evm/opcodes/push14_push32_comprehensive_test.zig:153:30: error: expected 0 argument(s), found 1
    var frame_builder = Frame.builder(allocator);
                        ~~~~~^~~~~~~~
src/evm/frame/frame.zig:436:5: note: function declared here
pub fn builder() FrameBuilder {
~~~~^~~~~~~~~~~~~~~~~~~~~~~~~
test/evm/opcodes/push14_push32_comprehensive_test.zig:230:30: error: expected 0 argument(s), found 1
    var frame_builder = Frame.builder(allocator);
                        ~~~~~^~~~~~~~
src/evm/frame/frame.zig:436:5: note: function declared here
pub fn builder() FrameBuilder {
~~~~^~~~~~~~~~~~~~~~~~~~~~~~~
test/evm/opcodes/push14_push32_comprehensive_test.zig:329:30: error: expected 0 argument(s), found 1
    var frame_builder = Frame.builder(allocator);
                        ~~~~~^~~~~~~~
src/evm/frame/frame.zig:436:5: note: function declared here
pub fn builder() FrameBuilder {
~~~~^~~~~~~~~~~~~~~~~~~~~~~~~
test/evm/opcodes/push14_push32_comprehensive_test.zig:430:30: error: expected 0 argument(s), found 1
    var frame_builder = Frame.builder(allocator);
                        ~~~~~^~~~~~~~
src/evm/frame/frame.zig:436:5: note: function declared here
pub fn builder() FrameBuilder {
~~~~^~~~~~~~~~~~~~~~~~~~~~~~~
test/evm/opcodes/push14_push32_comprehensive_test.zig:599:30: error: expected 0 argument(s), found 1
    var frame_builder = Frame.builder(allocator);
                        ~~~~~^~~~~~~~
src/evm/frame/frame.zig:436:5: note: function declared here
pub fn builder() FrameBuilder {
~~~~^~~~~~~~~~~~~~~~~~~~~~~~~
test/evm/opcodes/push14_push32_comprehensive_test.zig:681:30: error: expected 0 argument(s), found 1
    var frame_builder = Frame.builder(allocator);
                        ~~~~~^~~~~~~~
src/evm/frame/frame.zig:436:5: note: function declared here
pub fn builder() FrameBuilder {
~~~~^~~~~~~~~~~~~~~~~~~~~~~~~
test/evm/opcodes/push14_push32_comprehensive_test.zig:759:30: error: expected 0 argument(s), found 1
    var frame_builder = Frame.builder(allocator);
                        ~~~~~^~~~~~~~
src/evm/frame/frame.zig:436:5: note: function declared here
pub fn builder() FrameBuilder {
~~~~^~~~~~~~~~~~~~~~~~~~~~~~~
test/evm/opcodes/push14_push32_comprehensive_test.zig:832:30: error: expected 0 argument(s), found 1
    var frame_builder = Frame.builder(allocator);
                        ~~~~~^~~~~~~~
src/evm/frame/frame.zig:436:5: note: function declared here
pub fn builder() FrameBuilder {
~~~~^~~~~~~~~~~~~~~~~~~~~~~~~
test/evm/opcodes/push14_push32_comprehensive_test.zig:916:30: error: expected 0 argument(s), found 1
    var frame_builder = Frame.builder(allocator);
                        ~~~~~^~~~~~~~
src/evm/frame/frame.zig:436:5: note: function declared here
pub fn builder() FrameBuilder {
~~~~^~~~~~~~~~~~~~~~~~~~~~~~~
test/evm/opcodes/push14_push32_comprehensive_test.zig:999:30: error: expected 0 argument(s), found 1
    var frame_builder = Frame.builder(allocator);
                        ~~~~~^~~~~~~~
src/evm/frame/frame.zig:436:5: note: function declared here
pub fn builder() FrameBuilder {
~~~~^~~~~~~~~~~~~~~~~~~~~~~~~
test/evm/opcodes/push14_push32_comprehensive_test.zig:1072:30: error: expected 0 argument(s), found 1
    var frame_builder = Frame.builder(allocator);
                        ~~~~~^~~~~~~~
src/evm/frame/frame.zig:436:5: note: function declared here
pub fn builder() FrameBuilder {
~~~~^~~~~~~~~~~~~~~~~~~~~~~~~
test/evm/opcodes/push4_push12_comprehensive_test.zig:49:30: error: expected 0 argument(s), found 1
    var frame_builder = Frame.builder(allocator);
                        ~~~~~^~~~~~~~
src/evm/frame/frame.zig:436:5: note: function declared here
pub fn builder() FrameBuilder {
~~~~^~~~~~~~~~~~~~~~~~~~~~~~~
test/evm/opcodes/push4_push12_comprehensive_test.zig:110:30: error: expected 0 argument(s), found 1
    var frame_builder = Frame.builder(allocator);
                        ~~~~~^~~~~~~~
src/evm/frame/frame.zig:436:5: note: function declared here
pub fn builder() FrameBuilder {
~~~~^~~~~~~~~~~~~~~~~~~~~~~~~
test/evm/opcodes/push4_push12_comprehensive_test.zig:171:30: error: expected 0 argument(s), found 1
    var frame_builder = Frame.builder(allocator);
                        ~~~~~^~~~~~~~
src/evm/frame/frame.zig:436:5: note: function declared here
pub fn builder() FrameBuilder {
~~~~^~~~~~~~~~~~~~~~~~~~~~~~~
test/evm/opcodes/push4_push12_comprehensive_test.zig:231:30: error: expected 0 argument(s), found 1
    var frame_builder = Frame.builder(allocator);
                        ~~~~~^~~~~~~~
src/evm/frame/frame.zig:436:5: note: function declared here
pub fn builder() FrameBuilder {
~~~~^~~~~~~~~~~~~~~~~~~~~~~~~
test/evm/opcodes/push4_push12_comprehensive_test.zig:292:30: error: expected 0 argument(s), found 1
    var frame_builder = Frame.builder(allocator);
                        ~~~~~^~~~~~~~
src/evm/frame/frame.zig:436:5: note: function declared here
pub fn builder() FrameBuilder {
~~~~^~~~~~~~~~~~~~~~~~~~~~~~~
test/evm/opcodes/push4_push12_comprehensive_test.zig:352:30: error: expected 0 argument(s), found 1
    var frame_builder = Frame.builder(allocator);
                        ~~~~~^~~~~~~~
src/evm/frame/frame.zig:436:5: note: function declared here
pub fn builder() FrameBuilder {
~~~~^~~~~~~~~~~~~~~~~~~~~~~~~
test/evm/opcodes/push4_push12_comprehensive_test.zig:416:30: error: expected 0 argument(s), found 1
    var frame_builder = Frame.builder(allocator);
                        ~~~~~^~~~~~~~
src/evm/frame/frame.zig:436:5: note: function declared here
pub fn builder() FrameBuilder {
~~~~^~~~~~~~~~~~~~~~~~~~~~~~~
test/evm/opcodes/push4_push12_comprehensive_test.zig:480:30: error: expected 0 argument(s), found 1
    var frame_builder = Frame.builder(allocator);
                        ~~~~~^~~~~~~~
src/evm/frame/frame.zig:436:5: note: function declared here
pub fn builder() FrameBuilder {
~~~~^~~~~~~~~~~~~~~~~~~~~~~~~
test/evm/opcodes/push4_push12_comprehensive_test.zig:545:30: error: expected 0 argument(s), found 1
    var frame_builder = Frame.builder(allocator);
                        ~~~~~^~~~~~~~
src/evm/frame/frame.zig:436:5: note: function declared here
pub fn builder() FrameBuilder {
~~~~^~~~~~~~~~~~~~~~~~~~~~~~~
test/evm/opcodes/push4_push12_comprehensive_test.zig:609:30: error: expected 0 argument(s), found 1
    var frame_builder = Frame.builder(allocator);
                        ~~~~~^~~~~~~~
src/evm/frame/frame.zig:436:5: note: function declared here
pub fn builder() FrameBuilder {
~~~~^~~~~~~~~~~~~~~~~~~~~~~~~
test/evm/opcodes/push4_push12_comprehensive_test.zig:675:30: error: expected 0 argument(s), found 1
    var frame_builder = Frame.builder(allocator);
                        ~~~~~^~~~~~~~
src/evm/frame/frame.zig:436:5: note: function declared here
pub fn builder() FrameBuilder {
~~~~^~~~~~~~~~~~~~~~~~~~~~~~~
test/evm/opcodes/push4_push12_comprehensive_test.zig:761:30: error: expected 0 argument(s), found 1
    var frame_builder = Frame.builder(allocator);
                        ~~~~~^~~~~~~~
src/evm/frame/frame.zig:436:5: note: function declared here
pub fn builder() FrameBuilder {
~~~~^~~~~~~~~~~~~~~~~~~~~~~~~
test/evm/opcodes/push4_push12_comprehensive_test.zig:825:30: error: expected 0 argument(s), found 1
    var frame_builder = Frame.builder(allocator);
                        ~~~~~^~~~~~~~
src/evm/frame/frame.zig:436:5: note: function declared here
pub fn builder() FrameBuilder {
~~~~^~~~~~~~~~~~~~~~~~~~~~~~~
test/evm/opcodes/push4_push12_comprehensive_test.zig:888:30: error: expected 0 argument(s), found 1
    var frame_builder = Frame.builder(allocator);
                        ~~~~~^~~~~~~~
src/evm/frame/frame.zig:436:5: note: function declared here
pub fn builder() FrameBuilder {
~~~~^~~~~~~~~~~~~~~~~~~~~~~~~
test/evm/opcodes/return_output_test.zig:21:13: error: member function expected 1 argument(s), found 0
    defer vm.deinit();
          ~~^~~~~~~
src/evm/evm.zig:130:5: note: function declared here
pub fn deinit(self: *Evm, allocator: std.mem.Allocator) void {
~~~~^~~~~~~~~~~~~~~~~~~~~~~~~~~~~~~~~~~~~~~~~~~~~~~~~~~~~~~~
test/evm/opcodes/return_output_test.zig:84:33: error: member function expected 5 argument(s), found 4
    const create_result = try vm.create_contract(deployer, 0, init_code, 1000000);
                              ~~^~~~~~~~~~~~~~~~
src/evm/evm/create_contract.zig:31:5: note: function declared here
pub fn create_contract(self: *Vm, allocator: std.mem.Allocator, creator: primitives.Address.Address, value: u256, init_code: []const u8, gas: u64) CreateContractError!CreateResult {
~~~~^~~~~~~~~~~~~~~~~~~~~~~~~~~~~~~~~~~~~~~~~~~~~~~~~~~~~~~~~~~~~~~~~~~~~~~~~~~~~~~~~~~~~~~~~~~~~~~~~~~~~~~~~~~~~~~~~~~~~~~~~~~~~~~~~~~~~~~~~~~~~~~~~~~~~~~~~~~~~~~~~~~~~~~~~~~~~~~
test/evm/opcodes/returndata_block_comprehensive_test.zig:24:14: error: member function expected 1 argument(s), found 0
    defer evm.deinit();
          ~~~^~~~~~~
src/evm/evm.zig:130:5: note: function declared here
pub fn deinit(self: *Evm, allocator: std.mem.Allocator) void {
~~~~^~~~~~~~~~~~~~~~~~~~~~~~~~~~~~~~~~~~~~~~~~~~~~~~~~~~~~~~
test/evm/opcodes/returndata_block_comprehensive_test.zig:95:14: error: member function expected 1 argument(s), found 0
    defer evm.deinit();
          ~~~^~~~~~~
src/evm/evm.zig:130:5: note: function declared here
pub fn deinit(self: *Evm, allocator: std.mem.Allocator) void {
~~~~^~~~~~~~~~~~~~~~~~~~~~~~~~~~~~~~~~~~~~~~~~~~~~~~~~~~~~~~
test/evm/opcodes/returndata_block_comprehensive_test.zig:195:30: error: expected 0 argument(s), found 1
    var frame_builder = Frame.builder(allocator);
                        ~~~~~^~~~~~~~
src/evm/frame/frame.zig:436:5: note: function declared here
pub fn builder() FrameBuilder {
~~~~^~~~~~~~~~~~~~~~~~~~~~~~~
test/evm/opcodes/returndata_block_comprehensive_test.zig:253:30: error: expected 0 argument(s), found 1
    var frame_builder = Frame.builder(allocator);
                        ~~~~~^~~~~~~~
src/evm/frame/frame.zig:436:5: note: function declared here
pub fn builder() FrameBuilder {
~~~~^~~~~~~~~~~~~~~~~~~~~~~~~
test/evm/opcodes/returndata_block_comprehensive_test.zig:306:14: error: member function expected 1 argument(s), found 0
    defer evm.deinit();
          ~~~^~~~~~~
src/evm/evm.zig:130:5: note: function declared here
pub fn deinit(self: *Evm, allocator: std.mem.Allocator) void {
~~~~^~~~~~~~~~~~~~~~~~~~~~~~~~~~~~~~~~~~~~~~~~~~~~~~~~~~~~~~
test/evm/opcodes/returndata_block_comprehensive_test.zig:404:30: error: expected 0 argument(s), found 1
    var frame_builder = Frame.builder(allocator);
                        ~~~~~^~~~~~~~
src/evm/frame/frame.zig:436:5: note: function declared here
pub fn builder() FrameBuilder {
~~~~^~~~~~~~~~~~~~~~~~~~~~~~~
test/evm/opcodes/returndata_block_comprehensive_test.zig:498:30: error: expected 0 argument(s), found 1
    var frame_builder = Frame.builder(allocator);
                        ~~~~~^~~~~~~~
src/evm/frame/frame.zig:436:5: note: function declared here
pub fn builder() FrameBuilder {
~~~~^~~~~~~~~~~~~~~~~~~~~~~~~
test/evm/opcodes/returndata_block_comprehensive_test.zig:566:34: error: expected 0 argument(s), found 1
        var frame_builder = Frame.builder(allocator);
                            ~~~~~^~~~~~~~
src/evm/frame/frame.zig:436:5: note: function declared here
pub fn builder() FrameBuilder {
~~~~^~~~~~~~~~~~~~~~~~~~~~~~~
test/evm/opcodes/returndata_block_comprehensive_test.zig:635:34: error: expected 0 argument(s), found 1
        var frame_builder = Frame.builder(allocator);
                            ~~~~~^~~~~~~~
src/evm/frame/frame.zig:436:5: note: function declared here
pub fn builder() FrameBuilder {
~~~~^~~~~~~~~~~~~~~~~~~~~~~~~
test/evm/opcodes/returndata_block_comprehensive_test.zig:703:34: error: expected 0 argument(s), found 1
        var frame_builder = Frame.builder(allocator);
                            ~~~~~^~~~~~~~
src/evm/frame/frame.zig:436:5: note: function declared here
pub fn builder() FrameBuilder {
~~~~^~~~~~~~~~~~~~~~~~~~~~~~~
test/evm/opcodes/returndata_block_comprehensive_test.zig:735:14: error: member function expected 1 argument(s), found 0
    defer evm.deinit();
          ~~~^~~~~~~
src/evm/evm.zig:130:5: note: function declared here
pub fn deinit(self: *Evm, allocator: std.mem.Allocator) void {
~~~~^~~~~~~~~~~~~~~~~~~~~~~~~~~~~~~~~~~~~~~~~~~~~~~~~~~~~~~~
test/evm/opcodes/returndata_block_comprehensive_test.zig:809:30: error: expected 0 argument(s), found 1
    var frame_builder = Frame.builder(allocator);
                        ~~~~~^~~~~~~~
src/evm/frame/frame.zig:436:5: note: function declared here
pub fn builder() FrameBuilder {
~~~~^~~~~~~~~~~~~~~~~~~~~~~~~
test/evm/opcodes/returndata_block_comprehensive_test.zig:883:30: error: expected 0 argument(s), found 1
    var frame_builder = Frame.builder(allocator);
                        ~~~~~^~~~~~~~
src/evm/frame/frame.zig:436:5: note: function declared here
pub fn builder() FrameBuilder {
~~~~^~~~~~~~~~~~~~~~~~~~~~~~~
test/evm/opcodes/returndata_block_comprehensive_test.zig:929:14: error: member function expected 1 argument(s), found 0
    defer evm.deinit();
          ~~~^~~~~~~
src/evm/evm.zig:130:5: note: function declared here
pub fn deinit(self: *Evm, allocator: std.mem.Allocator) void {
~~~~^~~~~~~~~~~~~~~~~~~~~~~~~~~~~~~~~~~~~~~~~~~~~~~~~~~~~~~~
test/evm/opcodes/returndata_block_comprehensive_test.zig:1015:30: error: expected 0 argument(s), found 1
    var frame_builder = Frame.builder(allocator);
                        ~~~~~^~~~~~~~
src/evm/frame/frame.zig:436:5: note: function declared here
pub fn builder() FrameBuilder {
~~~~^~~~~~~~~~~~~~~~~~~~~~~~~
test/evm/opcodes/shift_crypto_comprehensive_test.zig:41:30: error: expected 0 argument(s), found 1
    var frame_builder = Frame.builder(allocator);
                        ~~~~~^~~~~~~~
src/evm/frame/frame.zig:436:5: note: function declared here
pub fn builder() FrameBuilder {
~~~~^~~~~~~~~~~~~~~~~~~~~~~~~
test/evm/opcodes/shift_crypto_comprehensive_test.zig:135:30: error: expected 0 argument(s), found 1
    var frame_builder = Frame.builder(allocator);
                        ~~~~~^~~~~~~~
src/evm/frame/frame.zig:436:5: note: function declared here
pub fn builder() FrameBuilder {
~~~~^~~~~~~~~~~~~~~~~~~~~~~~~
test/evm/opcodes/shift_crypto_comprehensive_test.zig:224:30: error: expected 0 argument(s), found 1
    var frame_builder = Frame.builder(allocator);
                        ~~~~~^~~~~~~~
src/evm/frame/frame.zig:436:5: note: function declared here
pub fn builder() FrameBuilder {
~~~~^~~~~~~~~~~~~~~~~~~~~~~~~
test/evm/opcodes/shift_crypto_comprehensive_test.zig:311:30: error: expected 0 argument(s), found 1
    var frame_builder = Frame.builder(allocator);
                        ~~~~~^~~~~~~~
src/evm/frame/frame.zig:436:5: note: function declared here
pub fn builder() FrameBuilder {
~~~~^~~~~~~~~~~~~~~~~~~~~~~~~
test/evm/opcodes/shift_crypto_comprehensive_test.zig:426:30: error: expected 0 argument(s), found 1
    var frame_builder = Frame.builder(allocator);
                        ~~~~~^~~~~~~~
src/evm/frame/frame.zig:436:5: note: function declared here
pub fn builder() FrameBuilder {
~~~~^~~~~~~~~~~~~~~~~~~~~~~~~
test/evm/opcodes/shift_crypto_comprehensive_test.zig:502:30: error: expected 0 argument(s), found 1
    var frame_builder = Frame.builder(allocator);
                        ~~~~~^~~~~~~~
src/evm/frame/frame.zig:436:5: note: function declared here
pub fn builder() FrameBuilder {
~~~~^~~~~~~~~~~~~~~~~~~~~~~~~
test/evm/opcodes/shift_crypto_comprehensive_test.zig:574:30: error: expected 0 argument(s), found 1
    var frame_builder = Frame.builder(allocator);
                        ~~~~~^~~~~~~~
src/evm/frame/frame.zig:436:5: note: function declared here
pub fn builder() FrameBuilder {
~~~~^~~~~~~~~~~~~~~~~~~~~~~~~
test/evm/opcodes/shift_crypto_comprehensive_test.zig:683:30: error: expected 0 argument(s), found 1
    var frame_builder = Frame.builder(allocator);
                        ~~~~~^~~~~~~~
src/evm/frame/frame.zig:436:5: note: function declared here
pub fn builder() FrameBuilder {
~~~~^~~~~~~~~~~~~~~~~~~~~~~~~
test/evm/opcodes/shift_crypto_comprehensive_test.zig:744:30: error: expected 0 argument(s), found 1
    var frame_builder = Frame.builder(allocator);
                        ~~~~~^~~~~~~~
src/evm/frame/frame.zig:436:5: note: function declared here
pub fn builder() FrameBuilder {
~~~~^~~~~~~~~~~~~~~~~~~~~~~~~
test/evm/opcodes/shift_crypto_comprehensive_test.zig:815:30: error: expected 0 argument(s), found 1
    var frame_builder = Frame.builder(allocator);
                        ~~~~~^~~~~~~~
src/evm/frame/frame.zig:436:5: note: function declared here
pub fn builder() FrameBuilder {
~~~~^~~~~~~~~~~~~~~~~~~~~~~~~
test/evm/opcodes/stack_memory_control_comprehensive_test.zig:41:30: error: expected 0 argument(s), found 1
    var frame_builder = Frame.builder(allocator);
                        ~~~~~^~~~~~~~
src/evm/frame/frame.zig:436:5: note: function declared here
pub fn builder() FrameBuilder {
~~~~^~~~~~~~~~~~~~~~~~~~~~~~~
test/evm/opcodes/stack_memory_control_comprehensive_test.zig:105:30: error: expected 0 argument(s), found 1
    var frame_builder = Frame.builder(allocator);
                        ~~~~~^~~~~~~~
src/evm/frame/frame.zig:436:5: note: function declared here
pub fn builder() FrameBuilder {
~~~~^~~~~~~~~~~~~~~~~~~~~~~~~
test/evm/opcodes/stack_memory_control_comprehensive_test.zig:166:30: error: expected 0 argument(s), found 1
    var frame_builder = Frame.builder(allocator);
                        ~~~~~^~~~~~~~
src/evm/frame/frame.zig:436:5: note: function declared here
pub fn builder() FrameBuilder {
~~~~^~~~~~~~~~~~~~~~~~~~~~~~~
test/evm/opcodes/stack_memory_control_comprehensive_test.zig:236:30: error: expected 0 argument(s), found 1
    var frame_builder = Frame.builder(allocator);
                        ~~~~~^~~~~~~~
src/evm/frame/frame.zig:436:5: note: function declared here
pub fn builder() FrameBuilder {
~~~~^~~~~~~~~~~~~~~~~~~~~~~~~
test/evm/opcodes/stack_memory_control_comprehensive_test.zig:306:30: error: expected 0 argument(s), found 1
    var frame_builder = Frame.builder(allocator);
                        ~~~~~^~~~~~~~
src/evm/frame/frame.zig:436:5: note: function declared here
pub fn builder() FrameBuilder {
~~~~^~~~~~~~~~~~~~~~~~~~~~~~~
test/evm/opcodes/stack_memory_control_comprehensive_test.zig:380:30: error: expected 0 argument(s), found 1
    var frame_builder = Frame.builder(allocator);
                        ~~~~~^~~~~~~~
src/evm/frame/frame.zig:436:5: note: function declared here
pub fn builder() FrameBuilder {
~~~~^~~~~~~~~~~~~~~~~~~~~~~~~
test/evm/opcodes/stack_memory_control_comprehensive_test.zig:457:30: error: expected 0 argument(s), found 1
    var frame_builder = Frame.builder(allocator);
                        ~~~~~^~~~~~~~
src/evm/frame/frame.zig:436:5: note: function declared here
pub fn builder() FrameBuilder {
~~~~^~~~~~~~~~~~~~~~~~~~~~~~~
test/evm/opcodes/stack_memory_control_comprehensive_test.zig:524:30: error: expected 0 argument(s), found 1
    var frame_builder = Frame.builder(allocator);
                        ~~~~~^~~~~~~~
src/evm/frame/frame.zig:436:5: note: function declared here
pub fn builder() FrameBuilder {
~~~~^~~~~~~~~~~~~~~~~~~~~~~~~
test/evm/opcodes/stack_memory_control_comprehensive_test.zig:590:30: error: expected 0 argument(s), found 1
    var frame_builder = Frame.builder(allocator);
                        ~~~~~^~~~~~~~
src/evm/frame/frame.zig:436:5: note: function declared here
pub fn builder() FrameBuilder {
~~~~^~~~~~~~~~~~~~~~~~~~~~~~~
test/evm/opcodes/stack_memory_control_comprehensive_test.zig:653:30: error: expected 0 argument(s), found 1
    var frame_builder = Frame.builder(allocator);
                        ~~~~~^~~~~~~~
src/evm/frame/frame.zig:436:5: note: function declared here
pub fn builder() FrameBuilder {
~~~~^~~~~~~~~~~~~~~~~~~~~~~~~
test/evm/opcodes/stack_memory_control_comprehensive_test.zig:751:30: error: expected 0 argument(s), found 1
    var frame_builder = Frame.builder(allocator);
                        ~~~~~^~~~~~~~
src/evm/frame/frame.zig:436:5: note: function declared here
pub fn builder() FrameBuilder {
~~~~^~~~~~~~~~~~~~~~~~~~~~~~~
test/evm/opcodes/stack_memory_control_comprehensive_test.zig:809:30: error: expected 0 argument(s), found 1
    var frame_builder = Frame.builder(allocator);
                        ~~~~~^~~~~~~~
src/evm/frame/frame.zig:436:5: note: function declared here
pub fn builder() FrameBuilder {
~~~~^~~~~~~~~~~~~~~~~~~~~~~~~
test/evm/opcodes/stack_memory_control_comprehensive_test.zig:851:30: error: expected 0 argument(s), found 1
    var frame_builder = Frame.builder(allocator);
                        ~~~~~^~~~~~~~
src/evm/frame/frame.zig:436:5: note: function declared here
pub fn builder() FrameBuilder {
~~~~^~~~~~~~~~~~~~~~~~~~~~~~~
test/evm/opcodes/stack_memory_control_comprehensive_test.zig:918:30: error: expected 0 argument(s), found 1
    var frame_builder = Frame.builder(allocator);
                        ~~~~~^~~~~~~~
src/evm/frame/frame.zig:436:5: note: function declared here
pub fn builder() FrameBuilder {
~~~~^~~~~~~~~~~~~~~~~~~~~~~~~
test/evm/opcodes/stack_test.zig:38:30: error: expected 0 argument(s), found 1
    var frame_builder = Frame.builder(allocator);
                        ~~~~~^~~~~~~~
src/evm/frame/frame.zig:436:5: note: function declared here
pub fn builder() FrameBuilder {
~~~~^~~~~~~~~~~~~~~~~~~~~~~~~
test/evm/opcodes/stack_test.zig:86:30: error: expected 0 argument(s), found 1
    var frame_builder = Frame.builder(allocator);
                        ~~~~~^~~~~~~~
src/evm/frame/frame.zig:436:5: note: function declared here
pub fn builder() FrameBuilder {
~~~~^~~~~~~~~~~~~~~~~~~~~~~~~
test/evm/opcodes/stack_test.zig:140:30: error: expected 0 argument(s), found 1
    var frame_builder = Frame.builder(allocator);
                        ~~~~~^~~~~~~~
src/evm/frame/frame.zig:436:5: note: function declared here
pub fn builder() FrameBuilder {
~~~~^~~~~~~~~~~~~~~~~~~~~~~~~
test/evm/opcodes/stack_test.zig:197:30: error: expected 0 argument(s), found 1
    var frame_builder = Frame.builder(allocator);
                        ~~~~~^~~~~~~~
src/evm/frame/frame.zig:436:5: note: function declared here
pub fn builder() FrameBuilder {
~~~~^~~~~~~~~~~~~~~~~~~~~~~~~
test/evm/opcodes/stack_test.zig:250:30: error: expected 0 argument(s), found 1
    var frame_builder = Frame.builder(allocator);
                        ~~~~~^~~~~~~~
src/evm/frame/frame.zig:436:5: note: function declared here
pub fn builder() FrameBuilder {
~~~~^~~~~~~~~~~~~~~~~~~~~~~~~
test/evm/opcodes/stack_test.zig:300:30: error: expected 0 argument(s), found 1
    var frame_builder = Frame.builder(allocator);
                        ~~~~~^~~~~~~~
src/evm/frame/frame.zig:436:5: note: function declared here
pub fn builder() FrameBuilder {
~~~~^~~~~~~~~~~~~~~~~~~~~~~~~
test/evm/opcodes/stack_test.zig:348:30: error: expected 0 argument(s), found 1
    var frame_builder = Frame.builder(allocator);
                        ~~~~~^~~~~~~~
src/evm/frame/frame.zig:436:5: note: function declared here
pub fn builder() FrameBuilder {
~~~~^~~~~~~~~~~~~~~~~~~~~~~~~
test/evm/opcodes/stack_test.zig:398:30: error: expected 0 argument(s), found 1
    var frame_builder = Frame.builder(allocator);
                        ~~~~~^~~~~~~~
src/evm/frame/frame.zig:436:5: note: function declared here
pub fn builder() FrameBuilder {
~~~~^~~~~~~~~~~~~~~~~~~~~~~~~
test/evm/opcodes/stack_test.zig:455:30: error: expected 0 argument(s), found 1
    var frame_builder = Frame.builder(allocator);
                        ~~~~~^~~~~~~~
src/evm/frame/frame.zig:436:5: note: function declared here
pub fn builder() FrameBuilder {
~~~~^~~~~~~~~~~~~~~~~~~~~~~~~
test/evm/opcodes/stack_test.zig:504:30: error: expected 0 argument(s), found 1
    var frame_builder = Frame.builder(allocator);
                        ~~~~~^~~~~~~~
src/evm/frame/frame.zig:436:5: note: function declared here
pub fn builder() FrameBuilder {
~~~~^~~~~~~~~~~~~~~~~~~~~~~~~
test/evm/opcodes/stack_test.zig:555:30: error: expected 0 argument(s), found 1
    var frame_builder = Frame.builder(allocator);
                        ~~~~~^~~~~~~~
src/evm/frame/frame.zig:436:5: note: function declared here
pub fn builder() FrameBuilder {
~~~~^~~~~~~~~~~~~~~~~~~~~~~~~
test/evm/opcodes/stack_test.zig:618:30: error: expected 0 argument(s), found 1
    var frame_builder = Frame.builder(allocator);
                        ~~~~~^~~~~~~~
src/evm/frame/frame.zig:436:5: note: function declared here
pub fn builder() FrameBuilder {
~~~~^~~~~~~~~~~~~~~~~~~~~~~~~
test/evm/opcodes/stack_test.zig:675:30: error: expected 0 argument(s), found 1
    var frame_builder = Frame.builder(allocator);
                        ~~~~~^~~~~~~~
src/evm/frame/frame.zig:436:5: note: function declared here
pub fn builder() FrameBuilder {
~~~~^~~~~~~~~~~~~~~~~~~~~~~~~
test/evm/opcodes/stack_test.zig:734:30: error: expected 0 argument(s), found 1
    var frame_builder = Frame.builder(allocator);
                        ~~~~~^~~~~~~~
src/evm/frame/frame.zig:436:5: note: function declared here
pub fn builder() FrameBuilder {
~~~~^~~~~~~~~~~~~~~~~~~~~~~~~
test/evm/opcodes/stack_test.zig:778:30: error: expected 0 argument(s), found 1
    var frame_builder = Frame.builder(allocator);
                        ~~~~~^~~~~~~~
src/evm/frame/frame.zig:436:5: note: function declared here
pub fn builder() FrameBuilder {
~~~~^~~~~~~~~~~~~~~~~~~~~~~~~
test/evm/opcodes/stack_test.zig:822:30: error: expected 0 argument(s), found 1
    var frame_builder = Frame.builder(allocator);
                        ~~~~~^~~~~~~~
src/evm/frame/frame.zig:436:5: note: function declared here
pub fn builder() FrameBuilder {
~~~~^~~~~~~~~~~~~~~~~~~~~~~~~
test/evm/opcodes/stack_test.zig:870:30: error: expected 0 argument(s), found 1
    var frame_builder = Frame.builder(allocator);
                        ~~~~~^~~~~~~~
src/evm/frame/frame.zig:436:5: note: function declared here
pub fn builder() FrameBuilder {
~~~~^~~~~~~~~~~~~~~~~~~~~~~~~
test/evm/opcodes/stack_test.zig:918:30: error: expected 0 argument(s), found 1
    var frame_builder = Frame.builder(allocator);
                        ~~~~~^~~~~~~~
src/evm/frame/frame.zig:436:5: note: function declared here
pub fn builder() FrameBuilder {
~~~~^~~~~~~~~~~~~~~~~~~~~~~~~
test/evm/opcodes/stack_test.zig:968:30: error: expected 0 argument(s), found 1
    var frame_builder = Frame.builder(allocator);
                        ~~~~~^~~~~~~~
src/evm/frame/frame.zig:436:5: note: function declared here
pub fn builder() FrameBuilder {
~~~~^~~~~~~~~~~~~~~~~~~~~~~~~
test/evm/opcodes/storage_comprehensive_test.zig:45:30: error: expected 0 argument(s), found 1
    var frame_builder = Frame.builder(allocator);
                        ~~~~~^~~~~~~~
src/evm/frame/frame.zig:436:5: note: function declared here
pub fn builder() FrameBuilder {
~~~~^~~~~~~~~~~~~~~~~~~~~~~~~
test/evm/opcodes/storage_comprehensive_test.zig:94:30: error: expected 0 argument(s), found 1
    var frame_builder = Frame.builder(allocator);
                        ~~~~~^~~~~~~~
src/evm/frame/frame.zig:436:5: note: function declared here
pub fn builder() FrameBuilder {
~~~~^~~~~~~~~~~~~~~~~~~~~~~~~
test/evm/opcodes/storage_comprehensive_test.zig:139:30: error: expected 0 argument(s), found 1
    var frame_builder = Frame.builder(allocator);
                        ~~~~~^~~~~~~~
src/evm/frame/frame.zig:436:5: note: function declared here
pub fn builder() FrameBuilder {
~~~~^~~~~~~~~~~~~~~~~~~~~~~~~
test/evm/opcodes/storage_comprehensive_test.zig:187:30: error: expected 0 argument(s), found 1
    var frame_builder = Frame.builder(allocator);
                        ~~~~~^~~~~~~~
src/evm/frame/frame.zig:436:5: note: function declared here
pub fn builder() FrameBuilder {
~~~~^~~~~~~~~~~~~~~~~~~~~~~~~
test/evm/opcodes/storage_comprehensive_test.zig:252:30: error: expected 0 argument(s), found 1
    var frame_builder = Frame.builder(allocator);
                        ~~~~~^~~~~~~~
src/evm/frame/frame.zig:436:5: note: function declared here
pub fn builder() FrameBuilder {
~~~~^~~~~~~~~~~~~~~~~~~~~~~~~
test/evm/opcodes/storage_comprehensive_test.zig:299:30: error: expected 0 argument(s), found 1
    var frame_builder = Frame.builder(allocator);
                        ~~~~~^~~~~~~~
src/evm/frame/frame.zig:436:5: note: function declared here
pub fn builder() FrameBuilder {
~~~~^~~~~~~~~~~~~~~~~~~~~~~~~
test/evm/opcodes/storage_comprehensive_test.zig:380:30: error: expected 0 argument(s), found 1
    var frame_builder = Frame.builder(allocator);
                        ~~~~~^~~~~~~~
src/evm/frame/frame.zig:436:5: note: function declared here
pub fn builder() FrameBuilder {
~~~~^~~~~~~~~~~~~~~~~~~~~~~~~
test/evm/opcodes/storage_comprehensive_test.zig:442:30: error: expected 0 argument(s), found 1
    var frame_builder = Frame.builder(allocator);
                        ~~~~~^~~~~~~~
src/evm/frame/frame.zig:436:5: note: function declared here
pub fn builder() FrameBuilder {
~~~~^~~~~~~~~~~~~~~~~~~~~~~~~
test/evm/opcodes/storage_comprehensive_test.zig:500:30: error: expected 0 argument(s), found 1
    var frame_builder = Frame.builder(allocator);
                        ~~~~~^~~~~~~~
src/evm/frame/frame.zig:436:5: note: function declared here
pub fn builder() FrameBuilder {
~~~~^~~~~~~~~~~~~~~~~~~~~~~~~
test/evm/opcodes/storage_comprehensive_test.zig:566:30: error: expected 0 argument(s), found 1
    var frame_builder = Frame.builder(allocator);
                        ~~~~~^~~~~~~~
src/evm/frame/frame.zig:436:5: note: function declared here
pub fn builder() FrameBuilder {
~~~~^~~~~~~~~~~~~~~~~~~~~~~~~
test/evm/opcodes/storage_comprehensive_test.zig:655:30: error: expected 0 argument(s), found 1
    var frame_builder = Frame.builder(allocator);
                        ~~~~~^~~~~~~~
src/evm/frame/frame.zig:436:5: note: function declared here
pub fn builder() FrameBuilder {
~~~~^~~~~~~~~~~~~~~~~~~~~~~~~
test/evm/opcodes/storage_comprehensive_test.zig:730:34: error: expected 0 argument(s), found 1
        var frame_builder = Frame.builder(allocator);
                            ~~~~~^~~~~~~~
src/evm/frame/frame.zig:436:5: note: function declared here
pub fn builder() FrameBuilder {
~~~~^~~~~~~~~~~~~~~~~~~~~~~~~
test/evm/opcodes/storage_comprehensive_test.zig:780:30: error: expected 0 argument(s), found 1
    var frame_builder = Frame.builder(allocator);
                        ~~~~~^~~~~~~~
src/evm/frame/frame.zig:436:5: note: function declared here
pub fn builder() FrameBuilder {
~~~~^~~~~~~~~~~~~~~~~~~~~~~~~
test/evm/opcodes/storage_comprehensive_test.zig:850:30: error: expected 0 argument(s), found 1
    var frame_builder = Frame.builder(allocator);
                        ~~~~~^~~~~~~~
src/evm/frame/frame.zig:436:5: note: function declared here
pub fn builder() FrameBuilder {
~~~~^~~~~~~~~~~~~~~~~~~~~~~~~
test/evm/opcodes/storage_comprehensive_test.zig:902:30: error: expected 0 argument(s), found 1
    var frame_builder = Frame.builder(allocator);
                        ~~~~~^~~~~~~~
src/evm/frame/frame.zig:436:5: note: function declared here
pub fn builder() FrameBuilder {
~~~~^~~~~~~~~~~~~~~~~~~~~~~~~
test/evm/opcodes/storage_comprehensive_test.zig:981:34: error: expected 0 argument(s), found 1
        var frame_builder = Frame.builder(allocator);
                            ~~~~~^~~~~~~~
src/evm/frame/frame.zig:436:5: note: function declared here
pub fn builder() FrameBuilder {
~~~~^~~~~~~~~~~~~~~~~~~~~~~~~
test/evm/opcodes/storage_comprehensive_test.zig:1044:34: error: expected 0 argument(s), found 1
        var frame_builder = Frame.builder(allocator);
                            ~~~~~^~~~~~~~
src/evm/frame/frame.zig:436:5: note: function declared here
pub fn builder() FrameBuilder {
~~~~^~~~~~~~~~~~~~~~~~~~~~~~~
test/evm/opcodes/storage_comprehensive_test.zig:1102:30: error: expected 0 argument(s), found 1
    var frame_builder = Frame.builder(allocator);
                        ~~~~~^~~~~~~~
src/evm/frame/frame.zig:436:5: note: function declared here
pub fn builder() FrameBuilder {
~~~~^~~~~~~~~~~~~~~~~~~~~~~~~
test/evm/opcodes/storage_comprehensive_test.zig:1158:30: error: expected 0 argument(s), found 1
    var frame_builder = Frame.builder(allocator);
                        ~~~~~^~~~~~~~
src/evm/frame/frame.zig:436:5: note: function declared here
pub fn builder() FrameBuilder {
~~~~^~~~~~~~~~~~~~~~~~~~~~~~~
test/evm/opcodes/storage_comprehensive_test.zig:1217:30: error: expected 0 argument(s), found 1
    var frame_builder = Frame.builder(allocator);
                        ~~~~~^~~~~~~~
src/evm/frame/frame.zig:436:5: note: function declared here
pub fn builder() FrameBuilder {
~~~~^~~~~~~~~~~~~~~~~~~~~~~~~
test/evm/opcodes/storage_comprehensive_test.zig:1261:30: error: expected 0 argument(s), found 1
    var frame_builder = Frame.builder(allocator);
                        ~~~~~^~~~~~~~
src/evm/frame/frame.zig:436:5: note: function declared here
pub fn builder() FrameBuilder {
~~~~^~~~~~~~~~~~~~~~~~~~~~~~~
test/evm/opcodes/storage_comprehensive_test.zig:1334:31: error: expected 0 argument(s), found 1
    var frame_builder1 = Frame.builder(allocator);
                         ~~~~~^~~~~~~~
src/evm/frame/frame.zig:436:5: note: function declared here
pub fn builder() FrameBuilder {
~~~~^~~~~~~~~~~~~~~~~~~~~~~~~
test/evm/opcodes/storage_test.zig:38:30: error: expected 0 argument(s), found 1
    var frame_builder = Frame.builder(allocator);
                        ~~~~~^~~~~~~~
src/evm/frame/frame.zig:436:5: note: function declared here
pub fn builder() FrameBuilder {
~~~~^~~~~~~~~~~~~~~~~~~~~~~~~
test/evm/opcodes/storage_test.zig:89:30: error: expected 0 argument(s), found 1
    var frame_builder = Frame.builder(allocator);
                        ~~~~~^~~~~~~~
src/evm/frame/frame.zig:436:5: note: function declared here
pub fn builder() FrameBuilder {
~~~~^~~~~~~~~~~~~~~~~~~~~~~~~
test/evm/opcodes/storage_test.zig:137:30: error: expected 0 argument(s), found 1
    var frame_builder = Frame.builder(allocator);
                        ~~~~~^~~~~~~~
src/evm/frame/frame.zig:436:5: note: function declared here
pub fn builder() FrameBuilder {
~~~~^~~~~~~~~~~~~~~~~~~~~~~~~
test/evm/opcodes/storage_test.zig:201:30: error: expected 0 argument(s), found 1
    var frame_builder = Frame.builder(allocator);
                        ~~~~~^~~~~~~~
src/evm/frame/frame.zig:436:5: note: function declared here
pub fn builder() FrameBuilder {
~~~~^~~~~~~~~~~~~~~~~~~~~~~~~
test/evm/opcodes/storage_test.zig:250:30: error: expected 0 argument(s), found 1
    var frame_builder = Frame.builder(allocator);
                        ~~~~~^~~~~~~~
src/evm/frame/frame.zig:436:5: note: function declared here
pub fn builder() FrameBuilder {
~~~~^~~~~~~~~~~~~~~~~~~~~~~~~
test/evm/opcodes/storage_test.zig:302:30: error: expected 0 argument(s), found 1
    var frame_builder = Frame.builder(allocator);
                        ~~~~~^~~~~~~~
src/evm/frame/frame.zig:436:5: note: function declared here
pub fn builder() FrameBuilder {
~~~~^~~~~~~~~~~~~~~~~~~~~~~~~
test/evm/opcodes/storage_test.zig:351:30: error: expected 0 argument(s), found 1
    var frame_builder = Frame.builder(allocator);
                        ~~~~~^~~~~~~~
src/evm/frame/frame.zig:436:5: note: function declared here
pub fn builder() FrameBuilder {
~~~~^~~~~~~~~~~~~~~~~~~~~~~~~
test/evm/opcodes/storage_test.zig:414:30: error: expected 0 argument(s), found 1
    var frame_builder = Frame.builder(allocator);
                        ~~~~~^~~~~~~~
src/evm/frame/frame.zig:436:5: note: function declared here
pub fn builder() FrameBuilder {
~~~~^~~~~~~~~~~~~~~~~~~~~~~~~
test/evm/opcodes/storage_test.zig:465:30: error: expected 0 argument(s), found 1
    var frame_builder = Frame.builder(allocator);
                        ~~~~~^~~~~~~~
src/evm/frame/frame.zig:436:5: note: function declared here
pub fn builder() FrameBuilder {
~~~~^~~~~~~~~~~~~~~~~~~~~~~~~
test/evm/opcodes/storage_test.zig:513:30: error: expected 0 argument(s), found 1
    var frame_builder = Frame.builder(allocator);
                        ~~~~~^~~~~~~~
src/evm/frame/frame.zig:436:5: note: function declared here
pub fn builder() FrameBuilder {
~~~~^~~~~~~~~~~~~~~~~~~~~~~~~
test/evm/opcodes/storage_test.zig:572:30: error: expected 0 argument(s), found 1
    var frame_builder = Frame.builder(allocator);
                        ~~~~~^~~~~~~~
src/evm/frame/frame.zig:436:5: note: function declared here
pub fn builder() FrameBuilder {
~~~~^~~~~~~~~~~~~~~~~~~~~~~~~
test/evm/opcodes/storage_test.zig:621:30: error: expected 0 argument(s), found 1
    var frame_builder = Frame.builder(allocator);
                        ~~~~~^~~~~~~~
src/evm/frame/frame.zig:436:5: note: function declared here
pub fn builder() FrameBuilder {
~~~~^~~~~~~~~~~~~~~~~~~~~~~~~
test/evm/opcodes/storage_test.zig:673:30: error: expected 0 argument(s), found 1
    var frame_builder = Frame.builder(allocator);
                        ~~~~~^~~~~~~~
src/evm/frame/frame.zig:436:5: note: function declared here
pub fn builder() FrameBuilder {
~~~~^~~~~~~~~~~~~~~~~~~~~~~~~
test/evm/opcodes/storage_test.zig:722:30: error: expected 0 argument(s), found 1
    var frame_builder = Frame.builder(allocator);
                        ~~~~~^~~~~~~~
src/evm/frame/frame.zig:436:5: note: function declared here
pub fn builder() FrameBuilder {
~~~~^~~~~~~~~~~~~~~~~~~~~~~~~
test/evm/opcodes/storage_test.zig:779:30: error: expected 0 argument(s), found 1
    var frame_builder = Frame.builder(allocator);
                        ~~~~~^~~~~~~~
src/evm/frame/frame.zig:436:5: note: function declared here
pub fn builder() FrameBuilder {
~~~~^~~~~~~~~~~~~~~~~~~~~~~~~
test/evm/opcodes/storage_test.zig:823:30: error: expected 0 argument(s), found 1
    var frame_builder = Frame.builder(allocator);
                        ~~~~~^~~~~~~~
src/evm/frame/frame.zig:436:5: note: function declared here
pub fn builder() FrameBuilder {
~~~~^~~~~~~~~~~~~~~~~~~~~~~~~
test/evm/opcodes/storage_test.zig:868:30: error: expected 0 argument(s), found 1
    var frame_builder = Frame.builder(allocator);
                        ~~~~~^~~~~~~~
src/evm/frame/frame.zig:436:5: note: function declared here
pub fn builder() FrameBuilder {
~~~~^~~~~~~~~~~~~~~~~~~~~~~~~
test/evm/opcodes/storage_test.zig:912:30: error: expected 0 argument(s), found 1
    var frame_builder = Frame.builder(allocator);
                        ~~~~~^~~~~~~~
src/evm/frame/frame.zig:436:5: note: function declared here
pub fn builder() FrameBuilder {
~~~~^~~~~~~~~~~~~~~~~~~~~~~~~
test/evm/opcodes/storage_test.zig:958:30: error: expected 0 argument(s), found 1
    var frame_builder = Frame.builder(allocator);
                        ~~~~~^~~~~~~~
src/evm/frame/frame.zig:436:5: note: function declared here
pub fn builder() FrameBuilder {
~~~~^~~~~~~~~~~~~~~~~~~~~~~~~
test/evm/opcodes/storage_test.zig:1008:30: error: expected 0 argument(s), found 1
    var frame_builder = Frame.builder(allocator);
                        ~~~~~^~~~~~~~
src/evm/frame/frame.zig:436:5: note: function declared here
pub fn builder() FrameBuilder {
~~~~^~~~~~~~~~~~~~~~~~~~~~~~~
test/evm/opcodes/swap1_swap16_comprehensive_test.zig:47:30: error: expected 0 argument(s), found 1
    var frame_builder = Frame.builder(allocator);
                        ~~~~~^~~~~~~~
src/evm/frame/frame.zig:436:5: note: function declared here
pub fn builder() FrameBuilder {
~~~~^~~~~~~~~~~~~~~~~~~~~~~~~
test/evm/opcodes/swap1_swap16_comprehensive_test.zig:110:30: error: expected 0 argument(s), found 1
    var frame_builder = Frame.builder(allocator);
                        ~~~~~^~~~~~~~
src/evm/frame/frame.zig:436:5: note: function declared here
pub fn builder() FrameBuilder {
~~~~^~~~~~~~~~~~~~~~~~~~~~~~~
test/evm/opcodes/swap1_swap16_comprehensive_test.zig:165:30: error: expected 0 argument(s), found 1
    var frame_builder = Frame.builder(allocator);
                        ~~~~~^~~~~~~~
src/evm/frame/frame.zig:436:5: note: function declared here
pub fn builder() FrameBuilder {
~~~~^~~~~~~~~~~~~~~~~~~~~~~~~
test/evm/opcodes/swap1_swap16_comprehensive_test.zig:244:30: error: expected 0 argument(s), found 1
    var frame_builder = Frame.builder(allocator);
                        ~~~~~^~~~~~~~
src/evm/frame/frame.zig:436:5: note: function declared here
pub fn builder() FrameBuilder {
~~~~^~~~~~~~~~~~~~~~~~~~~~~~~
test/evm/opcodes/swap1_swap16_comprehensive_test.zig:316:30: error: expected 0 argument(s), found 1
    var frame_builder = Frame.builder(allocator);
                        ~~~~~^~~~~~~~
src/evm/frame/frame.zig:436:5: note: function declared here
pub fn builder() FrameBuilder {
~~~~^~~~~~~~~~~~~~~~~~~~~~~~~
test/evm/opcodes/swap1_swap16_comprehensive_test.zig:393:30: error: expected 0 argument(s), found 1
    var frame_builder = Frame.builder(allocator);
                        ~~~~~^~~~~~~~
src/evm/frame/frame.zig:436:5: note: function declared here
pub fn builder() FrameBuilder {
~~~~^~~~~~~~~~~~~~~~~~~~~~~~~
test/evm/opcodes/swap1_swap16_comprehensive_test.zig:456:30: error: expected 0 argument(s), found 1
    var frame_builder = Frame.builder(allocator);
                        ~~~~~^~~~~~~~
src/evm/frame/frame.zig:436:5: note: function declared here
pub fn builder() FrameBuilder {
~~~~^~~~~~~~~~~~~~~~~~~~~~~~~
test/evm/opcodes/swap1_swap16_comprehensive_test.zig:521:30: error: expected 0 argument(s), found 1
    var frame_builder = Frame.builder(allocator);
                        ~~~~~^~~~~~~~
src/evm/frame/frame.zig:436:5: note: function declared here
pub fn builder() FrameBuilder {
~~~~^~~~~~~~~~~~~~~~~~~~~~~~~
test/evm/opcodes/swap1_swap16_comprehensive_test.zig:606:30: error: expected 0 argument(s), found 1
    var frame_builder = Frame.builder(allocator);
                        ~~~~~^~~~~~~~
src/evm/frame/frame.zig:436:5: note: function declared here
pub fn builder() FrameBuilder {
~~~~^~~~~~~~~~~~~~~~~~~~~~~~~
test/evm/opcodes/swap1_swap16_comprehensive_test.zig:676:30: error: expected 0 argument(s), found 1
    var frame_builder = Frame.builder(allocator);
                        ~~~~~^~~~~~~~
src/evm/frame/frame.zig:436:5: note: function declared here
pub fn builder() FrameBuilder {
~~~~^~~~~~~~~~~~~~~~~~~~~~~~~
test/evm/opcodes/swap1_swap16_comprehensive_test.zig:755:30: error: expected 0 argument(s), found 1
    var frame_builder = Frame.builder(allocator);
                        ~~~~~^~~~~~~~
src/evm/frame/frame.zig:436:5: note: function declared here
pub fn builder() FrameBuilder {
~~~~^~~~~~~~~~~~~~~~~~~~~~~~~
test/evm/opcodes/swap1_swap16_comprehensive_test.zig:825:30: error: expected 0 argument(s), found 1
    var frame_builder = Frame.builder(allocator);
                        ~~~~~^~~~~~~~
src/evm/frame/frame.zig:436:5: note: function declared here
pub fn builder() FrameBuilder {
~~~~^~~~~~~~~~~~~~~~~~~~~~~~~
test/evm/opcodes/system_test.zig:45:30: error: expected 0 argument(s), found 1
    var frame_builder = Frame.builder(allocator);
                        ~~~~~^~~~~~~~
src/evm/frame/frame.zig:436:5: note: function declared here
pub fn builder() FrameBuilder {
~~~~^~~~~~~~~~~~~~~~~~~~~~~~~
test/evm/opcodes/system_test.zig:108:30: error: expected 0 argument(s), found 1
    var frame_builder = Frame.builder(allocator);
                        ~~~~~^~~~~~~~
src/evm/frame/frame.zig:436:5: note: function declared here
pub fn builder() FrameBuilder {
~~~~^~~~~~~~~~~~~~~~~~~~~~~~~
test/evm/opcodes/system_test.zig:161:30: error: expected 0 argument(s), found 1
    var frame_builder = Frame.builder(allocator);
                        ~~~~~^~~~~~~~
src/evm/frame/frame.zig:436:5: note: function declared here
pub fn builder() FrameBuilder {
~~~~^~~~~~~~~~~~~~~~~~~~~~~~~
test/evm/opcodes/system_test.zig:212:30: error: expected 0 argument(s), found 1
    var frame_builder = Frame.builder(allocator);
                        ~~~~~^~~~~~~~
src/evm/frame/frame.zig:436:5: note: function declared here
pub fn builder() FrameBuilder {
~~~~^~~~~~~~~~~~~~~~~~~~~~~~~
test/evm/opcodes/system_test.zig:268:30: error: expected 0 argument(s), found 1
    var frame_builder = Frame.builder(allocator);
                        ~~~~~^~~~~~~~
src/evm/frame/frame.zig:436:5: note: function declared here
pub fn builder() FrameBuilder {
~~~~^~~~~~~~~~~~~~~~~~~~~~~~~
test/evm/opcodes/system_test.zig:333:30: error: expected 0 argument(s), found 1
    var frame_builder = Frame.builder(allocator);
                        ~~~~~^~~~~~~~
src/evm/frame/frame.zig:436:5: note: function declared here
pub fn builder() FrameBuilder {
~~~~^~~~~~~~~~~~~~~~~~~~~~~~~
test/evm/opcodes/system_test.zig:403:30: error: expected 0 argument(s), found 1
    var frame_builder = Frame.builder(allocator);
                        ~~~~~^~~~~~~~
src/evm/frame/frame.zig:436:5: note: function declared here
pub fn builder() FrameBuilder {
~~~~^~~~~~~~~~~~~~~~~~~~~~~~~
test/evm/opcodes/system_test.zig:463:30: error: expected 0 argument(s), found 1
    var frame_builder = Frame.builder(allocator);
                        ~~~~~^~~~~~~~
src/evm/frame/frame.zig:436:5: note: function declared here
pub fn builder() FrameBuilder {
~~~~^~~~~~~~~~~~~~~~~~~~~~~~~
test/evm/opcodes/system_test.zig:527:30: error: expected 0 argument(s), found 1
    var frame_builder = Frame.builder(allocator);
                        ~~~~~^~~~~~~~
src/evm/frame/frame.zig:436:5: note: function declared here
pub fn builder() FrameBuilder {
~~~~^~~~~~~~~~~~~~~~~~~~~~~~~
test/evm/opcodes/system_test.zig:584:30: error: expected 0 argument(s), found 1
    var frame_builder = Frame.builder(allocator);
                        ~~~~~^~~~~~~~
src/evm/frame/frame.zig:436:5: note: function declared here
pub fn builder() FrameBuilder {
~~~~^~~~~~~~~~~~~~~~~~~~~~~~~
test/evm/opcodes/system_test.zig:647:30: error: expected 0 argument(s), found 1
    var frame_builder = Frame.builder(allocator);
                        ~~~~~^~~~~~~~
src/evm/frame/frame.zig:436:5: note: function declared here
pub fn builder() FrameBuilder {
~~~~^~~~~~~~~~~~~~~~~~~~~~~~~
test/evm/opcodes/system_test.zig:710:30: error: expected 0 argument(s), found 1
    var frame_builder = Frame.builder(allocator);
                        ~~~~~^~~~~~~~
src/evm/frame/frame.zig:436:5: note: function declared here
pub fn builder() FrameBuilder {
~~~~^~~~~~~~~~~~~~~~~~~~~~~~~
test/evm/opcodes/system_test.zig:771:30: error: expected 0 argument(s), found 1
    var frame_builder = Frame.builder(allocator);
                        ~~~~~^~~~~~~~
src/evm/frame/frame.zig:436:5: note: function declared here
pub fn builder() FrameBuilder {
~~~~^~~~~~~~~~~~~~~~~~~~~~~~~
test/evm/opcodes/system_test.zig:833:30: error: expected 0 argument(s), found 1
    var frame_builder = Frame.builder(allocator);
                        ~~~~~^~~~~~~~
src/evm/frame/frame.zig:436:5: note: function declared here
pub fn builder() FrameBuilder {
~~~~^~~~~~~~~~~~~~~~~~~~~~~~~
test/evm/opcodes/system_test.zig:897:30: error: expected 0 argument(s), found 1
    var frame_builder = Frame.builder(allocator);
                        ~~~~~^~~~~~~~
src/evm/frame/frame.zig:436:5: note: function declared here
pub fn builder() FrameBuilder {
~~~~^~~~~~~~~~~~~~~~~~~~~~~~~
test/evm/opcodes/system_test.zig:946:30: error: expected 0 argument(s), found 1
    var frame_builder = Frame.builder(allocator);
                        ~~~~~^~~~~~~~
src/evm/frame/frame.zig:436:5: note: function declared here
pub fn builder() FrameBuilder {
~~~~^~~~~~~~~~~~~~~~~~~~~~~~~
test/evm/opcodes/system_test.zig:1000:30: error: expected 0 argument(s), found 1
    var frame_builder = Frame.builder(allocator);
                        ~~~~~^~~~~~~~
src/evm/frame/frame.zig:436:5: note: function declared here
pub fn builder() FrameBuilder {
~~~~^~~~~~~~~~~~~~~~~~~~~~~~~
test/evm/opcodes/system_test.zig:1065:30: error: expected 0 argument(s), found 1
    var frame_builder = Frame.builder(allocator);
                        ~~~~~^~~~~~~~
src/evm/frame/frame.zig:436:5: note: function declared here
pub fn builder() FrameBuilder {
~~~~^~~~~~~~~~~~~~~~~~~~~~~~~
test/evm/opcodes/system_test.zig:1115:30: error: expected 0 argument(s), found 1
    var frame_builder = Frame.builder(allocator);
                        ~~~~~^~~~~~~~
src/evm/frame/frame.zig:436:5: note: function declared here
pub fn builder() FrameBuilder {
~~~~^~~~~~~~~~~~~~~~~~~~~~~~~
test/evm/opcodes/system_test.zig:1179:30: error: expected 0 argument(s), found 1
    var frame_builder = Frame.builder(allocator);
                        ~~~~~^~~~~~~~
src/evm/frame/frame.zig:436:5: note: function declared here
pub fn builder() FrameBuilder {
~~~~^~~~~~~~~~~~~~~~~~~~~~~~~
test/evm/opcodes/transient_mcopy_push_comprehensive_test.zig:41:30: error: expected 0 argument(s), found 1
    var frame_builder = Frame.builder(allocator);
                        ~~~~~^~~~~~~~
src/evm/frame/frame.zig:436:5: note: function declared here
pub fn builder() FrameBuilder {
~~~~^~~~~~~~~~~~~~~~~~~~~~~~~
test/evm/opcodes/transient_mcopy_push_comprehensive_test.zig:116:30: error: expected 0 argument(s), found 1
    var frame_builder = Frame.builder(allocator);
                        ~~~~~^~~~~~~~
src/evm/frame/frame.zig:436:5: note: function declared here
pub fn builder() FrameBuilder {
~~~~^~~~~~~~~~~~~~~~~~~~~~~~~
test/evm/opcodes/transient_mcopy_push_comprehensive_test.zig:195:30: error: expected 0 argument(s), found 1
    var frame_builder = Frame.builder(allocator);
                        ~~~~~^~~~~~~~
src/evm/frame/frame.zig:436:5: note: function declared here
pub fn builder() FrameBuilder {
~~~~^~~~~~~~~~~~~~~~~~~~~~~~~
test/evm/opcodes/transient_mcopy_push_comprehensive_test.zig:296:30: error: expected 0 argument(s), found 1
    var frame_builder = Frame.builder(allocator);
                        ~~~~~^~~~~~~~
src/evm/frame/frame.zig:436:5: note: function declared here
pub fn builder() FrameBuilder {
~~~~^~~~~~~~~~~~~~~~~~~~~~~~~
test/evm/opcodes/transient_mcopy_push_comprehensive_test.zig:371:30: error: expected 0 argument(s), found 1
    var frame_builder = Frame.builder(allocator);
                        ~~~~~^~~~~~~~
src/evm/frame/frame.zig:436:5: note: function declared here
pub fn builder() FrameBuilder {
~~~~^~~~~~~~~~~~~~~~~~~~~~~~~
test/evm/opcodes/transient_mcopy_push_comprehensive_test.zig:431:30: error: expected 0 argument(s), found 1
    var frame_builder = Frame.builder(allocator);
                        ~~~~~^~~~~~~~
src/evm/frame/frame.zig:436:5: note: function declared here
pub fn builder() FrameBuilder {
~~~~^~~~~~~~~~~~~~~~~~~~~~~~~
test/evm/opcodes/transient_mcopy_push_comprehensive_test.zig:490:30: error: expected 0 argument(s), found 1
    var frame_builder = Frame.builder(allocator);
                        ~~~~~^~~~~~~~
src/evm/frame/frame.zig:436:5: note: function declared here
pub fn builder() FrameBuilder {
~~~~^~~~~~~~~~~~~~~~~~~~~~~~~
test/evm/opcodes/transient_mcopy_push_comprehensive_test.zig:547:30: error: expected 0 argument(s), found 1
    var frame_builder = Frame.builder(allocator);
                        ~~~~~^~~~~~~~
src/evm/frame/frame.zig:436:5: note: function declared here
pub fn builder() FrameBuilder {
~~~~^~~~~~~~~~~~~~~~~~~~~~~~~
test/evm/opcodes/transient_mcopy_push_comprehensive_test.zig:643:30: error: expected 0 argument(s), found 1
    var frame_builder = Frame.builder(allocator);
                        ~~~~~^~~~~~~~
src/evm/frame/frame.zig:436:5: note: function declared here
pub fn builder() FrameBuilder {
~~~~^~~~~~~~~~~~~~~~~~~~~~~~~
test/evm/opcodes/transient_mcopy_push_comprehensive_test.zig:702:31: error: expected 0 argument(s), found 1
    var frame_builder1 = Frame.builder(allocator);
                         ~~~~~^~~~~~~~
src/evm/frame/frame.zig:436:5: note: function declared here
pub fn builder() FrameBuilder {
~~~~^~~~~~~~~~~~~~~~~~~~~~~~~
test/evm/opcodes/transient_mcopy_push_comprehensive_test.zig:768:30: error: expected 0 argument(s), found 1
    var frame_builder = Frame.builder(allocator);
                        ~~~~~^~~~~~~~
src/evm/frame/frame.zig:436:5: note: function declared here
pub fn builder() FrameBuilder {
~~~~^~~~~~~~~~~~~~~~~~~~~~~~~
error: the following command failed with 450 compilation errors:
/opt/homebrew/Cellar/zig/0.14.1/bin/zig test -fsingle-threaded -fno-stack-check -ODebug --dep primitives --dep evm -Mroot=/Users/williamcory/guillotine-0/test/evm/opcodes/opcodes_test.zig /Users/williamcory/guillotine-0/.zig-cache/o/0eba1ebe1c29ae3155defb324dc52805/libc_kzg_4844.a -ODebug -I /Users/williamcory/guillotine-0/.zig-cache/o/efaed383166e26499e4003483132aafb -Mprimitives=/Users/williamcory/guillotine-0/src/primitives/root.zig /Users/williamcory/guillotine-0/.zig-cache/o/745003cd7e26c66c3b64f2e464dccbeb/libbn254_wrapper.a /Users/williamcory/guillotine-0/.zig-cache/o/0eba1ebe1c29ae3155defb324dc52805/libc_kzg_4844.a -ODebug -I /Users/williamcory/guillotine-0/.zig-cache/o/efaed383166e26499e4003483132aafb -I /Users/williamcory/guillotine-0/src/bn254_wrapper -I /Users/williamcory/guillotine-0/.zig-cache/o/efaed383166e26499e4003483132aafb --dep primitives --dep crypto --dep build_options -Mevm=/Users/williamcory/guillotine-0/src/evm/root.zig -ODebug --dep primitives -Mcrypto=/Users/williamcory/guillotine-0/src/crypto/root.zig -Mbuild_options=/Users/williamcory/guillotine-0/.zig-cache/c/51dd772c2c10a848db74cbe63611df28/options.zig /Users/williamcory/guillotine-0/.zig-cache/o/ba00a8d65708ffe3b9043139228dc76f/libblst.a -framework Security -framework CoreFoundation -lc --cache-dir /Users/williamcory/guillotine-0/.zig-cache --global-cache-dir /Users/williamcory/.cache/zig --name opcodes-test --zig-lib-dir /opt/homebrew/Cellar/zig/0.14.1/lib/zig/ --listen=- 
test
+- run devtool-test
   +- zig test devtool-test Debug native 2 errors
src/devtool/debug_state.zig:316:17: error: member function expected 1 argument(s), found 0
    defer memory.deinit();
          ~~~~~~^~~~~~~
src/evm/memory/memory.zig:77:5: note: function declared here
pub fn deinit(self: *Memory, allocator: std.mem.Allocator) void {
~~~~^~~~~~~~~~~~~~~~~~~~~~~~~~~~~~~~~~~~~~~~~~~~~~~~~~~~~~~~~~~
referenced by:
    debug_state: src/devtool/evm.zig:10:29
    serializeEvmState: src/devtool/evm.zig:193:33
    1 reference(s) hidden; use '-freference-trace=3' to see all references
src/devtool/debug_state.zig:415:23: error: member function expected 1 argument(s), found 0
    defer empty_memory.deinit();
          ~~~~~~~~~~~~^~~~~~~
src/evm/memory/memory.zig:77:5: note: function declared here
pub fn deinit(self: *Memory, allocator: std.mem.Allocator) void {
~~~~^~~~~~~~~~~~~~~~~~~~~~~~~~~~~~~~~~~~~~~~~~~~~~~~~~~~~~~~~~~
error: the following command failed with 2 compilation errors:
/opt/homebrew/Cellar/zig/0.14.1/bin/zig test -ODebug --dep evm --dep primitives -Mroot=/Users/williamcory/guillotine-0/src/devtool/evm.zig /Users/williamcory/guillotine-0/.zig-cache/o/745003cd7e26c66c3b64f2e464dccbeb/libbn254_wrapper.a /Users/williamcory/guillotine-0/.zig-cache/o/0eba1ebe1c29ae3155defb324dc52805/libc_kzg_4844.a -ODebug -I /Users/williamcory/guillotine-0/.zig-cache/o/efaed383166e26499e4003483132aafb -I /Users/williamcory/guillotine-0/src/bn254_wrapper -I /Users/williamcory/guillotine-0/.zig-cache/o/efaed383166e26499e4003483132aafb --dep primitives --dep crypto --dep build_options -Mevm=/Users/williamcory/guillotine-0/src/evm/root.zig /Users/williamcory/guillotine-0/.zig-cache/o/0eba1ebe1c29ae3155defb324dc52805/libc_kzg_4844.a -ODebug -I /Users/williamcory/guillotine-0/.zig-cache/o/efaed383166e26499e4003483132aafb -Mprimitives=/Users/williamcory/guillotine-0/src/primitives/root.zig -ODebug --dep primitives -Mcrypto=/Users/williamcory/guillotine-0/src/crypto/root.zig -Mbuild_options=/Users/williamcory/guillotine-0/.zig-cache/c/51dd772c2c10a848db74cbe63611df28/options.zig /Users/williamcory/guillotine-0/.zig-cache/o/ba00a8d65708ffe3b9043139228dc76f/libblst.a -framework Security -framework CoreFoundation -lc --cache-dir /Users/williamcory/guillotine-0/.zig-cache --global-cache-dir /Users/williamcory/.cache/zig --name devtool-test --zig-lib-dir /opt/homebrew/Cellar/zig/0.14.1/lib/zig/ --listen=- 
test
+- run memory-test
   +- zig test memory-test Debug native 9 errors
test/evm/memory_test.zig:14:14: error: member function expected 1 argument(s), found 0
    defer mem.deinit();
          ~~~^~~~~~~
src/evm/memory/memory.zig:77:5: note: function declared here
pub fn deinit(self: *Memory, allocator: std.mem.Allocator) void {
~~~~^~~~~~~~~~~~~~~~~~~~~~~~~~~~~~~~~~~~~~~~~~~~~~~~~~~~~~~~~~~
test/evm/memory_test.zig:33:14: error: member function expected 1 argument(s), found 0
    defer mem.deinit();
          ~~~^~~~~~~
src/evm/memory/memory.zig:77:5: note: function declared here
pub fn deinit(self: *Memory, allocator: std.mem.Allocator) void {
~~~~^~~~~~~~~~~~~~~~~~~~~~~~~~~~~~~~~~~~~~~~~~~~~~~~~~~~~~~~~~~
test/evm/memory_test.zig:49:14: error: member function expected 1 argument(s), found 0
    defer mem.deinit();
          ~~~^~~~~~~
src/evm/memory/memory.zig:77:5: note: function declared here
pub fn deinit(self: *Memory, allocator: std.mem.Allocator) void {
~~~~^~~~~~~~~~~~~~~~~~~~~~~~~~~~~~~~~~~~~~~~~~~~~~~~~~~~~~~~~~~
test/evm/memory_test.zig:73:14: error: member function expected 1 argument(s), found 0
    defer mem.deinit();
          ~~~^~~~~~~
src/evm/memory/memory.zig:77:5: note: function declared here
pub fn deinit(self: *Memory, allocator: std.mem.Allocator) void {
~~~~^~~~~~~~~~~~~~~~~~~~~~~~~~~~~~~~~~~~~~~~~~~~~~~~~~~~~~~~~~~
test/evm/memory_test.zig:83:14: error: member function expected 1 argument(s), found 0
    defer mem.deinit();
          ~~~^~~~~~~
src/evm/memory/memory.zig:77:5: note: function declared here
pub fn deinit(self: *Memory, allocator: std.mem.Allocator) void {
~~~~^~~~~~~~~~~~~~~~~~~~~~~~~~~~~~~~~~~~~~~~~~~~~~~~~~~~~~~~~~~
test/evm/memory_test.zig:102:14: error: member function expected 1 argument(s), found 0
    defer mem.deinit();
          ~~~^~~~~~~
src/evm/memory/memory.zig:77:5: note: function declared here
pub fn deinit(self: *Memory, allocator: std.mem.Allocator) void {
~~~~^~~~~~~~~~~~~~~~~~~~~~~~~~~~~~~~~~~~~~~~~~~~~~~~~~~~~~~~~~~
test/evm/memory_test.zig:130:14: error: member function expected 1 argument(s), found 0
    defer mem.deinit();
          ~~~^~~~~~~
src/evm/memory/memory.zig:77:5: note: function declared here
pub fn deinit(self: *Memory, allocator: std.mem.Allocator) void {
~~~~^~~~~~~~~~~~~~~~~~~~~~~~~~~~~~~~~~~~~~~~~~~~~~~~~~~~~~~~~~~
test/evm/memory_test.zig:147:14: error: member function expected 1 argument(s), found 0
    defer mem.deinit();
          ~~~^~~~~~~
src/evm/memory/memory.zig:77:5: note: function declared here
pub fn deinit(self: *Memory, allocator: std.mem.Allocator) void {
~~~~^~~~~~~~~~~~~~~~~~~~~~~~~~~~~~~~~~~~~~~~~~~~~~~~~~~~~~~~~~~
test/evm/memory_test.zig:162:19: error: member function expected 1 argument(s), found 0
    defer root_mem.deinit();
          ~~~~~~~~^~~~~~~
src/evm/memory/memory.zig:77:5: note: function declared here
pub fn deinit(self: *Memory, allocator: std.mem.Allocator) void {
~~~~^~~~~~~~~~~~~~~~~~~~~~~~~~~~~~~~~~~~~~~~~~~~~~~~~~~~~~~~~~~
error: the following command failed with 9 compilation errors:
/opt/homebrew/Cellar/zig/0.14.1/bin/zig test -ODebug --dep evm --dep primitives -Mroot=/Users/williamcory/guillotine-0/test/evm/memory_test.zig /Users/williamcory/guillotine-0/.zig-cache/o/745003cd7e26c66c3b64f2e464dccbeb/libbn254_wrapper.a /Users/williamcory/guillotine-0/.zig-cache/o/0eba1ebe1c29ae3155defb324dc52805/libc_kzg_4844.a -ODebug -I /Users/williamcory/guillotine-0/.zig-cache/o/efaed383166e26499e4003483132aafb -I /Users/williamcory/guillotine-0/src/bn254_wrapper -I /Users/williamcory/guillotine-0/.zig-cache/o/efaed383166e26499e4003483132aafb --dep primitives --dep crypto --dep build_options -Mevm=/Users/williamcory/guillotine-0/src/evm/root.zig /Users/williamcory/guillotine-0/.zig-cache/o/0eba1ebe1c29ae3155defb324dc52805/libc_kzg_4844.a -ODebug -I /Users/williamcory/guillotine-0/.zig-cache/o/efaed383166e26499e4003483132aafb -Mprimitives=/Users/williamcory/guillotine-0/src/primitives/root.zig -ODebug --dep primitives -Mcrypto=/Users/williamcory/guillotine-0/src/crypto/root.zig -Mbuild_options=/Users/williamcory/guillotine-0/.zig-cache/c/51dd772c2c10a848db74cbe63611df28/options.zig /Users/williamcory/guillotine-0/.zig-cache/o/ba00a8d65708ffe3b9043139228dc76f/libblst.a -framework Security -framework CoreFoundation -lc --cache-dir /Users/williamcory/guillotine-0/.zig-cache --global-cache-dir /Users/williamcory/.cache/zig --name memory-test --zig-lib-dir /opt/homebrew/Cellar/zig/0.14.1/lib/zig/ --listen=- 
Build Summary: 38/71 steps succeeded; 16 failed; 100/100 tests passed
test transitive failure
+- run test transitive failure
|  +- zig test Debug native 1 errors
+- run memory-test transitive failure
|  +- zig test memory-test Debug native 9 errors
+- run opcodes-test transitive failure
|  +- zig test opcodes-test Debug native 450 errors
+- run vm-opcode-test transitive failure
|  +- zig test vm-opcode-test Debug native 1 errors
+- run integration-test transitive failure
|  +- zig test integration-test Debug native 47 errors
+- run static-protection-test transitive failure
|  +- zig test static-protection-test Debug native 2 errors
+- run e2e-simple-test transitive failure
|  +- zig test e2e-simple-test Debug native 6 errors
+- run e2e-error-test transitive failure
|  +- zig test e2e-error-test Debug native 7 errors
+- run e2e-data-test transitive failure
|  +- zig test e2e-data-test Debug native 6 errors
+- run e2e-inheritance-test transitive failure
|  +- zig test e2e-inheritance-test Debug native 4 errors
+- run constructor-bug-test transitive failure
|  +- zig test constructor-bug-test Debug native 2 errors
+- run solidity-constructor-test transitive failure
|  +- zig test solidity-constructor-test Debug native 2 errors
+- run return-opcode-bug-test transitive failure
|  +- zig test return-opcode-bug-test Debug native 1 errors
+- run contract-call-test transitive failure
|  +- zig test contract-call-test Debug native 10 errors
+- run delegatecall-test transitive failure
|  +- zig test delegatecall-test Debug native 3 errors
+- run devtool-test transitive failure
   +- zig test devtool-test Debug native 2 errors
error: the following build command failed with exit code 1:
/Users/williamcory/guillotine-0/.zig-cache/o/e5ab5b22e41797fce8f2113b1f0be231/build /opt/homebrew/Cellar/zig/0.14.1/bin/zig /opt/homebrew/Cellar/zig/0.14.1/lib/zig /Users/williamcory/guillotine-0 /Users/williamcory/guillotine-0/.zig-cache /Users/williamcory/.cache/zig --seed 0x3c729bd7 -Z78373c8ff8e819d4 test
